=== sqlledger Scale Benchmark 运行日志 ===
开始时间: Mon Mar 23 01:00:15 PM CST 2026
脚本目录: /pcissd/cxy_test/vidb_project/LedgerDatabase/exps
========================================

[2026-03-23 13:00:15] [INFO] 运行默认测试模式...
[2026-03-23 13:00:15] [WARNING] 清理旧数据库数据...
[2026-03-23 13:00:15] [INFO] 启动基准测试...
=== 基准测试输出开始 ===
Benchmark Configuration:
  Write Batch Size: 10000 records
  Read Batch Size:  10000 records
  Key Length:       32 bytes
  Value Length:     512 bytes
  Database Directory: /pcissd/cxy_test/vidb_project/LedgerDatabase/exps/data/
  Result Directory:  /pcissd/cxy_test/vidb_project/LedgerDatabase/exps/results_sqlledger/
  Result File:       /pcissd/cxy_test/vidb_project/LedgerDatabase/exps/results_sqlledger/scaleBenchmark_20260323_130015.csv

initialize database .../pcissd/cxy_test/vidb_project/LedgerDatabase/exps/data/
initialized database
====================== Test Configuration =====================
Write Batch Size: 10000 records
Read Batch Size:  10000 records
Key Length:       32 bytes
Value Length:     512 bytes
Test Scales:      1000 → 10000 → 100000 → 1000000 → 10000000 → 100000000 → 1000000000
===============================================================

========== Starting Scale Benchmark ==========

========== Testing at data scale: 1,000 ==========
Writing 1000 incremental records (keys: 1-1000, total: 1000)
tip block: 0----0
Test Results: 
  Total Disk Usage: 1.85 MB
  Average Per Record: 1923.45 bytes
[test batch write] generate key value
[test batch write] write data
[test batch write] flush
tip block: 0----1
  Write Throughput: 8333.91 records/sec
  Read Throughput:  155628.64 records/sec
  Current Memory:   49.86 MB
  Peak Memory:      52.70 MB
  Memory Per Record: 52281.34 bytes

========== Testing at data scale: 10,000 ==========
Writing 9000 incremental records (keys: 1001-10000, total: 10000)
tip block: 1----2
Test Results: 
  Total Disk Usage: 31.66 MB
  Average Per Record: 3317.68 bytes
[test batch write] generate key value
[test batch write] write data
[test batch write] flush
tip block: 2----3
  Write Throughput: 7914.53 records/sec
  Read Throughput:  121739.23 records/sec
  Current Memory:   75.56 MB
  Peak Memory:      84.92 MB
  Memory Per Record: 7922.89 bytes

========== Testing at data scale: 100,000 ==========
Writing 90000 incremental records (keys: 10001-100000, total: 100000)
write base data version: 100, memory: 218107904 bytes (208.00 MB)
tip block: 5----7
Test Results: 
  Total Disk Usage: 217.39 MB
  Average Per Record: 2279.27 bytes
[test batch write] generate key value
[test batch write] write data
[test batch write] flush
tip block: 8----8
  Write Throughput: 21743.07 records/sec
  Read Throughput:  85486.39 records/sec
  Current Memory:   245.11 MB
  Peak Memory:      279.77 MB
  Memory Per Record: 2570.16 bytes

========== Testing at data scale: 1,000,000 ==========
Writing 900000 incremental records (keys: 100001-1000000, total: 1000000)
write base data version: 200, memory: 413265920 bytes (394.12 MB)
write base data version: 300, memory: 557633536 bytes (531.80 MB)
write base data version: 400, memory: 193556480 bytes (184.59 MB)
write base data version: 500, memory: 332750848 bytes (317.34 MB)
write base data version: 600, memory: 475951104 bytes (453.90 MB)
write base data version: 700, memory: 617279488 bytes (588.68 MB)
write base data version: 800, memory: 263172096 bytes (250.98 MB)
write base data version: 900, memory: 401862656 bytes (383.25 MB)
write base data version: 1000, memory: 544526336 bytes (519.30 MB)
tip block: 31----32
Test Results: 
  Total Disk Usage: 1836.47 MB
  Average Per Record: 1925.66 bytes
[test batch write] generate key value
[test batch write] write data
[test batch write] flush
tip block: 32----32
  Write Throughput: 18191.44 records/sec
  Read Throughput:  61056.91 records/sec
  Current Memory:   664.17 MB
  Peak Memory:      680.67 MB
  Memory Per Record: 696.43 bytes

========== Testing at data scale: 10,000,000 ==========
Writing 9000000 incremental records (keys: 1000001-10000000, total: 10000000)
write base data version: 1100, memory: 317689856 bytes (302.97 MB)
write base data version: 1200, memory: 456912896 bytes (435.75 MB)
write base data version: 1300, memory: 597757952 bytes (570.07 MB)
write base data version: 1400, memory: 739954688 bytes (705.68 MB)
write base data version: 1500, memory: 382193664 bytes (364.49 MB)
write base data version: 1600, memory: 535261184 bytes (510.46 MB)
write base data version: 1700, memory: 664522752 bytes (633.74 MB)
write base data version: 1800, memory: 818233344 bytes (780.33 MB)
write base data version: 1900, memory: 441470976 bytes (421.02 MB)
write base data version: 2000, memory: 583475200 bytes (556.45 MB)
write base data version: 2100, memory: 725790720 bytes (692.17 MB)
write base data version: 2200, memory: 359940096 bytes (343.27 MB)
write base data version: 2300, memory: 513875968 bytes (490.07 MB)
write base data version: 2400, memory: 656183296 bytes (625.79 MB)
write base data version: 2500, memory: 803229696 bytes (766.02 MB)
write base data version: 2600, memory: 440377344 bytes (419.98 MB)
write base data version: 2700, memory: 581083136 bytes (554.16 MB)
write base data version: 2800, memory: 721625088 bytes (688.20 MB)
write base data version: 2900, memory: 871993344 bytes (831.60 MB)
write base data version: 3000, memory: 507494400 bytes (483.98 MB)
write base data version: 3100, memory: 659861504 bytes (629.29 MB)
write base data version: 3200, memory: 813928448 bytes (776.22 MB)
write base data version: 3300, memory: 447361024 bytes (426.64 MB)
write base data version: 3400, memory: 588771328 bytes (561.50 MB)
write base data version: 3500, memory: 730279936 bytes (696.45 MB)
write base data version: 3600, memory: 871825408 bytes (831.44 MB)
write base data version: 3700, memory: 507699200 bytes (484.18 MB)
write base data version: 3800, memory: 658038784 bytes (627.55 MB)
write base data version: 3900, memory: 815652864 bytes (777.87 MB)
write base data version: 4000, memory: 966819840 bytes (922.03 MB)
write base data version: 4100, memory: 589451264 bytes (562.14 MB)
write base data version: 4200, memory: 728588288 bytes (694.84 MB)
write base data version: 4300, memory: 870535168 bytes (830.21 MB)
write base data version: 4400, memory: 500051968 bytes (476.89 MB)
write base data version: 4500, memory: 654405632 bytes (624.09 MB)
write base data version: 4600, memory: 804790272 bytes (767.51 MB)
write base data version: 4700, memory: 965922816 bytes (921.18 MB)
write base data version: 4800, memory: 592465920 bytes (565.02 MB)
write base data version: 4900, memory: 733863936 bytes (699.87 MB)
write base data version: 5000, memory: 875388928 bytes (834.84 MB)
write base data version: 5100, memory: 1021943808 bytes (974.60 MB)
write base data version: 5200, memory: 655241216 bytes (624.89 MB)
write base data version: 5300, memory: 807297024 bytes (769.90 MB)
write base data version: 5400, memory: 966815744 bytes (922.03 MB)
write base data version: 5500, memory: 582082560 bytes (555.12 MB)
write base data version: 5600, memory: 723705856 bytes (690.18 MB)
write base data version: 5700, memory: 865234944 bytes (825.15 MB)
write base data version: 5800, memory: 1006989312 bytes (960.34 MB)
write base data version: 5900, memory: 641130496 bytes (611.43 MB)
write base data version: 6000, memory: 791367680 bytes (754.71 MB)
write base data version: 6100, memory: 942133248 bytes (898.49 MB)
write base data version: 6200, memory: 1099157504 bytes (1048.24 MB)
write base data version: 6300, memory: 729800704 bytes (695.99 MB)
write base data version: 6400, memory: 873906176 bytes (833.42 MB)
write base data version: 6500, memory: 1016098816 bytes (969.03 MB)
write base data version: 6600, memory: 651431936 bytes (621.25 MB)
write base data version: 6700, memory: 800858112 bytes (763.76 MB)
write base data version: 6800, memory: 953438208 bytes (909.27 MB)
write base data version: 6900, memory: 1111728128 bytes (1060.23 MB)
write base data version: 7000, memory: 741015552 bytes (706.69 MB)
write base data version: 7100, memory: 887513088 bytes (846.40 MB)
write base data version: 7200, memory: 1029517312 bytes (981.82 MB)
write base data version: 7300, memory: 1164132352 bytes (1110.20 MB)
write base data version: 7400, memory: 808304640 bytes (770.86 MB)
write base data version: 7500, memory: 964591616 bytes (919.91 MB)
write base data version: 7600, memory: 1111699456 bytes (1060.20 MB)
write base data version: 7700, memory: 737460224 bytes (703.30 MB)
write base data version: 7800, memory: 879833088 bytes (839.07 MB)
write base data version: 7900, memory: 1021599744 bytes (974.27 MB)
write base data version: 8000, memory: 1163444224 bytes (1109.55 MB)
write base data version: 8100, memory: 799633408 bytes (762.59 MB)
write base data version: 8200, memory: 949673984 bytes (905.68 MB)
write base data version: 8300, memory: 1091440640 bytes (1040.88 MB)
write base data version: 8400, memory: 1246253056 bytes (1188.52 MB)
write base data version: 8500, memory: 871034880 bytes (830.68 MB)
write base data version: 8600, memory: 1020907520 bytes (973.61 MB)
write base data version: 8700, memory: 1169465344 bytes (1115.29 MB)
write base data version: 8800, memory: 802676736 bytes (765.49 MB)
write base data version: 8900, memory: 956379136 bytes (912.07 MB)
write base data version: 9000, memory: 1097203712 bytes (1046.38 MB)
write base data version: 9100, memory: 1239187456 bytes (1181.78 MB)
write base data version: 9200, memory: 872218624 bytes (831.81 MB)
write base data version: 9300, memory: 1014218752 bytes (967.23 MB)
write base data version: 9400, memory: 1155833856 bytes (1102.29 MB)
write base data version: 9500, memory: 1301241856 bytes (1240.96 MB)
write base data version: 9600, memory: 934768640 bytes (891.46 MB)
write base data version: 9700, memory: 1087766528 bytes (1037.38 MB)
write base data version: 9800, memory: 1244504064 bytes (1186.85 MB)
write base data version: 9900, memory: 877015040 bytes (836.39 MB)
write base data version: 10000, memory: 1027145728 bytes (979.56 MB)
tip block: 304----305
Test Results: 
  Total Disk Usage: 18381.43 MB
  Average Per Record: 1927.43 bytes
[test batch write] generate key value
[test batch write] write data
[test batch write] flush
tip block: 306----306
  Write Throughput: 12431.06 records/sec
  Read Throughput:  36162.55 records/sec
  Current Memory:   1146.14 MB
  Peak Memory:      1287.48 MB
  Memory Per Record: 120.18 bytes

========== Testing at data scale: 100,000,000 ==========
Writing 90000000 incremental records (keys: 10000001-100000000, total: 100000000)
write base data version: 10100, memory: 1338458112 bytes (1276.45 MB)
write base data version: 10200, memory: 961523712 bytes (916.98 MB)
write base data version: 10300, memory: 1116860416 bytes (1065.12 MB)
write base data version: 10400, memory: 1260118016 bytes (1201.74 MB)
write base data version: 10500, memory: 1414950912 bytes (1349.40 MB)
write base data version: 10600, memory: 1061642240 bytes (1012.46 MB)
write base data version: 10700, memory: 1168101376 bytes (1113.99 MB)
write base data version: 10800, memory: 1309138944 bytes (1248.49 MB)
write base data version: 10900, memory: 1454727168 bytes (1387.34 MB)
write base data version: 11000, memory: 1088634880 bytes (1038.20 MB)
write base data version: 11100, memory: 1243549696 bytes (1185.94 MB)
write base data version: 11200, memory: 1396293632 bytes (1331.61 MB)
write base data version: 11300, memory: 1021136896 bytes (973.83 MB)
write base data version: 11400, memory: 1168457728 bytes (1114.33 MB)
write base data version: 11500, memory: 1314168832 bytes (1253.29 MB)
write base data version: 11600, memory: 1455689728 bytes (1388.25 MB)
write base data version: 11700, memory: 1088155648 bytes (1037.75 MB)
write base data version: 11800, memory: 1238630400 bytes (1181.25 MB)
write base data version: 11900, memory: 1398484992 bytes (1333.70 MB)
write base data version: 12000, memory: 1542279168 bytes (1470.83 MB)
write base data version: 12100, memory: 1170018304 bytes (1115.82 MB)
write base data version: 12200, memory: 1313927168 bytes (1253.06 MB)
write base data version: 12300, memory: 1470001152 bytes (1401.90 MB)
write base data version: 12400, memory: 1100988416 bytes (1049.98 MB)
write base data version: 12500, memory: 1253113856 bytes (1195.06 MB)
write base data version: 12600, memory: 1402994688 bytes (1338.00 MB)
write base data version: 12700, memory: 1514827776 bytes (1444.65 MB)
write base data version: 12800, memory: 1147117568 bytes (1093.98 MB)
write base data version: 12900, memory: 1291489280 bytes (1231.66 MB)
write base data version: 13000, memory: 1434767360 bytes (1368.30 MB)
write base data version: 13100, memory: 1583243264 bytes (1509.90 MB)
write base data version: 13200, memory: 1215123456 bytes (1158.83 MB)
write base data version: 13300, memory: 1371586560 bytes (1308.05 MB)
write base data version: 13400, memory: 1489584128 bytes (1420.58 MB)
write base data version: 13500, memory: 1128378368 bytes (1076.11 MB)
write base data version: 13600, memory: 1272107008 bytes (1213.18 MB)
write base data version: 13700, memory: 1427763200 bytes (1361.62 MB)
write base data version: 13800, memory: 1568243712 bytes (1495.59 MB)
write base data version: 13900, memory: 1211207680 bytes (1155.10 MB)
write base data version: 14000, memory: 1361969152 bytes (1298.88 MB)
write base data version: 14100, memory: 1502363648 bytes (1432.77 MB)
write base data version: 14200, memory: 1652879360 bytes (1576.31 MB)
write base data version: 14300, memory: 1283776512 bytes (1224.30 MB)
write base data version: 14400, memory: 1430093824 bytes (1363.84 MB)
write base data version: 14500, memory: 1572188160 bytes (1499.36 MB)
write base data version: 14600, memory: 1204887552 bytes (1149.07 MB)
write base data version: 14700, memory: 1360183296 bytes (1297.17 MB)
write base data version: 14800, memory: 1506525184 bytes (1436.73 MB)
write base data version: 14900, memory: 1649643520 bytes (1573.22 MB)
write base data version: 15000, memory: 1285611520 bytes (1226.05 MB)
write base data version: 15100, memory: 1439772672 bytes (1373.07 MB)
write base data version: 15200, memory: 1580339200 bytes (1507.13 MB)
write base data version: 15300, memory: 1725775872 bytes (1645.83 MB)
write base data version: 15400, memory: 1361727488 bytes (1298.64 MB)
write base data version: 15500, memory: 1516244992 bytes (1446.00 MB)
write base data version: 15600, memory: 1667239936 bytes (1590.00 MB)
write base data version: 15700, memory: 1299877888 bytes (1239.66 MB)
write base data version: 15800, memory: 1441267712 bytes (1374.50 MB)
write base data version: 15900, memory: 1594245120 bytes (1520.39 MB)
write base data version: 16000, memory: 1747972096 bytes (1667.00 MB)
write base data version: 16100, memory: 1379090432 bytes (1315.20 MB)
write base data version: 16200, memory: 1529356288 bytes (1458.51 MB)
write base data version: 16300, memory: 1673752576 bytes (1596.21 MB)
write base data version: 16400, memory: 1832054784 bytes (1747.18 MB)
write base data version: 16500, memory: 1452507136 bytes (1385.22 MB)
write base data version: 16600, memory: 1596309504 bytes (1522.36 MB)
write base data version: 16700, memory: 1743437824 bytes (1662.67 MB)
write base data version: 16800, memory: 1375092736 bytes (1311.39 MB)
write base data version: 16900, memory: 1515200512 bytes (1445.01 MB)
write base data version: 17000, memory: 1636990976 bytes (1561.16 MB)
write base data version: 17100, memory: 1785217024 bytes (1702.52 MB)
write base data version: 17200, memory: 1419034624 bytes (1353.30 MB)
write base data version: 17300, memory: 1567117312 bytes (1494.52 MB)
write base data version: 17400, memory: 1721970688 bytes (1642.20 MB)
write base data version: 17500, memory: 1871835136 bytes (1785.12 MB)
write base data version: 17600, memory: 1499844608 bytes (1430.36 MB)
write base data version: 17700, memory: 1643671552 bytes (1567.53 MB)
write base data version: 17800, memory: 1788272640 bytes (1705.43 MB)
write base data version: 17900, memory: 1408499712 bytes (1343.25 MB)
write base data version: 18000, memory: 1551360000 bytes (1479.49 MB)
write base data version: 18100, memory: 1693384704 bytes (1614.94 MB)
write base data version: 18200, memory: 1833603072 bytes (1748.66 MB)
write base data version: 18300, memory: 1470332928 bytes (1402.22 MB)
write base data version: 18400, memory: 1622614016 bytes (1547.45 MB)
write base data version: 18500, memory: 1776406528 bytes (1694.11 MB)
write base data version: 18600, memory: 1923477504 bytes (1834.37 MB)
write base data version: 18700, memory: 1549295616 bytes (1477.52 MB)
write base data version: 18800, memory: 1707941888 bytes (1628.82 MB)
write base data version: 18900, memory: 1854328832 bytes (1768.43 MB)
write base data version: 19000, memory: 1475121152 bytes (1406.79 MB)
write base data version: 19100, memory: 1605931008 bytes (1531.54 MB)
write base data version: 19200, memory: 1755389952 bytes (1674.07 MB)
write base data version: 19300, memory: 1910231040 bytes (1821.74 MB)
write base data version: 19400, memory: 1532305408 bytes (1461.32 MB)
write base data version: 19500, memory: 1676640256 bytes (1598.97 MB)
write base data version: 19600, memory: 1816236032 bytes (1732.10 MB)
write base data version: 19700, memory: 1962983424 bytes (1872.05 MB)
write base data version: 19800, memory: 1596596224 bytes (1522.63 MB)
write base data version: 19900, memory: 1750372352 bytes (1669.29 MB)
write base data version: 20000, memory: 1904451584 bytes (1816.23 MB)
write base data version: 20100, memory: 1528913920 bytes (1458.09 MB)
write base data version: 20200, memory: 1669636096 bytes (1592.29 MB)
write base data version: 20300, memory: 1810599936 bytes (1726.72 MB)
write base data version: 20400, memory: 1954660352 bytes (1864.11 MB)
write base data version: 20500, memory: 1591480320 bytes (1517.75 MB)
write base data version: 20600, memory: 1741811712 bytes (1661.12 MB)
write base data version: 20700, memory: 1901334528 bytes (1813.25 MB)
write base data version: 20800, memory: 2050035712 bytes (1955.07 MB)
write base data version: 20900, memory: 1677725696 bytes (1600.00 MB)
write base data version: 21000, memory: 1830387712 bytes (1745.59 MB)
write base data version: 21100, memory: 1970913280 bytes (1879.61 MB)
write base data version: 21200, memory: 1600593920 bytes (1526.45 MB)
write base data version: 21300, memory: 1756368896 bytes (1675.00 MB)
write base data version: 21400, memory: 1906405376 bytes (1818.09 MB)
write base data version: 21500, memory: 2059632640 bytes (1964.22 MB)
write base data version: 21600, memory: 1681702912 bytes (1603.80 MB)
write base data version: 21700, memory: 1826254848 bytes (1741.65 MB)
write base data version: 21800, memory: 1966764032 bytes (1875.65 MB)
write base data version: 21900, memory: 2112008192 bytes (2014.17 MB)
write base data version: 22000, memory: 1755688960 bytes (1674.36 MB)
write base data version: 22100, memory: 1895690240 bytes (1807.87 MB)
write base data version: 22200, memory: 2048204800 bytes (1953.32 MB)
write base data version: 22300, memory: 1680293888 bytes (1602.45 MB)
write base data version: 22400, memory: 1823719424 bytes (1739.23 MB)
write base data version: 22500, memory: 1975672832 bytes (1884.15 MB)
write base data version: 22600, memory: 2135904256 bytes (2036.96 MB)
write base data version: 22700, memory: 1762811904 bytes (1681.15 MB)
write base data version: 22800, memory: 1915523072 bytes (1826.79 MB)
write base data version: 22900, memory: 2068824064 bytes (1972.98 MB)
write base data version: 23000, memory: 1708322816 bytes (1629.18 MB)
write base data version: 23100, memory: 1833234432 bytes (1748.31 MB)
write base data version: 23200, memory: 1974960128 bytes (1883.47 MB)
write base data version: 23300, memory: 2115014656 bytes (2017.04 MB)
write base data version: 23400, memory: 1742868480 bytes (1662.13 MB)
write base data version: 23500, memory: 1886580736 bytes (1799.18 MB)
write base data version: 23600, memory: 2027433984 bytes (1933.51 MB)
write base data version: 23700, memory: 2168123392 bytes (2067.68 MB)
write base data version: 23800, memory: 1803550720 bytes (1720.00 MB)
write base data version: 23900, memory: 1962930176 bytes (1872.00 MB)
write base data version: 24000, memory: 2112446464 bytes (2014.59 MB)
write base data version: 24100, memory: 1744519168 bytes (1663.70 MB)
write base data version: 24200, memory: 1887223808 bytes (1799.80 MB)
write base data version: 24300, memory: 2041602048 bytes (1947.02 MB)
write base data version: 24400, memory: 2194137088 bytes (2092.49 MB)
write base data version: 24500, memory: 1822973952 bytes (1738.52 MB)
write base data version: 24600, memory: 1980477440 bytes (1888.73 MB)
write base data version: 24700, memory: 2129154048 bytes (2030.52 MB)
write base data version: 24800, memory: 2278240256 bytes (2172.70 MB)
write base data version: 24900, memory: 1904537600 bytes (1816.31 MB)
write base data version: 25000, memory: 2051969024 bytes (1956.91 MB)
write base data version: 25100, memory: 2193219584 bytes (2091.62 MB)
write base data version: 25200, memory: 1817350144 bytes (1733.16 MB)
write base data version: 25300, memory: 1957482496 bytes (1866.80 MB)
write base data version: 25400, memory: 2079936512 bytes (1983.58 MB)
write base data version: 25500, memory: 2222493696 bytes (2119.54 MB)
write base data version: 25600, memory: 1862438912 bytes (1776.16 MB)
write base data version: 25700, memory: 2019287040 bytes (1925.74 MB)
write base data version: 25800, memory: 2166571008 bytes (2066.20 MB)
write base data version: 25900, memory: 2320240640 bytes (2212.75 MB)
write base data version: 26000, memory: 1954480128 bytes (1863.94 MB)
write base data version: 26100, memory: 2107883520 bytes (2010.23 MB)
write base data version: 26200, memory: 2253733888 bytes (2149.33 MB)
write base data version: 26300, memory: 2398015488 bytes (2286.93 MB)
write base data version: 26400, memory: 2037915648 bytes (1943.51 MB)
write base data version: 26500, memory: 2186035200 bytes (2084.77 MB)
write base data version: 26600, memory: 2330116096 bytes (2222.17 MB)
write base data version: 26700, memory: 1951907840 bytes (1861.48 MB)
write base data version: 26800, memory: 2082213888 bytes (1985.75 MB)
write base data version: 26900, memory: 2233876480 bytes (2130.39 MB)
write base data version: 27000, memory: 2388803584 bytes (2278.14 MB)
write base data version: 27100, memory: 2028564480 bytes (1934.59 MB)
write base data version: 27200, memory: 2177761280 bytes (2076.88 MB)
write base data version: 27300, memory: 2327363584 bytes (2219.55 MB)
write base data version: 27400, memory: 1965281280 bytes (1874.24 MB)
write base data version: 27500, memory: 2135298048 bytes (2036.38 MB)
write base data version: 27600, memory: 2285457408 bytes (2179.58 MB)
write base data version: 27700, memory: 2407305216 bytes (2295.79 MB)
write base data version: 27800, memory: 2056695808 bytes (1961.42 MB)
write base data version: 27900, memory: 2202464256 bytes (2100.43 MB)
write base data version: 28000, memory: 2346266624 bytes (2237.57 MB)
write base data version: 28100, memory: 2496020480 bytes (2380.39 MB)
write base data version: 28200, memory: 2120753152 bytes (2022.51 MB)
write base data version: 28300, memory: 2260844544 bytes (2156.11 MB)
write base data version: 28400, memory: 2407460864 bytes (2295.93 MB)
write base data version: 28500, memory: 2030948352 bytes (1936.86 MB)
write base data version: 28600, memory: 2177716224 bytes (2076.83 MB)
write base data version: 28700, memory: 2319908864 bytes (2212.44 MB)
write base data version: 28800, memory: 2461052928 bytes (2347.04 MB)
write base data version: 28900, memory: 2095038464 bytes (1997.98 MB)
write base data version: 29000, memory: 2245312512 bytes (2141.30 MB)
write base data version: 29100, memory: 2394624000 bytes (2283.69 MB)
write base data version: 29200, memory: 2553544704 bytes (2435.25 MB)
write base data version: 29300, memory: 2187636736 bytes (2086.29 MB)
write base data version: 29400, memory: 2262171648 bytes (2157.38 MB)
write base data version: 29500, memory: 2403454976 bytes (2292.11 MB)
write base data version: 29600, memory: 2044551168 bytes (1949.84 MB)
write base data version: 29700, memory: 2188058624 bytes (2086.70 MB)
write base data version: 29800, memory: 2331402240 bytes (2223.40 MB)
write base data version: 29900, memory: 2475024384 bytes (2360.37 MB)
write base data version: 30000, memory: 2096201728 bytes (1999.09 MB)
write base data version: 30100, memory: 2238582784 bytes (2134.88 MB)
write base data version: 30200, memory: 2347675648 bytes (2238.92 MB)
write base data version: 30300, memory: 2504720384 bytes (2388.69 MB)
write base data version: 30400, memory: 2132402176 bytes (2033.62 MB)
write base data version: 30500, memory: 2271596544 bytes (2166.36 MB)
write base data version: 30600, memory: 2416230400 bytes (2304.30 MB)
write base data version: 30700, memory: 2041360384 bytes (1946.79 MB)
write base data version: 30800, memory: 2184978432 bytes (2083.76 MB)
write base data version: 30900, memory: 2324021248 bytes (2216.36 MB)
write base data version: 31000, memory: 2468679680 bytes (2354.32 MB)
write base data version: 31100, memory: 2092969984 bytes (1996.01 MB)
write base data version: 31200, memory: 2235961344 bytes (2132.38 MB)
write base data version: 31300, memory: 2381426688 bytes (2271.11 MB)
write base data version: 31400, memory: 2538233856 bytes (2420.65 MB)
write base data version: 31500, memory: 2172645376 bytes (2072.00 MB)
write base data version: 31600, memory: 2320834560 bytes (2213.32 MB)
write base data version: 31700, memory: 2472607744 bytes (2358.06 MB)
write base data version: 31800, memory: 2102509568 bytes (2005.11 MB)
write base data version: 31900, memory: 2259701760 bytes (2155.02 MB)
write base data version: 32000, memory: 2411008000 bytes (2299.32 MB)
write base data version: 32100, memory: 2527309824 bytes (2410.23 MB)
write base data version: 32200, memory: 2165964800 bytes (2065.62 MB)
write base data version: 32300, memory: 2320343040 bytes (2212.85 MB)
write base data version: 32400, memory: 2466799616 bytes (2352.52 MB)
write base data version: 32500, memory: 2608611328 bytes (2487.77 MB)
write base data version: 32600, memory: 2237100032 bytes (2133.46 MB)
write base data version: 32700, memory: 2388512768 bytes (2277.86 MB)
write base data version: 32800, memory: 2534551552 bytes (2417.14 MB)
write base data version: 32900, memory: 2197159936 bytes (2095.38 MB)
write base data version: 33000, memory: 2321281024 bytes (2213.75 MB)
write base data version: 33100, memory: 2467082240 bytes (2352.79 MB)
write base data version: 33200, memory: 2617499648 bytes (2496.24 MB)
write base data version: 33300, memory: 2256424960 bytes (2151.89 MB)
write base data version: 33400, memory: 2403168256 bytes (2291.84 MB)
write base data version: 33500, memory: 2561904640 bytes (2443.22 MB)
write base data version: 33600, memory: 2209300480 bytes (2106.95 MB)
write base data version: 33700, memory: 2343477248 bytes (2234.91 MB)
write base data version: 33800, memory: 2502082560 bytes (2386.17 MB)
write base data version: 33900, memory: 2651684864 bytes (2528.84 MB)
write base data version: 34000, memory: 2308775936 bytes (2201.82 MB)
write base data version: 34100, memory: 2452688896 bytes (2339.07 MB)
write base data version: 34200, memory: 2598699008 bytes (2478.31 MB)
write base data version: 34300, memory: 2752573440 bytes (2625.06 MB)
write base data version: 34400, memory: 2414993408 bytes (2303.12 MB)
write base data version: 34500, memory: 2566610944 bytes (2447.71 MB)
write base data version: 34600, memory: 2716852224 bytes (2590.99 MB)
write base data version: 34700, memory: 2373279744 bytes (2263.34 MB)
write base data version: 34800, memory: 2499629056 bytes (2383.83 MB)
write base data version: 34900, memory: 2632548352 bytes (2510.59 MB)
write base data version: 35000, memory: 2780082176 bytes (2651.29 MB)
write base data version: 35100, memory: 2417659904 bytes (2305.66 MB)
write base data version: 35200, memory: 2557939712 bytes (2439.44 MB)
write base data version: 35300, memory: 2707320832 bytes (2581.90 MB)
write base data version: 35400, memory: 2854453248 bytes (2722.22 MB)
write base data version: 35500, memory: 2477621248 bytes (2362.84 MB)
write base data version: 35600, memory: 2634727424 bytes (2512.67 MB)
write base data version: 35700, memory: 2783662080 bytes (2654.71 MB)
write base data version: 35800, memory: 2420158464 bytes (2308.04 MB)
write base data version: 35900, memory: 2569531392 bytes (2450.50 MB)
write base data version: 36000, memory: 2716000256 bytes (2590.18 MB)
write base data version: 36100, memory: 2874634240 bytes (2741.46 MB)
write base data version: 36200, memory: 2507530240 bytes (2391.37 MB)
write base data version: 36300, memory: 2661920768 bytes (2538.61 MB)
write base data version: 36400, memory: 2811682816 bytes (2681.43 MB)
write base data version: 36500, memory: 2966982656 bytes (2829.54 MB)
write base data version: 36600, memory: 2600185856 bytes (2479.73 MB)
write base data version: 36700, memory: 2743922688 bytes (2616.81 MB)
write base data version: 36800, memory: 2869661696 bytes (2736.72 MB)
write base data version: 36900, memory: 2540892160 bytes (2423.18 MB)
write base data version: 37000, memory: 2654830592 bytes (2531.84 MB)
write base data version: 37100, memory: 2795827200 bytes (2666.31 MB)
write base data version: 37200, memory: 2940145664 bytes (2803.94 MB)
write base data version: 37300, memory: 2579673088 bytes (2460.17 MB)
write base data version: 37400, memory: 2730631168 bytes (2604.13 MB)
write base data version: 37500, memory: 2879754240 bytes (2746.35 MB)
write base data version: 37600, memory: 3032047616 bytes (2891.59 MB)
write base data version: 37700, memory: 2666270720 bytes (2542.75 MB)
write base data version: 37800, memory: 2821926912 bytes (2691.20 MB)
write base data version: 37900, memory: 2967470080 bytes (2830.00 MB)
write base data version: 38000, memory: 2618007552 bytes (2496.73 MB)
write base data version: 38100, memory: 2755227648 bytes (2627.59 MB)
write base data version: 38200, memory: 2903896064 bytes (2769.37 MB)
write base data version: 38300, memory: 3057516544 bytes (2915.88 MB)
write base data version: 38400, memory: 2717163520 bytes (2591.29 MB)
write base data version: 38500, memory: 2872360960 bytes (2739.30 MB)
write base data version: 38600, memory: 3034329088 bytes (2893.76 MB)
write base data version: 38700, memory: 2708529152 bytes (2583.05 MB)
write base data version: 38800, memory: 2766036992 bytes (2637.90 MB)
write base data version: 38900, memory: 2908274688 bytes (2773.55 MB)
write base data version: 39000, memory: 3054338048 bytes (2912.84 MB)
write base data version: 39100, memory: 2688434176 bytes (2563.89 MB)
write base data version: 39200, memory: 2840154112 bytes (2708.58 MB)
write base data version: 39300, memory: 2989883392 bytes (2851.38 MB)
write base data version: 39400, memory: 3139739648 bytes (2994.29 MB)
write base data version: 39500, memory: 2787635200 bytes (2658.50 MB)
write base data version: 39600, memory: 2942763008 bytes (2806.44 MB)
write base data version: 39700, memory: 3110117376 bytes (2966.04 MB)
write base data version: 39800, memory: 2778165248 bytes (2649.46 MB)
write base data version: 39900, memory: 2899619840 bytes (2765.29 MB)
write base data version: 40000, memory: 3050135552 bytes (2908.84 MB)
write base data version: 40100, memory: 3205246976 bytes (3056.76 MB)
write base data version: 40200, memory: 2850992128 bytes (2718.92 MB)
write base data version: 40300, memory: 3020967936 bytes (2881.02 MB)
write base data version: 40400, memory: 3164225536 bytes (3017.64 MB)
write base data version: 40500, memory: 3304484864 bytes (3151.40 MB)
write base data version: 40600, memory: 2929504256 bytes (2793.79 MB)
write base data version: 40700, memory: 3080425472 bytes (2937.72 MB)
write base data version: 40800, memory: 3233275904 bytes (3083.49 MB)
write base data version: 40900, memory: 2866212864 bytes (2733.43 MB)
write base data version: 41000, memory: 3017605120 bytes (2877.81 MB)
write base data version: 41100, memory: 3170148352 bytes (3023.29 MB)
write base data version: 41200, memory: 3323645952 bytes (3169.68 MB)
write base data version: 41300, memory: 2963476480 bytes (2826.19 MB)
write base data version: 41400, memory: 3109752832 bytes (2965.69 MB)
write base data version: 41500, memory: 3259826176 bytes (3108.81 MB)
write base data version: 41600, memory: 3407585280 bytes (3249.73 MB)
write base data version: 41700, memory: 3043184640 bytes (2902.21 MB)
write base data version: 41800, memory: 3193630720 bytes (3045.68 MB)
write base data version: 41900, memory: 3347435520 bytes (3192.36 MB)
write base data version: 42000, memory: 2988285952 bytes (2849.85 MB)
write base data version: 42100, memory: 3156033536 bytes (3009.83 MB)
write base data version: 42200, memory: 3314499584 bytes (3160.95 MB)
write base data version: 42300, memory: 3466461184 bytes (3305.88 MB)
write base data version: 42400, memory: 3106758656 bytes (2962.84 MB)
write base data version: 42500, memory: 3254513664 bytes (3103.75 MB)
write base data version: 42600, memory: 3395473408 bytes (3238.18 MB)
write base data version: 42700, memory: 3542228992 bytes (3378.13 MB)
write base data version: 42800, memory: 3163967488 bytes (3017.39 MB)
write base data version: 42900, memory: 3316256768 bytes (3162.63 MB)
write base data version: 43000, memory: 3441807360 bytes (3282.36 MB)
write base data version: 43100, memory: 3074392064 bytes (2931.97 MB)
write base data version: 43200, memory: 3217022976 bytes (3067.99 MB)
write base data version: 43300, memory: 3357286400 bytes (3201.76 MB)
write base data version: 43400, memory: 3501985792 bytes (3339.75 MB)
write base data version: 43500, memory: 3127676928 bytes (2982.79 MB)
write base data version: 43600, memory: 3268726784 bytes (3117.30 MB)
write base data version: 43700, memory: 3413315584 bytes (3255.19 MB)
write base data version: 43800, memory: 3078709248 bytes (2936.09 MB)
write base data version: 43900, memory: 3196764160 bytes (3048.67 MB)
write base data version: 44000, memory: 3344404480 bytes (3189.47 MB)
write base data version: 44100, memory: 3497189376 bytes (3335.18 MB)
write base data version: 44200, memory: 3128078336 bytes (2983.17 MB)
write base data version: 44300, memory: 3284418560 bytes (3132.27 MB)
write base data version: 44400, memory: 3431981056 bytes (3272.99 MB)
write base data version: 44500, memory: 3588333568 bytes (3422.10 MB)
write base data version: 44600, memory: 3234258944 bytes (3084.43 MB)
write base data version: 44700, memory: 3399995392 bytes (3242.49 MB)
write base data version: 44800, memory: 3558367232 bytes (3393.52 MB)
write base data version: 44900, memory: 3219632128 bytes (3070.48 MB)
write base data version: 45000, memory: 3337916416 bytes (3183.29 MB)
write base data version: 45100, memory: 3490373632 bytes (3328.68 MB)
write base data version: 45200, memory: 3638362112 bytes (3469.81 MB)
write base data version: 45300, memory: 3294519296 bytes (3141.90 MB)
write base data version: 45400, memory: 3475742720 bytes (3314.73 MB)
write base data version: 45500, memory: 3578171392 bytes (3412.41 MB)
write base data version: 45600, memory: 3727470592 bytes (3554.79 MB)
write base data version: 45700, memory: 3365470208 bytes (3209.56 MB)
write base data version: 45800, memory: 3516686336 bytes (3353.77 MB)
write base data version: 45900, memory: 3666341888 bytes (3496.50 MB)
write base data version: 46000, memory: 3335659520 bytes (3181.13 MB)
write base data version: 46100, memory: 3448565760 bytes (3288.81 MB)
write base data version: 46200, memory: 3600539648 bytes (3433.74 MB)
write base data version: 46300, memory: 3757449216 bytes (3583.38 MB)
write base data version: 46400, memory: 3396186112 bytes (3238.86 MB)
write base data version: 46500, memory: 3543007232 bytes (3378.88 MB)
write base data version: 46600, memory: 3709710336 bytes (3537.86 MB)
write base data version: 46700, memory: 3873660928 bytes (3694.21 MB)
write base data version: 46800, memory: 3506610176 bytes (3344.16 MB)
write base data version: 46900, memory: 3575685120 bytes (3410.04 MB)
write base data version: 47000, memory: 3726196736 bytes (3553.58 MB)
write base data version: 47100, memory: 3346857984 bytes (3191.81 MB)
write base data version: 47200, memory: 3473420288 bytes (3312.51 MB)
write base data version: 47300, memory: 3580071936 bytes (3414.22 MB)
write base data version: 47400, memory: 3731599360 bytes (3558.73 MB)
write base data version: 47500, memory: 3363397632 bytes (3207.59 MB)
write base data version: 47600, memory: 3513466880 bytes (3350.70 MB)
write base data version: 47700, memory: 3664396288 bytes (3494.64 MB)
write base data version: 47800, memory: 3329585152 bytes (3175.34 MB)
write base data version: 47900, memory: 3446726656 bytes (3287.05 MB)
write base data version: 48000, memory: 3601301504 bytes (3434.47 MB)
write base data version: 48100, memory: 3753582592 bytes (3579.70 MB)
write base data version: 48200, memory: 3400318976 bytes (3242.80 MB)
write base data version: 48300, memory: 3551752192 bytes (3387.21 MB)
write base data version: 48400, memory: 3722395648 bytes (3549.95 MB)
write base data version: 48500, memory: 3869089792 bytes (3689.85 MB)
write base data version: 48600, memory: 3508858880 bytes (3346.31 MB)
write base data version: 48700, memory: 3661541376 bytes (3491.92 MB)
write base data version: 48800, memory: 3810701312 bytes (3634.17 MB)
write base data version: 48900, memory: 3485630464 bytes (3324.16 MB)
write base data version: 49000, memory: 3644858368 bytes (3476.01 MB)
write base data version: 49100, memory: 3814350848 bytes (3637.65 MB)
write base data version: 49200, memory: 3952066560 bytes (3768.98 MB)
write base data version: 49300, memory: 3584425984 bytes (3418.38 MB)
write base data version: 49400, memory: 3724013568 bytes (3551.50 MB)
write base data version: 49500, memory: 3876823040 bytes (3697.23 MB)
write base data version: 49600, memory: 4035104768 bytes (3848.18 MB)
write base data version: 49700, memory: 3659984896 bytes (3490.43 MB)
write base data version: 49800, memory: 3812827136 bytes (3636.20 MB)
write base data version: 49900, memory: 3963228160 bytes (3779.63 MB)
write base data version: 50000, memory: 3598385152 bytes (3431.69 MB)
write base data version: 50100, memory: 3745153024 bytes (3571.66 MB)
write base data version: 50200, memory: 3890388992 bytes (3710.16 MB)
write base data version: 50300, memory: 4042555392 bytes (3855.28 MB)
write base data version: 50400, memory: 3681308672 bytes (3510.77 MB)
write base data version: 50500, memory: 3828662272 bytes (3651.30 MB)
write base data version: 50600, memory: 3980648448 bytes (3796.24 MB)
write base data version: 50700, memory: 4125712384 bytes (3934.59 MB)
write base data version: 50800, memory: 3809579008 bytes (3633.10 MB)
write base data version: 50900, memory: 3984994304 bytes (3800.39 MB)
write base data version: 51000, memory: 4147982336 bytes (3955.82 MB)
write base data version: 51100, memory: 3811979264 bytes (3635.39 MB)
write base data version: 51200, memory: 3938275328 bytes (3755.83 MB)
write base data version: 51300, memory: 4088872960 bytes (3899.45 MB)
write base data version: 51400, memory: 4235227136 bytes (4039.03 MB)
write base data version: 51500, memory: 3861053440 bytes (3682.19 MB)
write base data version: 51600, memory: 4003848192 bytes (3818.37 MB)
write base data version: 51700, memory: 4121661440 bytes (3930.72 MB)
write base data version: 51800, memory: 3795197952 bytes (3619.38 MB)
write base data version: 51900, memory: 3902799872 bytes (3722.00 MB)
write base data version: 52000, memory: 4045004800 bytes (3857.62 MB)
write base data version: 52100, memory: 4189351936 bytes (3995.28 MB)
write base data version: 52200, memory: 3835445248 bytes (3657.77 MB)
write base data version: 52300, memory: 3977224192 bytes (3792.98 MB)
write base data version: 52400, memory: 4130729984 bytes (3939.37 MB)
write base data version: 52500, memory: 4284391424 bytes (4085.91 MB)
write base data version: 52600, memory: 3910008832 bytes (3728.88 MB)
write base data version: 52700, memory: 4067303424 bytes (3878.88 MB)
write base data version: 52800, memory: 4212977664 bytes (4017.81 MB)
write base data version: 52900, memory: 3858214912 bytes (3679.48 MB)
write base data version: 53000, memory: 3972628480 bytes (3788.59 MB)
write base data version: 53100, memory: 4121894912 bytes (3930.95 MB)
write base data version: 53200, memory: 4275761152 bytes (4077.68 MB)
write base data version: 53300, memory: 3897597952 bytes (3717.04 MB)
write base data version: 53400, memory: 4042452992 bytes (3855.18 MB)
write base data version: 53500, memory: 4183621632 bytes (3989.81 MB)
write base data version: 53600, memory: 4327849984 bytes (4127.36 MB)
write base data version: 53700, memory: 3966603264 bytes (3782.85 MB)
write base data version: 53800, memory: 4125388800 bytes (3934.28 MB)
write base data version: 53900, memory: 4272455680 bytes (4074.53 MB)
write base data version: 54000, memory: 3935760384 bytes (3753.43 MB)
write base data version: 54100, memory: 4047171584 bytes (3859.68 MB)
write base data version: 54200, memory: 4188221440 bytes (3994.20 MB)
write base data version: 54300, memory: 4332503040 bytes (4131.80 MB)
write base data version: 54400, memory: 3958251520 bytes (3774.88 MB)
write base data version: 54500, memory: 4118179840 bytes (3927.40 MB)
write base data version: 54600, memory: 4262010880 bytes (4064.57 MB)
write base data version: 54700, memory: 4415172608 bytes (4210.64 MB)
write base data version: 54800, memory: 4036227072 bytes (3849.25 MB)
write base data version: 54900, memory: 4181487616 bytes (3987.78 MB)
write base data version: 55000, memory: 4337659904 bytes (4136.71 MB)
write base data version: 55100, memory: 3973193728 bytes (3789.13 MB)
write base data version: 55200, memory: 4124766208 bytes (3933.68 MB)
write base data version: 55300, memory: 4284043264 bytes (4085.58 MB)
write base data version: 55400, memory: 4425891840 bytes (4220.86 MB)
write base data version: 55500, memory: 4053098496 bytes (3865.34 MB)
write base data version: 55600, memory: 4194115584 bytes (3999.82 MB)
write base data version: 55700, memory: 4338450432 bytes (4137.47 MB)
write base data version: 55800, memory: 3994939392 bytes (3809.87 MB)
write base data version: 55900, memory: 4119703552 bytes (3928.86 MB)
write base data version: 56000, memory: 4271259648 bytes (4073.39 MB)
write base data version: 56100, memory: 4427059200 bytes (4221.97 MB)
write base data version: 56200, memory: 4076978176 bytes (3888.11 MB)
write base data version: 56300, memory: 4204716032 bytes (4009.93 MB)
write base data version: 56400, memory: 4346449920 bytes (4145.10 MB)
write base data version: 56500, memory: 4490739712 bytes (4282.70 MB)
write base data version: 56600, memory: 4111081472 bytes (3920.63 MB)
write base data version: 56700, memory: 4255879168 bytes (4058.72 MB)
write base data version: 56800, memory: 4396429312 bytes (4192.76 MB)
write base data version: 56900, memory: 4054257664 bytes (3866.44 MB)
write base data version: 57000, memory: 4161470464 bytes (3968.69 MB)
write base data version: 57100, memory: 4306223104 bytes (4106.73 MB)
write base data version: 57200, memory: 4447092736 bytes (4241.08 MB)
write base data version: 57300, memory: 4071567360 bytes (3882.95 MB)
write base data version: 57400, memory: 4213936128 bytes (4018.72 MB)
write base data version: 57500, memory: 4358860800 bytes (4156.93 MB)
write base data version: 57600, memory: 4502851584 bytes (4294.25 MB)
write base data version: 57700, memory: 4133163008 bytes (3941.69 MB)
write base data version: 57800, memory: 4284235776 bytes (4085.77 MB)
write base data version: 57900, memory: 4396691456 bytes (4193.01 MB)
write base data version: 58000, memory: 4031737856 bytes (3844.96 MB)
write base data version: 58100, memory: 4176302080 bytes (3982.83 MB)
write base data version: 58200, memory: 4333207552 bytes (4132.47 MB)
write base data version: 58300, memory: 4476514304 bytes (4269.14 MB)
write base data version: 58400, memory: 4105371648 bytes (3915.19 MB)
write base data version: 58500, memory: 4242132992 bytes (4045.61 MB)
write base data version: 58600, memory: 4387479552 bytes (4184.23 MB)
write base data version: 58700, memory: 4528721920 bytes (4318.93 MB)
write base data version: 58800, memory: 4166078464 bytes (3973.08 MB)
write base data version: 58900, memory: 4318175232 bytes (4118.13 MB)
write base data version: 59000, memory: 4474089472 bytes (4266.82 MB)
write base data version: 59100, memory: 4143669248 bytes (3951.71 MB)
write base data version: 59200, memory: 4263825408 bytes (4066.30 MB)
write base data version: 59300, memory: 4414734336 bytes (4210.22 MB)
write base data version: 59400, memory: 4555673600 bytes (4344.63 MB)
write base data version: 59500, memory: 4180033536 bytes (3986.39 MB)
write base data version: 59600, memory: 4322123776 bytes (4121.90 MB)
write base data version: 59700, memory: 4465627136 bytes (4258.75 MB)
write base data version: 59800, memory: 4607655936 bytes (4394.20 MB)
write base data version: 59900, memory: 4231819264 bytes (4035.78 MB)
write base data version: 60000, memory: 4344979456 bytes (4143.70 MB)
write base data version: 60100, memory: 4486393856 bytes (4278.56 MB)
write base data version: 60200, memory: 4126547968 bytes (3935.38 MB)
write base data version: 60300, memory: 4278239232 bytes (4080.05 MB)
write base data version: 60400, memory: 4423835648 bytes (4218.90 MB)
write base data version: 60500, memory: 4564762624 bytes (4353.30 MB)
write base data version: 60600, memory: 4189696000 bytes (3995.61 MB)
write base data version: 60700, memory: 4331708416 bytes (4131.04 MB)
write base data version: 60800, memory: 4472840192 bytes (4265.63 MB)
write base data version: 60900, memory: 4133441536 bytes (3941.96 MB)
write base data version: 61000, memory: 4253794304 bytes (4056.73 MB)
write base data version: 61100, memory: 4413345792 bytes (4208.89 MB)
write base data version: 61200, memory: 4554825728 bytes (4343.82 MB)
write base data version: 61300, memory: 4185841664 bytes (3991.93 MB)
write base data version: 61400, memory: 4321484800 bytes (4121.29 MB)
write base data version: 61500, memory: 4466372608 bytes (4259.46 MB)
write base data version: 61600, memory: 4607168512 bytes (4393.74 MB)
write base data version: 61700, memory: 4232880128 bytes (4036.79 MB)
write base data version: 61800, memory: 4373549056 bytes (4170.94 MB)
write base data version: 61900, memory: 4518043648 bytes (4308.74 MB)
write base data version: 62000, memory: 4153376768 bytes (3960.97 MB)
write base data version: 62100, memory: 4282703872 bytes (4084.30 MB)
write base data version: 62200, memory: 4425515008 bytes (4220.50 MB)
write base data version: 62300, memory: 4552179712 bytes (4341.30 MB)
write base data version: 62400, memory: 4176822272 bytes (3983.33 MB)
write base data version: 62500, memory: 4329267200 bytes (4128.71 MB)
write base data version: 62600, memory: 4480520192 bytes (4272.96 MB)
write base data version: 62700, memory: 4621262848 bytes (4407.18 MB)
write base data version: 62800, memory: 4246405120 bytes (4049.69 MB)
write base data version: 62900, memory: 4386906112 bytes (4183.68 MB)
write base data version: 63000, memory: 4531519488 bytes (4321.59 MB)
write base data version: 63100, memory: 4158271488 bytes (3965.64 MB)
write base data version: 63200, memory: 4317450240 bytes (4117.44 MB)
write base data version: 63300, memory: 4469133312 bytes (4262.10 MB)
write base data version: 63400, memory: 4615348224 bytes (4401.54 MB)
write base data version: 63500, memory: 4246265856 bytes (4049.55 MB)
write base data version: 63600, memory: 4395520000 bytes (4191.89 MB)
write base data version: 63700, memory: 4540276736 bytes (4329.95 MB)
write base data version: 63800, memory: 4683321344 bytes (4466.36 MB)
write base data version: 63900, memory: 4324003840 bytes (4123.69 MB)
write base data version: 64000, memory: 4482170880 bytes (4274.53 MB)
write base data version: 64100, memory: 4623814656 bytes (4409.61 MB)
write base data version: 64200, memory: 4255592448 bytes (4058.45 MB)
write base data version: 64300, memory: 4379807744 bytes (4176.91 MB)
write base data version: 64400, memory: 4524490752 bytes (4314.89 MB)
write base data version: 64500, memory: 4665626624 bytes (4449.49 MB)
write base data version: 64600, memory: 4300865536 bytes (4101.62 MB)
write base data version: 64700, memory: 4455153664 bytes (4248.77 MB)
write base data version: 64800, memory: 4606951424 bytes (4393.53 MB)
write base data version: 64900, memory: 4264263680 bytes (4066.72 MB)
write base data version: 65000, memory: 4373000192 bytes (4170.42 MB)
write base data version: 65100, memory: 4514586624 bytes (4305.45 MB)
write base data version: 65200, memory: 4659732480 bytes (4443.87 MB)
write base data version: 65300, memory: 4281344000 bytes (4083.01 MB)
write base data version: 65400, memory: 4422623232 bytes (4217.74 MB)
write base data version: 65500, memory: 4569272320 bytes (4357.60 MB)
write base data version: 65600, memory: 4716240896 bytes (4497.76 MB)
write base data version: 65700, memory: 4339351552 bytes (4138.33 MB)
write base data version: 65800, memory: 4480970752 bytes (4273.39 MB)
write base data version: 65900, memory: 4626046976 bytes (4411.74 MB)
write base data version: 66000, memory: 4266582016 bytes (4068.93 MB)
write base data version: 66100, memory: 4391702528 bytes (4188.25 MB)
write base data version: 66200, memory: 4532625408 bytes (4322.65 MB)
write base data version: 66300, memory: 4676698112 bytes (4460.05 MB)
write base data version: 66400, memory: 4299210752 bytes (4100.05 MB)
write base data version: 66500, memory: 4426039296 bytes (4221.00 MB)
write base data version: 66600, memory: 4567056384 bytes (4355.48 MB)
write base data version: 66700, memory: 4708274176 bytes (4490.16 MB)
write base data version: 66800, memory: 4334088192 bytes (4133.31 MB)
write base data version: 66900, memory: 4477386752 bytes (4269.97 MB)
write base data version: 67000, memory: 4619608064 bytes (4405.60 MB)
write base data version: 67100, memory: 4278521856 bytes (4080.32 MB)
write base data version: 67200, memory: 4385570816 bytes (4182.41 MB)
write base data version: 67300, memory: 4529016832 bytes (4319.21 MB)
write base data version: 67400, memory: 4671909888 bytes (4455.48 MB)
write base data version: 67500, memory: 4306112512 bytes (4106.63 MB)
write base data version: 67600, memory: 4463484928 bytes (4256.71 MB)
write base data version: 67700, memory: 4614787072 bytes (4401.00 MB)
write base data version: 67800, memory: 4759134208 bytes (4538.66 MB)
write base data version: 67900, memory: 4387696640 bytes (4184.43 MB)
write base data version: 68000, memory: 4532989952 bytes (4323.00 MB)
write base data version: 68100, memory: 4677406720 bytes (4460.72 MB)
write base data version: 68200, memory: 4308361216 bytes (4108.77 MB)
write base data version: 68300, memory: 4449398784 bytes (4243.28 MB)
write base data version: 68400, memory: 4602753024 bytes (4389.53 MB)
write base data version: 68500, memory: 4746698752 bytes (4526.80 MB)
write base data version: 68600, memory: 4372840448 bytes (4170.27 MB)
write base data version: 68700, memory: 4513419264 bytes (4304.33 MB)
write base data version: 68800, memory: 4658110464 bytes (4442.32 MB)
write base data version: 68900, memory: 4308746240 bytes (4109.14 MB)
write base data version: 69000, memory: 4425670656 bytes (4220.65 MB)
write base data version: 69100, memory: 4576841728 bytes (4364.82 MB)
write base data version: 69200, memory: 4732882944 bytes (4513.63 MB)
write base data version: 69300, memory: 4359319552 bytes (4157.37 MB)
write base data version: 69400, memory: 4509085696 bytes (4300.20 MB)
write base data version: 69500, memory: 4657479680 bytes (4441.72 MB)
write base data version: 69600, memory: 4800466944 bytes (4578.08 MB)
write base data version: 69700, memory: 4431663104 bytes (4226.36 MB)
write base data version: 69800, memory: 4589207552 bytes (4376.61 MB)
write base data version: 69900, memory: 4738646016 bytes (4519.12 MB)
write base data version: 70000, memory: 4390813696 bytes (4187.41 MB)
write base data version: 70100, memory: 4501999616 bytes (4293.44 MB)
write base data version: 70200, memory: 4642521088 bytes (4427.45 MB)
write base data version: 70300, memory: 4787007488 bytes (4565.25 MB)
write base data version: 70400, memory: 4419776512 bytes (4215.03 MB)
write base data version: 70500, memory: 4574011392 bytes (4362.12 MB)
write base data version: 70600, memory: 4727439360 bytes (4508.44 MB)
write base data version: 70700, memory: 4878536704 bytes (4652.54 MB)
write base data version: 70800, memory: 4505980928 bytes (4297.24 MB)
write base data version: 70900, memory: 4648660992 bytes (4433.31 MB)
write base data version: 71000, memory: 4791627776 bytes (4569.65 MB)
write base data version: 71100, memory: 4448346112 bytes (4242.27 MB)
write base data version: 71200, memory: 4555907072 bytes (4344.85 MB)
write base data version: 71300, memory: 4700250112 bytes (4482.51 MB)
write base data version: 71400, memory: 4840816640 bytes (4616.56 MB)
write base data version: 71500, memory: 4465397760 bytes (4258.54 MB)
write base data version: 71600, memory: 4606468096 bytes (4393.07 MB)
write base data version: 71700, memory: 4751364096 bytes (4531.25 MB)
write base data version: 71800, memory: 4893044736 bytes (4666.37 MB)
write base data version: 71900, memory: 4517400576 bytes (4308.13 MB)
write base data version: 72000, memory: 4660748288 bytes (4444.84 MB)
write base data version: 72100, memory: 4809146368 bytes (4586.36 MB)
write base data version: 72200, memory: 4461817856 bytes (4255.12 MB)
write base data version: 72300, memory: 4575850496 bytes (4363.87 MB)
write base data version: 72400, memory: 4717019136 bytes (4498.50 MB)
write base data version: 72500, memory: 4861915136 bytes (4636.68 MB)
write base data version: 72600, memory: 4482678784 bytes (4275.02 MB)
write base data version: 72700, memory: 4627472384 bytes (4413.10 MB)
write base data version: 72800, memory: 4767993856 bytes (4547.11 MB)
write base data version: 72900, memory: 4429230080 bytes (4224.04 MB)
write base data version: 73000, memory: 4541292544 bytes (4330.91 MB)
write base data version: 73100, memory: 4682526720 bytes (4465.61 MB)
write base data version: 73200, memory: 4830031872 bytes (4606.28 MB)
write base data version: 73300, memory: 4461805568 bytes (4255.11 MB)
write base data version: 73400, memory: 4617244672 bytes (4403.35 MB)
write base data version: 73500, memory: 4763131904 bytes (4542.48 MB)
write base data version: 73600, memory: 4919713792 bytes (4691.80 MB)
write base data version: 73700, memory: 4532535296 bytes (4322.56 MB)
write base data version: 73800, memory: 4686438400 bytes (4469.34 MB)
write base data version: 73900, memory: 4830167040 bytes (4606.41 MB)
write base data version: 74000, memory: 4479455232 bytes (4271.94 MB)
write base data version: 74100, memory: 4595433472 bytes (4382.55 MB)
write base data version: 74200, memory: 4738015232 bytes (4518.52 MB)
write base data version: 74300, memory: 4881711104 bytes (4655.56 MB)
write base data version: 74400, memory: 4508803072 bytes (4299.93 MB)
write base data version: 74500, memory: 4647763968 bytes (4432.45 MB)
write base data version: 74600, memory: 4788785152 bytes (4566.94 MB)
write base data version: 74700, memory: 4932468736 bytes (4703.97 MB)
write base data version: 74800, memory: 4556709888 bytes (4345.62 MB)
write base data version: 74900, memory: 4701057024 bytes (4483.28 MB)
write base data version: 75000, memory: 4842897408 bytes (4618.55 MB)
write base data version: 75100, memory: 4484145152 bytes (4276.41 MB)
write base data version: 75200, memory: 4609392640 bytes (4395.86 MB)
write base data version: 75300, memory: 4753235968 bytes (4533.04 MB)
write base data version: 75400, memory: 4894916608 bytes (4668.16 MB)
write base data version: 75500, memory: 4529905664 bytes (4320.05 MB)
write base data version: 75600, memory: 4685668352 bytes (4468.60 MB)
write base data version: 75700, memory: 4838920192 bytes (4614.75 MB)
write base data version: 75800, memory: 4988141568 bytes (4757.06 MB)
write base data version: 75900, memory: 4612145152 bytes (4398.48 MB)
write base data version: 76000, memory: 4757041152 bytes (4536.67 MB)
write base data version: 76100, memory: 4897841152 bytes (4670.95 MB)
write base data version: 76200, memory: 4527607808 bytes (4317.86 MB)
write base data version: 76300, memory: 4647317504 bytes (4432.03 MB)
write base data version: 76400, memory: 4790145024 bytes (4568.24 MB)
write base data version: 76500, memory: 4947644416 bytes (4718.44 MB)
write base data version: 76600, memory: 4570812416 bytes (4359.07 MB)
write base data version: 76700, memory: 4715360256 bytes (4496.92 MB)
write base data version: 76800, memory: 4856111104 bytes (4631.15 MB)
write base data version: 76900, memory: 5000650752 bytes (4768.99 MB)
write base data version: 77000, memory: 4642369536 bytes (4427.31 MB)
write base data version: 77100, memory: 4786806784 bytes (4565.05 MB)
write base data version: 77200, memory: 4942299136 bytes (4713.34 MB)
write base data version: 77300, memory: 4593639424 bytes (4380.84 MB)
write base data version: 77400, memory: 4712423424 bytes (4494.12 MB)
write base data version: 77500, memory: 4854484992 bytes (4629.60 MB)
write base data version: 77600, memory: 4998553600 bytes (4766.99 MB)
write base data version: 77700, memory: 4622684160 bytes (4408.54 MB)
write base data version: 77800, memory: 4761399296 bytes (4540.82 MB)
write base data version: 77900, memory: 4906242048 bytes (4678.96 MB)
write base data version: 78000, memory: 4562567168 bytes (4351.20 MB)
write base data version: 78100, memory: 4674121728 bytes (4457.59 MB)
write base data version: 78200, memory: 4815421440 bytes (4592.34 MB)
write base data version: 78300, memory: 4960268288 bytes (4730.48 MB)
write base data version: 78400, memory: 4595855360 bytes (4382.95 MB)
write base data version: 78500, memory: 4751798272 bytes (4531.67 MB)
write base data version: 78600, memory: 4896055296 bytes (4669.24 MB)
write base data version: 78700, memory: 5052014592 bytes (4817.98 MB)
write base data version: 78800, memory: 4682002432 bytes (4465.11 MB)
write base data version: 78900, memory: 4824625152 bytes (4601.12 MB)
write base data version: 79000, memory: 4965478400 bytes (4735.45 MB)
write base data version: 79100, memory: 4624211968 bytes (4409.99 MB)
write base data version: 79200, memory: 4731420672 bytes (4512.23 MB)
write base data version: 79300, memory: 4878516224 bytes (4652.52 MB)
write base data version: 79400, memory: 5029273600 bytes (4796.29 MB)
write base data version: 79500, memory: 4651810816 bytes (4436.31 MB)
write base data version: 79600, memory: 4795953152 bytes (4573.78 MB)
write base data version: 79700, memory: 4936974336 bytes (4708.27 MB)
write base data version: 79800, memory: 5081518080 bytes (4846.11 MB)
write base data version: 79900, memory: 4702535680 bytes (4484.69 MB)
write base data version: 80000, memory: 4846829568 bytes (4622.30 MB)
write base data version: 80100, memory: 4987912192 bytes (4756.84 MB)
write base data version: 80200, memory: 4645154816 bytes (4429.96 MB)
write base data version: 80300, memory: 4755824640 bytes (4535.51 MB)
write base data version: 80400, memory: 4904255488 bytes (4677.06 MB)
write base data version: 80500, memory: 5048209408 bytes (4814.35 MB)
write base data version: 80600, memory: 4678221824 bytes (4461.50 MB)
write base data version: 80700, memory: 4815101952 bytes (4592.04 MB)
write base data version: 80800, memory: 4959506432 bytes (4729.75 MB)
write base data version: 80900, memory: 5101723648 bytes (4865.38 MB)
write base data version: 81000, memory: 4726042624 bytes (4507.11 MB)
write base data version: 81100, memory: 4867244032 bytes (4641.77 MB)
write base data version: 81200, memory: 5011456000 bytes (4779.30 MB)
write base data version: 81300, memory: 4661264384 bytes (4445.33 MB)
write base data version: 81400, memory: 4788121600 bytes (4566.31 MB)
write base data version: 81500, memory: 4930658304 bytes (4702.24 MB)
write base data version: 81600, memory: 5084655616 bytes (4849.11 MB)
write base data version: 81700, memory: 4710932480 bytes (4492.70 MB)
write base data version: 81800, memory: 4864892928 bytes (4639.52 MB)
write base data version: 81900, memory: 5005598720 bytes (4773.71 MB)
write base data version: 82000, memory: 4663418880 bytes (4447.38 MB)
write base data version: 82100, memory: 4772130816 bytes (4551.06 MB)
write base data version: 82200, memory: 4921630720 bytes (4693.63 MB)
write base data version: 82300, memory: 5073121280 bytes (4838.11 MB)
write base data version: 82400, memory: 4698898432 bytes (4481.22 MB)
write base data version: 82500, memory: 4839985152 bytes (4615.77 MB)
write base data version: 82600, memory: 4982034432 bytes (4751.24 MB)
write base data version: 82700, memory: 5125447680 bytes (4888.01 MB)
write base data version: 82800, memory: 4749119488 bytes (4529.11 MB)
write base data version: 82900, memory: 4893847552 bytes (4667.14 MB)
write base data version: 83000, memory: 5049962496 bytes (4816.02 MB)
write base data version: 83100, memory: 4705173504 bytes (4487.20 MB)
write base data version: 83200, memory: 4826599424 bytes (4603.00 MB)
write base data version: 83300, memory: 4971622400 bytes (4741.31 MB)
write base data version: 83400, memory: 5112426496 bytes (4875.59 MB)
write base data version: 83500, memory: 4736589824 bytes (4517.16 MB)
write base data version: 83600, memory: 4879921152 bytes (4653.86 MB)
write base data version: 83700, memory: 5025038336 bytes (4792.25 MB)
write base data version: 83800, memory: 5169496064 bytes (4930.02 MB)
write base data version: 83900, memory: 4790599680 bytes (4568.67 MB)
write base data version: 84000, memory: 4932902912 bytes (4704.38 MB)
write base data version: 84100, memory: 5077872640 bytes (4842.64 MB)
write base data version: 84200, memory: 4713906176 bytes (4495.53 MB)
write base data version: 84300, memory: 4843761664 bytes (4619.37 MB)
write base data version: 84400, memory: 4988944384 bytes (4757.83 MB)
write base data version: 84500, memory: 5120704512 bytes (4883.48 MB)
write base data version: 84600, memory: 4752642048 bytes (4532.47 MB)
write base data version: 84700, memory: 4894515200 bytes (4667.77 MB)
write base data version: 84800, memory: 5038542848 bytes (4805.13 MB)
write base data version: 84900, memory: 5180248064 bytes (4940.27 MB)
write base data version: 85000, memory: 4820398080 bytes (4597.09 MB)
write base data version: 85100, memory: 4968321024 bytes (4738.16 MB)
write base data version: 85200, memory: 5116035072 bytes (4879.03 MB)
write base data version: 85300, memory: 4744990720 bytes (4525.18 MB)
write base data version: 85400, memory: 4881526784 bytes (4655.39 MB)
write base data version: 85500, memory: 5025095680 bytes (4792.30 MB)
write base data version: 85600, memory: 5166223360 bytes (4926.89 MB)
write base data version: 85700, memory: 4790767616 bytes (4568.83 MB)
write base data version: 85800, memory: 4933087232 bytes (4704.56 MB)
write base data version: 85900, memory: 5076361216 bytes (4841.20 MB)
write base data version: 86000, memory: 5219258368 bytes (4977.47 MB)
write base data version: 86100, memory: 4842950656 bytes (4618.60 MB)
write base data version: 86200, memory: 4987142144 bytes (4756.11 MB)
write base data version: 86300, memory: 5128056832 bytes (4890.50 MB)
write base data version: 86400, memory: 4761055232 bytes (4540.50 MB)
write base data version: 86500, memory: 4914675712 bytes (4687.00 MB)
write base data version: 86600, memory: 5064151040 bytes (4829.55 MB)
write base data version: 86700, memory: 5204705280 bytes (4963.59 MB)
write base data version: 86800, memory: 4829433856 bytes (4605.71 MB)
write base data version: 86900, memory: 4970336256 bytes (4740.08 MB)
write base data version: 87000, memory: 5114974208 bytes (4878.02 MB)
write base data version: 87100, memory: 5255340032 bytes (5011.88 MB)
write base data version: 87200, memory: 4881059840 bytes (4654.94 MB)
write base data version: 87300, memory: 5021962240 bytes (4789.32 MB)
write base data version: 87400, memory: 5166211072 bytes (4926.88 MB)
write base data version: 87500, memory: 4790091776 bytes (4568.19 MB)
write base data version: 87600, memory: 4917022720 bytes (4689.24 MB)
write base data version: 87700, memory: 5059506176 bytes (4825.12 MB)
write base data version: 87800, memory: 5202407424 bytes (4961.40 MB)
write base data version: 87900, memory: 4827693056 bytes (4604.05 MB)
write base data version: 88000, memory: 4968206336 bytes (4738.05 MB)
write base data version: 88100, memory: 5112295424 bytes (4875.46 MB)
write base data version: 88200, memory: 4771426304 bytes (4550.39 MB)
write base data version: 88300, memory: 4878577664 bytes (4652.57 MB)
write base data version: 88400, memory: 5023109120 bytes (4790.41 MB)
write base data version: 88500, memory: 5163880448 bytes (4924.66 MB)
write base data version: 88600, memory: 4799922176 bytes (4577.56 MB)
write base data version: 88700, memory: 4954763264 bytes (4725.23 MB)
write base data version: 88800, memory: 5110435840 bytes (4873.69 MB)
write base data version: 88900, memory: 5251461120 bytes (5008.18 MB)
write base data version: 89000, memory: 4878036992 bytes (4652.06 MB)
write base data version: 89100, memory: 5019242496 bytes (4786.72 MB)
write base data version: 89200, memory: 5164163072 bytes (4924.93 MB)
write base data version: 89300, memory: 4817973248 bytes (4594.78 MB)
write base data version: 89400, memory: 4928843776 bytes (4700.51 MB)
write base data version: 89500, memory: 5071093760 bytes (4836.17 MB)
write base data version: 89600, memory: 5213614080 bytes (4972.09 MB)
write base data version: 89700, memory: 4837548032 bytes (4613.45 MB)
write base data version: 89800, memory: 4964835328 bytes (4734.84 MB)
write base data version: 89900, memory: 5109600256 bytes (4872.89 MB)
write base data version: 90000, memory: 5250760704 bytes (5007.52 MB)
write base data version: 90100, memory: 4877303808 bytes (4651.36 MB)
write base data version: 90200, memory: 5025705984 bytes (4792.89 MB)
write base data version: 90300, memory: 5172285440 bytes (4932.68 MB)
write base data version: 90400, memory: 4820238336 bytes (4596.94 MB)
write base data version: 90500, memory: 4938993664 bytes (4710.19 MB)
write base data version: 90600, memory: 5084622848 bytes (4849.07 MB)
write base data version: 90700, memory: 5225943040 bytes (4983.85 MB)
write base data version: 90800, memory: 4855574528 bytes (4630.64 MB)
write base data version: 90900, memory: 5009477632 bytes (4777.41 MB)
write base data version: 91000, memory: 5165715456 bytes (4926.41 MB)
write base data version: 91100, memory: 4819148800 bytes (4595.90 MB)
write base data version: 91200, memory: 4930514944 bytes (4702.11 MB)
write base data version: 91300, memory: 5075652608 bytes (4840.52 MB)
write base data version: 91400, memory: 5217009664 bytes (4975.33 MB)
write base data version: 91500, memory: 4842516480 bytes (4618.18 MB)
write base data version: 91600, memory: 4984352768 bytes (4753.45 MB)
write base data version: 91700, memory: 5140680704 bytes (4902.54 MB)
write base data version: 91800, memory: 5277884416 bytes (5033.38 MB)
write base data version: 91900, memory: 4909113344 bytes (4681.70 MB)
write base data version: 92000, memory: 5054627840 bytes (4820.47 MB)
write base data version: 92100, memory: 5195743232 bytes (4955.05 MB)
write base data version: 92200, memory: 4841959424 bytes (4617.65 MB)
write base data version: 92300, memory: 4983697408 bytes (4752.82 MB)
write base data version: 92400, memory: 5132263424 bytes (4894.51 MB)
write base data version: 92500, memory: 5274689536 bytes (5030.34 MB)
write base data version: 92600, memory: 4900700160 bytes (4673.67 MB)
write base data version: 92700, memory: 5043044352 bytes (4809.42 MB)
write base data version: 92800, memory: 5184475136 bytes (4944.30 MB)
write base data version: 92900, memory: 5328879616 bytes (5082.02 MB)
write base data version: 93000, memory: 4949803008 bytes (4720.50 MB)
write base data version: 93100, memory: 5094109184 bytes (4858.12 MB)
write base data version: 93200, memory: 5234913280 bytes (4992.40 MB)
write base data version: 93300, memory: 4867088384 bytes (4641.62 MB)
write base data version: 93400, memory: 5001662464 bytes (4769.96 MB)
write base data version: 93500, memory: 5146533888 bytes (4908.12 MB)
write base data version: 93600, memory: 5287366656 bytes (5042.43 MB)
write base data version: 93700, memory: 4917075968 bytes (4689.29 MB)
write base data version: 93800, memory: 5062217728 bytes (4827.71 MB)
write base data version: 93900, memory: 5220728832 bytes (4978.88 MB)
write base data version: 94000, memory: 5365755904 bytes (5117.18 MB)
write base data version: 94100, memory: 4992704512 bytes (4761.41 MB)
write base data version: 94200, memory: 5138227200 bytes (4900.20 MB)
write base data version: 94300, memory: 5280718848 bytes (5036.09 MB)
write base data version: 94400, memory: 4915961856 bytes (4688.23 MB)
write base data version: 94500, memory: 5070471168 bytes (4835.58 MB)
write base data version: 94600, memory: 5218570240 bytes (4976.82 MB)
write base data version: 94700, memory: 5369233408 bytes (5120.50 MB)
write base data version: 94800, memory: 4998180864 bytes (4766.64 MB)
write base data version: 94900, memory: 5142179840 bytes (4903.96 MB)
write base data version: 95000, memory: 5285314560 bytes (5040.47 MB)
write base data version: 95100, memory: 4941975552 bytes (4713.04 MB)
write base data version: 95200, memory: 5052899328 bytes (4818.82 MB)
write base data version: 95300, memory: 5193953280 bytes (4953.34 MB)
write base data version: 95400, memory: 5337989120 bytes (5090.70 MB)
write base data version: 95500, memory: 4964147200 bytes (4734.18 MB)
write base data version: 95600, memory: 5104578560 bytes (4868.11 MB)
write base data version: 95700, memory: 5247614976 bytes (5004.52 MB)
write base data version: 95800, memory: 5389877248 bytes (5140.19 MB)
write base data version: 95900, memory: 5013782528 bytes (4781.52 MB)
write base data version: 96000, memory: 5155000320 bytes (4916.19 MB)
write base data version: 96100, memory: 5299376128 bytes (5053.88 MB)
write base data version: 96200, memory: 4946026496 bytes (4716.90 MB)
write base data version: 96300, memory: 5066018816 bytes (4831.33 MB)
write base data version: 96400, memory: 5210050560 bytes (4968.69 MB)
write base data version: 96500, memory: 5351202816 bytes (5103.30 MB)
write base data version: 96600, memory: 4975910912 bytes (4745.40 MB)
write base data version: 96700, memory: 5117423616 bytes (4880.36 MB)
write base data version: 96800, memory: 5264658432 bytes (5020.77 MB)
write base data version: 96900, memory: 5410865152 bytes (5160.20 MB)
write base data version: 97000, memory: 5031428096 bytes (4798.34 MB)
write base data version: 97100, memory: 5176750080 bytes (4936.93 MB)
write base data version: 97200, memory: 5317832704 bytes (5071.48 MB)
write base data version: 97300, memory: 4973461504 bytes (4743.06 MB)
write base data version: 97400, memory: 5078511616 bytes (4843.25 MB)
write base data version: 97500, memory: 5225054208 bytes (4983.00 MB)
write base data version: 97600, memory: 5370220544 bytes (5121.44 MB)
write base data version: 97700, memory: 4995792896 bytes (4764.36 MB)
write base data version: 97800, memory: 5136814080 bytes (4898.85 MB)
write base data version: 97900, memory: 5278199808 bytes (5033.68 MB)
write base data version: 98000, memory: 5421735936 bytes (5170.57 MB)
write base data version: 98100, memory: 5043384320 bytes (4809.75 MB)
write base data version: 98200, memory: 5188063232 bytes (4947.72 MB)
write base data version: 98300, memory: 5331243008 bytes (5084.27 MB)
write base data version: 98400, memory: 4968583168 bytes (4738.41 MB)
write base data version: 98500, memory: 5108838400 bytes (4872.17 MB)
write base data version: 98600, memory: 5250727936 bytes (5007.48 MB)
write base data version: 98700, memory: 5395369984 bytes (5145.43 MB)
write base data version: 98800, memory: 5016207360 bytes (4783.83 MB)
write base data version: 98900, memory: 5160693760 bytes (4921.62 MB)
write base data version: 99000, memory: 5313003520 bytes (5066.88 MB)
write base data version: 99100, memory: 5457309696 bytes (5204.50 MB)
write base data version: 99200, memory: 5096960000 bytes (4860.84 MB)
write base data version: 99300, memory: 5228814336 bytes (4986.59 MB)
write base data version: 99400, memory: 5370974208 bytes (5122.16 MB)
write base data version: 99500, memory: 4997087232 bytes (4765.59 MB)
write base data version: 99600, memory: 5140029440 bytes (4901.91 MB)
write base data version: 99700, memory: 5280718848 bytes (5036.09 MB)
write base data version: 99800, memory: 5425573888 bytes (5174.23 MB)
write base data version: 99900, memory: 5046423552 bytes (4812.64 MB)
write base data version: 100000, memory: 5190520832 bytes (4950.07 MB)
tip block: 3363----3364
Test Results: 
  Total Disk Usage: 169854.30 MB
  Average Per Record: 1781.05 bytes
[test batch write] generate key value
[test batch write] write data
[test batch write] flush
tip block: 3364----3364
  Write Throughput: 9911.87 records/sec
  Read Throughput:  28224.04 records/sec
  Current Memory:   5143.22 MB
  Peak Memory:      5217.38 MB
  Memory Per Record: 53.93 bytes

========== Testing at data scale: 1,000,000,000 ==========
Writing 900000000 incremental records (keys: 100000001-1000000000, total: 1000000000)
write base data version: 100100, memory: 5526872064 bytes (5270.84 MB)
write base data version: 100200, memory: 5150638080 bytes (4912.03 MB)
write base data version: 100300, memory: 5293547520 bytes (5048.32 MB)
write base data version: 100400, memory: 5311885312 bytes (5065.81 MB)
write base data version: 100500, memory: 4974100480 bytes (4743.67 MB)
write base data version: 100600, memory: 5095268352 bytes (4859.23 MB)
write base data version: 100700, memory: 5252186112 bytes (5008.88 MB)
write base data version: 100800, memory: 5409030144 bytes (5158.45 MB)
write base data version: 100900, memory: 5034418176 bytes (4801.20 MB)
write base data version: 101000, memory: 5185388544 bytes (4945.17 MB)
write base data version: 101100, memory: 5317771264 bytes (5071.42 MB)
write base data version: 101200, memory: 5463040000 bytes (5209.96 MB)
write base data version: 101300, memory: 5088378880 bytes (4852.66 MB)
write base data version: 101400, memory: 5230088192 bytes (4987.80 MB)
write base data version: 101500, memory: 5375643648 bytes (5126.61 MB)
write base data version: 101600, memory: 5005348864 bytes (4773.47 MB)
write base data version: 101700, memory: 5164728320 bytes (4925.47 MB)
write base data version: 101800, memory: 5183332352 bytes (4943.21 MB)
write base data version: 101900, memory: 5171032064 bytes (4931.48 MB)
write base data version: 102000, memory: 5171224576 bytes (4931.66 MB)
write base data version: 102100, memory: 5171224576 bytes (4931.66 MB)
write base data version: 102200, memory: 5171224576 bytes (4931.66 MB)
write base data version: 102300, memory: 5171224576 bytes (4931.66 MB)
write base data version: 102400, memory: 5171224576 bytes (4931.66 MB)
write base data version: 102500, memory: 5171224576 bytes (4931.66 MB)
write base data version: 102600, memory: 5171224576 bytes (4931.66 MB)
write base data version: 102700, memory: 5171224576 bytes (4931.66 MB)
write base data version: 102800, memory: 5171224576 bytes (4931.66 MB)
write base data version: 102900, memory: 5171224576 bytes (4931.66 MB)
write base data version: 103000, memory: 5171224576 bytes (4931.66 MB)
write base data version: 103100, memory: 5171224576 bytes (4931.66 MB)
write base data version: 103200, memory: 5171224576 bytes (4931.66 MB)
write base data version: 103300, memory: 5171224576 bytes (4931.66 MB)
write base data version: 103400, memory: 5171224576 bytes (4931.66 MB)
write base data version: 103500, memory: 5171224576 bytes (4931.66 MB)
write base data version: 103600, memory: 5171224576 bytes (4931.66 MB)
write base data version: 103700, memory: 5171224576 bytes (4931.66 MB)
write base data version: 103800, memory: 5171224576 bytes (4931.66 MB)
write base data version: 103900, memory: 5171224576 bytes (4931.66 MB)
write base data version: 104000, memory: 5171224576 bytes (4931.66 MB)
write base data version: 104100, memory: 5171224576 bytes (4931.66 MB)
write base data version: 104200, memory: 5171224576 bytes (4931.66 MB)
write base data version: 104300, memory: 5171224576 bytes (4931.66 MB)
write base data version: 104400, memory: 5171224576 bytes (4931.66 MB)
write base data version: 104500, memory: 5171224576 bytes (4931.66 MB)
write base data version: 104600, memory: 5171224576 bytes (4931.66 MB)
write base data version: 104700, memory: 5171224576 bytes (4931.66 MB)
write base data version: 104800, memory: 5171224576 bytes (4931.66 MB)
write base data version: 104900, memory: 5171224576 bytes (4931.66 MB)
write base data version: 105000, memory: 5171224576 bytes (4931.66 MB)
write base data version: 105100, memory: 5171224576 bytes (4931.66 MB)
write base data version: 105200, memory: 5171224576 bytes (4931.66 MB)
write base data version: 105300, memory: 5171224576 bytes (4931.66 MB)
write base data version: 105400, memory: 5171224576 bytes (4931.66 MB)
write base data version: 105500, memory: 5171224576 bytes (4931.66 MB)
