=== sqlledger Scale Benchmark 运行日志 ===
开始时间: Sun Mar 15 06:48:51 PM CST 2026
脚本目录: /pcissd/cxy_test/vidb_project/LedgerDatabase/exps
========================================

[2026-03-15 18:48:51] [INFO] 运行默认测试模式...
[2026-03-15 18:48:51] [INFO] 创建数据库目录: /pcissd/cxy_test/vidb_project/LedgerDatabase/exps/data/
[2026-03-15 18:48:51] [WARNING] 清理旧数据库数据...
[2026-03-15 18:48:51] [INFO] 启动基准测试...
=== 基准测试输出开始 ===
Benchmark Configuration:
  Write Batch Size: 10000 records
  Read Batch Size:  10000 records
  Key Length:       32 bytes
  Value Length:     512 bytes
  Database Directory: /pcissd/cxy_test/vidb_project/LedgerDatabase/exps/data/
  Result Directory:  /pcissd/cxy_test/vidb_project/LedgerDatabase/exps/results_sqlledger/
  Result File:       /pcissd/cxy_test/vidb_project/LedgerDatabase/exps/results_sqlledger/scaleBenchmark.csv

====================== Test Configuration =====================
Write Batch Size: 10000 records
Read Batch Size:  10000 records
Key Length:       32 bytes
Value Length:     512 bytes
Test Scales:      1000 → 10000 → 100000 → 1000000 → 10000000 → 100000000
===============================================================

========== Starting Scale Benchmark ==========

========== Testing at data scale: 1000 ==========
Writing 1000 incremental records (keys: 1-1000, total: 1000)
tip block: 0----0
tip block: 0----0
Test Results: 
  Write Throughput: 47753.13 records/sec
  Read Throughput:  146097.86 records/sec
  Total Disk Usage: 13.57 MB
  Average Per Record: 14214.17 bytes

========== Testing at data scale: 10000 ==========
Writing 9000 incremental records (keys: 1001-10000, total: 10000)
tip block: 0----0
tip block: 0----0
Test Results: 
  Write Throughput: 37801.65 records/sec
  Read Throughput:  115204.85 records/sec
  Total Disk Usage: 47.09 MB
  Average Per Record: 4936.25 bytes

========== Testing at data scale: 100000 ==========
Writing 90000 incremental records (keys: 10001-100000, total: 100000)
tip block: 1----1
tip block: 1----1
Test Results: 
  Write Throughput: 24054.59 records/sec
  Read Throughput:  86308.96 records/sec
  Total Disk Usage: 249.68 MB
  Average Per Record: 2617.88 bytes

========== Testing at data scale: 1000000 ==========
Writing 900000 incremental records (keys: 100001-1000000, total: 1000000)
tip block: 14----14
tip block: 14----14
Test Results: 
  Write Throughput: 19489.29 records/sec
  Read Throughput:  99831.26 records/sec
  Total Disk Usage: 1875.76 MB
  Average Per Record: 1966.85 bytes

========== Testing at data scale: 10000000 ==========
Writing 9000000 incremental records (keys: 1000001-10000000, total: 10000000)
tip block: 196----196
tip block: 197----197
Test Results: 
  Write Throughput: 11994.70 records/sec
  Read Throughput:  35618.73 records/sec
  Total Disk Usage: 10497.67 MB
  Average Per Record: 1100.76 bytes

========== Testing at data scale: 100000000 ==========
Writing 90000000 incremental records (keys: 10000001-100000000, total: 100000000)
tip block: 2378----2378
tip block: 2380----2380
Test Results: 
  Write Throughput: 8481.24 records/sec
  Read Throughput:  23985.33 records/sec
  Total Disk Usage: 79809.90 MB
  Average Per Record: 836.87 bytes

All scale tests completed! Results saved to: /pcissd/cxy_test/vidb_project/LedgerDatabase/exps/results_sqlledger/scaleBenchmark.csv
terminate called without an active exception
=== 基准测试输出结束 ===
[2026-03-15 20:02:37] [INFO] 基准测试完成!
