=== ledgerdb Scale Benchmark 运行日志 ===
开始时间: Fri Mar 20 09:04:59 AM CST 2026
脚本目录: /pcissd/cxy_test/vidb_project/LedgerDatabase/exps
========================================

[2026-03-20 09:04:59] [INFO] 运行默认测试模式...
[2026-03-20 09:04:59] [INFO] 创建数据库目录: /pcissd/cxy_test/vidb_project/LedgerDatabase/exps/data/
[2026-03-20 09:04:59] [WARNING] 清理旧数据库数据...
[2026-03-20 09:04:59] [INFO] 启动基准测试...
=== 基准测试输出开始 ===
Benchmark Configuration:
  Write Batch Size: 10000 records
  Read Batch Size:  10000 records
  Key Length:       32 bytes
  Value Length:     512 bytes
  Database Directory: /pcissd/cxy_test/vidb_project/LedgerDatabase/exps/data/
  Result Directory:  /pcissd/cxy_test/vidb_project/LedgerDatabase/exps/results_ledgerdb/
  Result File:       /pcissd/cxy_test/vidb_project/LedgerDatabase/exps/results_ledgerdb/scaleBenchmark_20260320_090459.csv

====================== Test Configuration =====================
Write Batch Size: 10000 records
Read Batch Size:  10000 records
Key Length:       32 bytes
Value Length:     512 bytes
Test Scales:      1000 → 10000 → 100000 → 1000000 → 10000000 → 100000000 → 1000000000
===============================================================

========== Starting Scale Benchmark ==========

========== Testing at data scale: 1,000 ==========
Writing 1000 incremental records (keys: 1-1000, total: 1000)
tip block: 0----0
Test Results: 
[test batch write] generate key value
[test batch write] write data
[test batch write] flush
tip block: 0----1
  Write Throughput: 7604.95 records/sec
  Read Throughput:  84864.34 records/sec
  Total Disk Usage: 12.74 MB
  Average Per Record: 13344.38 bytes
  Current Memory:   56.04 MB
  Peak Memory:      56.04 MB
  Memory Per Record: 58765.31 bytes

========== Testing at data scale: 10,000 ==========
Writing 9000 incremental records (keys: 1001-10000, total: 10000)
tip block: 1----10
Test Results: 
[test batch write] generate key value
[test batch write] write data
[test batch write] flush
tip block: 10----11
  Write Throughput: 7617.82 records/sec
  Read Throughput:  96251.71 records/sec
  Total Disk Usage: 37.17 MB
  Average Per Record: 3895.16 bytes
  Current Memory:   95.38 MB
  Peak Memory:      101.00 MB
  Memory Per Record: 10001.20 bytes

========== Testing at data scale: 100,000 ==========
Writing 90000 incremental records (keys: 10001-100000, total: 100000)
write base data version: 100, memory: 251023360 bytes ( 239.39 MB)
tip block: 11----34
Test Results: 
[test batch write] generate key value
[test batch write] write data
[test batch write] flush
