=== qldb Scale Benchmark 运行日志 ===
开始时间: Tue Mar 17 09:58:37 AM CST 2026
脚本目录: /pcissd/cxy_test/vidb_project/LedgerDatabase/exps
========================================

[2026-03-17 09:58:37] [INFO] 运行默认测试模式...
[2026-03-17 09:58:37] [WARNING] 清理旧数据库数据...
[2026-03-17 09:58:38] [INFO] 启动基准测试...
=== 基准测试输出开始 ===
Benchmark Configuration:
  Write Batch Size: 10000 records
  Read Batch Size:  10000 records
  Key Length:       32 bytes
  Value Length:     512 bytes
  Database Directory: /pcissd/cxy_test/vidb_project/LedgerDatabase/exps/data/
  Result Directory:  /pcissd/cxy_test/vidb_project/LedgerDatabase/exps/results_qldb/
  Result File:       /pcissd/cxy_test/vidb_project/LedgerDatabase/exps/results_qldb/scaleBenchmark.csv

====================== Test Configuration =====================
Write Batch Size: 10000 records
Read Batch Size:  10000 records
Key Length:       32 bytes
Value Length:     512 bytes
Test Scales:      1000 → 10000 → 100000 → 1000000 → 10000000 → 100000000 → 1000000000
===============================================================

========== Starting Scale Benchmark ==========

========== Testing at data scale: 1000 ==========
Writing 1000 incremental records (keys: 1-1000, total: 1000)
tip block: 0----0
tip block: 1----1
Test Results: 
  Write Throughput: 25956.00 records/sec
  Read Throughput:  231244.87 records/sec
  Total Disk Usage: 10.09 MB
  Average Per Record: 10556.84 bytes

========== Testing at data scale: 10000 ==========
Writing 9000 incremental records (keys: 1001-10000, total: 10000)
tip block: 10----10
tip block: 11----11
Test Results: 
  Write Throughput: 18411.55 records/sec
  Read Throughput:  170806.96 records/sec
  Total Disk Usage: 45.22 MB
  Average Per Record: 4739.68 bytes

========== Testing at data scale: 100000 ==========
Writing 90000 incremental records (keys: 10001-100000, total: 100000)
tip block: 101----101
tip block: 102----102
Test Results: 
  Write Throughput: 12531.31 records/sec
  Read Throughput:  126137.01 records/sec
  Total Disk Usage: 252.29 MB
  Average Per Record: 2645.29 bytes

========== Testing at data scale: 1000000 ==========
Writing 900000 incremental records (keys: 100001-1000000, total: 1000000)
tip block: 1002----1002
tip block: 1003----1003
Test Results: 
  Write Throughput: 9188.73 records/sec
  Read Throughput:  97538.68 records/sec
  Total Disk Usage: 2221.16 MB
  Average Per Record: 2329.04 bytes

========== Testing at data scale: 10000000 ==========
Writing 9000000 incremental records (keys: 1000001-10000000, total: 10000000)
tip block: 10003----10003
tip block: 10004----10004
Test Results: 
  Write Throughput: 6257.06 records/sec
  Read Throughput:  61904.52 records/sec
  Total Disk Usage: 18934.67 MB
  Average Per Record: 1985.44 bytes

========== Testing at data scale: 100000000 ==========
Writing 90000000 incremental records (keys: 10000001-100000000, total: 100000000)
tip block: 100004----100004
tip block: 100005----100005
Test Results: 
  Write Throughput: 4948.71 records/sec
  Read Throughput:  44366.64 records/sec
  Total Disk Usage: 165678.07 MB
  Average Per Record: 1737.26 bytes

========== Testing at data scale: 1000000000 ==========
Writing 900000000 incremental records (keys: 100000001-1000000000, total: 1000000000)
terminate called after throwing an instance of 'std::bad_alloc'
  what():  std::bad_alloc
=== 基准测试输出结束 ===
[2026-03-17 15:09:02] [INFO] 基准测试完成!
