=== qldb Scale Benchmark 运行日志 ===
开始时间: Tue Mar 17 09:36:20 AM CST 2026
脚本目录: /pcissd/cxy_test/vidb_project/LedgerDatabase/exps
========================================

[2026-03-17 09:36:20] [INFO] 运行默认测试模式...
[2026-03-17 09:36:20] [INFO] 创建数据库目录: /pcissd/cxy_test/vidb_project/LedgerDatabase/exps/data/
[2026-03-17 09:36:20] [WARNING] 清理旧数据库数据...
[2026-03-17 09:36:20] [INFO] 启动基准测试...
=== 基准测试输出开始 ===
Benchmark Configuration:
  Write Batch Size: 10000 records
  Read Batch Size:  10000 records
  Key Length:       32 bytes
  Value Length:     512 bytes
  Database Directory: /pcissd/cxy_test/vidb_project/LedgerDatabase/exps/data/
  Result Directory:  /pcissd/cxy_test/vidb_project/LedgerDatabase/exps/results_qldb/
  Result File:       /pcissd/cxy_test/vidb_project/LedgerDatabase/exps/results_qldb/scaleBenchmark.csv

====================== Test Configuration =====================
Write Batch Size: 10000 records
Read Batch Size:  10000 records
Key Length:       32 bytes
Value Length:     512 bytes
Test Scales:      1000 → 10000 → 100000 → 1000000 → 10000000 → 100000000 → 1000000000
===============================================================

========== Starting Scale Benchmark ==========

========== Testing at data scale: 1000 ==========
Writing 1000 incremental records (keys: 1-1000, total: 1000)
tip block: 0----0
tip block: 0----0
Test Results: 
  Write Throughput: 25953.99 records/sec
  Read Throughput:  232440.23 records/sec
  Total Disk Usage: 10.09 MB
  Average Per Record: 10556.84 bytes

========== Testing at data scale: 10000 ==========
Writing 9000 incremental records (keys: 1001-10000, total: 10000)
tip block: 0----0
tip block: 0----0
Test Results: 
  Write Throughput: 18390.83 records/sec
  Read Throughput:  172123.79 records/sec
  Total Disk Usage: 45.22 MB
  Average Per Record: 4739.68 bytes

========== Testing at data scale: 100000 ==========
Writing 90000 incremental records (keys: 10001-100000, total: 100000)
tip block: 0----0
tip block: 0----0
Test Results: 
  Write Throughput: 12589.65 records/sec
  Read Throughput:  125667.94 records/sec
  Total Disk Usage: 252.29 MB
  Average Per Record: 2645.29 bytes

========== Testing at data scale: 1000000 ==========
Writing 900000 incremental records (keys: 100001-1000000, total: 1000000)
tip block: 0----0
tip block: 0----0
Test Results: 
  Write Throughput: 8959.42 records/sec
  Read Throughput:  100059.34 records/sec
  Total Disk Usage: 2197.20 MB
  Average Per Record: 2303.91 bytes

========== Testing at data scale: 10000000 ==========
Writing 9000000 incremental records (keys: 1000001-10000000, total: 10000000)
tip block: 0----0
tip block: 0----0
Test Results: 
  Write Throughput: 6125.29 records/sec
  Read Throughput:  61015.93 records/sec
  Total Disk Usage: 5694.34 MB
  Average Per Record: 597.09 bytes

========== Testing at data scale: 100000000 ==========
Writing 90000000 incremental records (keys: 10000001-100000000, total: 100000000)
