=== sqlledger Scale Benchmark 运行日志 ===
开始时间: Mon Mar 23 03:09:13 PM CST 2026
脚本目录: /pcissd/cxy_test/vidb_project/LedgerDatabase/exps
========================================

[2026-03-23 15:09:13] [INFO] 运行默认测试模式...
[2026-03-23 15:09:13] [WARNING] 清理旧数据库数据...
[2026-03-23 15:09:25] [INFO] 启动基准测试...
=== 基准测试输出开始 ===
Benchmark Configuration:
  Write Batch Size: 10000 records
  Read Batch Size:  10000 records
  Key Length:       32 bytes
  Value Length:     512 bytes
  Database Directory: /pcissd/cxy_test/vidb_project/LedgerDatabase/exps/data/
  Result Directory:  /pcissd/cxy_test/vidb_project/LedgerDatabase/exps/results_sqlledger/
  Result File:       /pcissd/cxy_test/vidb_project/LedgerDatabase/exps/results_sqlledger/scaleBenchmark_20260323_150913.csv

initialize database .../pcissd/cxy_test/vidb_project/LedgerDatabase/exps/data/
initialized database
====================== Test Configuration =====================
Write Batch Size: 10000 records
Read Batch Size:  10000 records
Key Length:       32 bytes
Value Length:     512 bytes
Test Scales:      1000 → 10000 → 100000 → 1000000 → 10000000 → 100000000 → 1000000000
===============================================================

========== Starting Scale Benchmark ==========

========== Testing at data scale: 1,000 ==========
Writing 1000 incremental records (keys: 1-1000, total: 1000)
tip block: 0----0
Test Results: 
  Total Disk Usage: 1.85 MB
  Average Per Record: 1923.45 bytes
[test batch write] generate key value
[test batch write] write data
[test batch write] flush
tip block: 0----1
  Write Throughput: 8324.69 records/sec
  Read Throughput:  156108.89 records/sec
  Current Memory:   49.82 MB
  Peak Memory:      52.67 MB
  Memory Per Record: 52236.29 bytes

========== Testing at data scale: 10,000 ==========
Writing 9000 incremental records (keys: 1001-10000, total: 10000)
tip block: 1----2
Test Results: 
  Total Disk Usage: 31.66 MB
  Average Per Record: 3317.68 bytes
[test batch write] generate key value
[test batch write] write data
[test batch write] flush
tip block: 2----3
  Write Throughput: 7921.87 records/sec
  Read Throughput:  113320.85 records/sec
  Current Memory:   75.52 MB
  Peak Memory:      84.86 MB
  Memory Per Record: 7918.39 bytes

========== Testing at data scale: 100,000 ==========
Writing 90000 incremental records (keys: 10001-100000, total: 100000)
write base data version: 100, memory: 218599424 bytes (208.47 MB)
tip block: 6----6
Test Results: 
  Total Disk Usage: 216.41 MB
  Average Per Record: 2269.05 bytes
[test batch write] generate key value
[test batch write] write data
[test batch write] flush
tip block: 7----8
  Write Throughput: 7138.87 records/sec
  Read Throughput:  89677.12 records/sec
  Current Memory:   249.48 MB
  Peak Memory:      284.25 MB
  Memory Per Record: 2616.03 bytes

========== Testing at data scale: 1,000,000 ==========
Writing 900000 incremental records (keys: 100001-1000000, total: 1000000)
write base data version: 200, memory: 413106176 bytes (393.97 MB)
write base data version: 300, memory: 558469120 bytes (532.60 MB)
write base data version: 400, memory: 191946752 bytes (183.05 MB)
write base data version: 500, memory: 331923456 bytes (316.55 MB)
write base data version: 600, memory: 474652672 bytes (452.66 MB)
write base data version: 700, memory: 616706048 bytes (588.14 MB)
write base data version: 800, memory: 251817984 bytes (240.15 MB)
write base data version: 900, memory: 387997696 bytes (370.02 MB)
write base data version: 1000, memory: 530911232 bytes (506.32 MB)
tip block: 32----33
Test Results: 
  Total Disk Usage: 1836.17 MB
  Average Per Record: 1925.35 bytes
[test batch write] generate key value
[test batch write] write data
[test batch write] flush
tip block: 33----33
  Write Throughput: 16642.36 records/sec
  Read Throughput:  57549.49 records/sec
  Current Memory:   661.14 MB
  Peak Memory:      679.55 MB
  Memory Per Record: 693.26 bytes

========== Testing at data scale: 10,000,000 ==========
Writing 9000000 incremental records (keys: 1000001-10000000, total: 10000000)
write base data version: 1100, memory: 314904576 bytes (300.32 MB)
write base data version: 1200, memory: 456679424 bytes (435.52 MB)
write base data version: 1300, memory: 598323200 bytes (570.61 MB)
write base data version: 1400, memory: 740253696 bytes (705.96 MB)
write base data version: 1500, memory: 380514304 bytes (362.89 MB)
write base data version: 1600, memory: 530219008 bytes (505.66 MB)
write base data version: 1700, memory: 660582400 bytes (629.98 MB)
write base data version: 1800, memory: 816918528 bytes (779.07 MB)
write base data version: 1900, memory: 436518912 bytes (416.30 MB)
write base data version: 2000, memory: 579141632 bytes (552.31 MB)
write base data version: 2100, memory: 719650816 bytes (686.31 MB)
write base data version: 2200, memory: 353296384 bytes (336.93 MB)
write base data version: 2300, memory: 505143296 bytes (481.74 MB)
write base data version: 2400, memory: 645447680 bytes (615.55 MB)
write base data version: 2500, memory: 794120192 bytes (757.33 MB)
write base data version: 2600, memory: 426225664 bytes (406.48 MB)
write base data version: 2700, memory: 566534144 bytes (540.29 MB)
write base data version: 2800, memory: 709750784 bytes (676.87 MB)
write base data version: 2900, memory: 861290496 bytes (821.39 MB)
write base data version: 3000, memory: 497299456 bytes (474.26 MB)
write base data version: 3100, memory: 647159808 bytes (617.18 MB)
write base data version: 3200, memory: 783720448 bytes (747.41 MB)
write base data version: 3300, memory: 432726016 bytes (412.68 MB)
write base data version: 3400, memory: 574619648 bytes (548.00 MB)
write base data version: 3500, memory: 716595200 bytes (683.40 MB)
write base data version: 3600, memory: 858095616 bytes (818.34 MB)
write base data version: 3700, memory: 497745920 bytes (474.69 MB)
write base data version: 3800, memory: 648450048 bytes (618.41 MB)
write base data version: 3900, memory: 790106112 bytes (753.50 MB)
write base data version: 4000, memory: 943919104 bytes (900.19 MB)
write base data version: 4100, memory: 573042688 bytes (546.50 MB)
write base data version: 4200, memory: 716320768 bytes (683.14 MB)
write base data version: 4300, memory: 858390528 bytes (818.62 MB)
write base data version: 4400, memory: 486899712 bytes (464.34 MB)
write base data version: 4500, memory: 639889408 bytes (610.25 MB)
write base data version: 4600, memory: 794554368 bytes (757.75 MB)
write base data version: 4700, memory: 950964224 bytes (906.91 MB)
write base data version: 4800, memory: 579747840 bytes (552.89 MB)
write base data version: 4900, memory: 722423808 bytes (688.96 MB)
write base data version: 5000, memory: 863870976 bytes (823.85 MB)
write base data version: 5100, memory: 1007038464 bytes (960.39 MB)
write base data version: 5200, memory: 641318912 bytes (611.61 MB)
write base data version: 5300, memory: 780828672 bytes (744.66 MB)
write base data version: 5400, memory: 932917248 bytes (889.70 MB)
write base data version: 5500, memory: 1092272128 bytes (1041.67 MB)
write base data version: 5600, memory: 725467136 bytes (691.86 MB)
write base data version: 5700, memory: 862511104 bytes (822.55 MB)
write base data version: 5800, memory: 1005842432 bytes (959.25 MB)
write base data version: 5900, memory: 650452992 bytes (620.32 MB)
write base data version: 6000, memory: 799850496 bytes (762.80 MB)
write base data version: 6100, memory: 940367872 bytes (896.80 MB)
write base data version: 6200, memory: 1093447680 bytes (1042.79 MB)
write base data version: 6300, memory: 732884992 bytes (698.93 MB)
write base data version: 6400, memory: 875544576 bytes (834.98 MB)
write base data version: 6500, memory: 1016164352 bytes (969.09 MB)
write base data version: 6600, memory: 650801152 bytes (620.65 MB)
write base data version: 6700, memory: 805797888 bytes (768.47 MB)
write base data version: 6800, memory: 943009792 bytes (899.32 MB)
write base data version: 6900, memory: 1101848576 bytes (1050.80 MB)
write base data version: 7000, memory: 737947648 bytes (703.76 MB)
write base data version: 7100, memory: 871661568 bytes (831.28 MB)
write base data version: 7200, memory: 1014185984 bytes (967.20 MB)
write base data version: 7300, memory: 1159671808 bytes (1105.95 MB)
write base data version: 7400, memory: 799219712 bytes (762.20 MB)
write base data version: 7500, memory: 939122688 bytes (895.62 MB)
write base data version: 7600, memory: 1098170368 bytes (1047.30 MB)
write base data version: 7700, memory: 732934144 bytes (698.98 MB)
write base data version: 7800, memory: 884310016 bytes (843.34 MB)
write base data version: 7900, memory: 1031499776 bytes (983.71 MB)
write base data version: 8000, memory: 1173278720 bytes (1118.93 MB)
write base data version: 8100, memory: 814702592 bytes (776.96 MB)
write base data version: 8200, memory: 967315456 bytes (922.50 MB)
write base data version: 8300, memory: 1110269952 bytes (1058.84 MB)
write base data version: 8400, memory: 1256263680 bytes (1198.07 MB)
write base data version: 8500, memory: 883113984 bytes (842.20 MB)
write base data version: 8600, memory: 1024884736 bytes (977.41 MB)
write base data version: 8700, memory: 1166331904 bytes (1112.30 MB)
write base data version: 8800, memory: 802177024 bytes (765.02 MB)
write base data version: 8900, memory: 956903424 bytes (912.57 MB)
write base data version: 9000, memory: 1089327104 bytes (1038.86 MB)
write base data version: 9100, memory: 1243127808 bytes (1185.54 MB)
write base data version: 9200, memory: 888496128 bytes (847.34 MB)
write base data version: 9300, memory: 1040744448 bytes (992.53 MB)
write base data version: 9400, memory: 1186611200 bytes (1131.64 MB)
write base data version: 9500, memory: 1321377792 bytes (1260.16 MB)
write base data version: 9600, memory: 959795200 bytes (915.33 MB)
write base data version: 9700, memory: 1104883712 bytes (1053.70 MB)
write base data version: 9800, memory: 1257635840 bytes (1199.38 MB)
write base data version: 9900, memory: 895320064 bytes (853.84 MB)
write base data version: 10000, memory: 1045753856 bytes (997.31 MB)
tip block: 300----301
Test Results: 
  Total Disk Usage: 18000.27 MB
  Average Per Record: 1887.46 bytes
[test batch write] generate key value
[test batch write] write data
[test batch write] flush
tip block: 302----302
  Write Throughput: 12792.91 records/sec
  Read Throughput:  36213.63 records/sec
  Current Memory:   1163.03 MB
  Peak Memory:      1327.79 MB
  Memory Per Record: 121.95 bytes

========== Testing at data scale: 100,000,000 ==========
Writing 90000000 incremental records (keys: 10000001-100000000, total: 100000000)
write base data version: 10100, memory: 1357787136 bytes (1294.89 MB)
write base data version: 10200, memory: 988643328 bytes (942.84 MB)
write base data version: 10300, memory: 1145909248 bytes (1092.82 MB)
write base data version: 10400, memory: 1286922240 bytes (1227.30 MB)
write base data version: 10500, memory: 1438912512 bytes (1372.25 MB)
write base data version: 10600, memory: 1083785216 bytes (1033.58 MB)
write base data version: 10700, memory: 1225510912 bytes (1168.74 MB)
write base data version: 10800, memory: 1376399360 bytes (1312.64 MB)
write base data version: 10900, memory: 1526235136 bytes (1455.53 MB)
write base data version: 11000, memory: 1156243456 bytes (1102.68 MB)
write base data version: 11100, memory: 1301753856 bytes (1241.45 MB)
write base data version: 11200, memory: 1430999040 bytes (1364.71 MB)
write base data version: 11300, memory: 1076535296 bytes (1026.66 MB)
write base data version: 11400, memory: 1236455424 bytes (1179.18 MB)
write base data version: 11500, memory: 1302224896 bytes (1241.90 MB)
write base data version: 11600, memory: 1446604800 bytes (1379.59 MB)
write base data version: 11700, memory: 1077161984 bytes (1027.26 MB)
write base data version: 11800, memory: 1227661312 bytes (1170.79 MB)
write base data version: 11900, memory: 1376714752 bytes (1312.94 MB)
write base data version: 12000, memory: 1515487232 bytes (1445.28 MB)
write base data version: 12100, memory: 1146814464 bytes (1093.69 MB)
write base data version: 12200, memory: 1288445952 bytes (1228.76 MB)
write base data version: 12300, memory: 1429835776 bytes (1363.60 MB)
write base data version: 12400, memory: 1058783232 bytes (1009.73 MB)
write base data version: 12500, memory: 1216270336 bytes (1159.93 MB)
write base data version: 12600, memory: 1371799552 bytes (1308.25 MB)
write base data version: 12700, memory: 1523953664 bytes (1453.36 MB)
write base data version: 12800, memory: 1151078400 bytes (1097.75 MB)
write base data version: 12900, memory: 1302597632 bytes (1242.25 MB)
write base data version: 13000, memory: 1451110400 bytes (1383.89 MB)
write base data version: 13100, memory: 1593278464 bytes (1519.47 MB)
write base data version: 13200, memory: 1233235968 bytes (1176.11 MB)
write base data version: 13300, memory: 1386729472 bytes (1322.49 MB)
write base data version: 13400, memory: 1537900544 bytes (1466.66 MB)
write base data version: 13500, memory: 1162551296 bytes (1108.70 MB)
write base data version: 13600, memory: 1314222080 bytes (1253.34 MB)
write base data version: 13700, memory: 1461161984 bytes (1393.47 MB)
write base data version: 13800, memory: 1603342336 bytes (1529.07 MB)
write base data version: 13900, memory: 1235357696 bytes (1178.13 MB)
write base data version: 14000, memory: 1388384256 bytes (1324.07 MB)
write base data version: 14100, memory: 1543876608 bytes (1472.36 MB)
write base data version: 14200, memory: 1678950400 bytes (1601.17 MB)
write base data version: 14300, memory: 1312727040 bytes (1251.91 MB)
write base data version: 14400, memory: 1461071872 bytes (1393.39 MB)
write base data version: 14500, memory: 1614151680 bytes (1539.38 MB)
write base data version: 14600, memory: 1242562560 bytes (1185.00 MB)
write base data version: 14700, memory: 1398259712 bytes (1333.48 MB)
write base data version: 14800, memory: 1542045696 bytes (1470.61 MB)
write base data version: 14900, memory: 1687719936 bytes (1609.54 MB)
write base data version: 15000, memory: 1315119104 bytes (1254.20 MB)
write base data version: 15100, memory: 1460850688 bytes (1393.18 MB)
write base data version: 15200, memory: 1608253440 bytes (1533.75 MB)
write base data version: 15300, memory: 1763627008 bytes (1681.93 MB)
write base data version: 15400, memory: 1391861760 bytes (1327.38 MB)
write base data version: 15500, memory: 1532358656 bytes (1461.37 MB)
write base data version: 15600, memory: 1660137472 bytes (1583.23 MB)
write base data version: 15700, memory: 1809731584 bytes (1725.89 MB)
write base data version: 15800, memory: 1427116032 bytes (1361.00 MB)
write base data version: 15900, memory: 1574334464 bytes (1501.40 MB)
write base data version: 16000, memory: 1715175424 bytes (1635.72 MB)
write base data version: 16100, memory: 1353666560 bytes (1290.96 MB)
write base data version: 16200, memory: 1509343232 bytes (1439.42 MB)
write base data version: 16300, memory: 1646673920 bytes (1570.39 MB)
write base data version: 16400, memory: 1797357568 bytes (1714.09 MB)
write base data version: 16500, memory: 1441333248 bytes (1374.56 MB)
write base data version: 16600, memory: 1586819072 bytes (1513.31 MB)
write base data version: 16700, memory: 1731887104 bytes (1651.66 MB)
write base data version: 16800, memory: 1365032960 bytes (1301.80 MB)
write base data version: 16900, memory: 1520066560 bytes (1449.65 MB)
write base data version: 17000, memory: 1665753088 bytes (1588.59 MB)
write base data version: 17100, memory: 1814167552 bytes (1730.12 MB)
write base data version: 17200, memory: 1444978688 bytes (1378.04 MB)
write base data version: 17300, memory: 1585725440 bytes (1512.27 MB)
write base data version: 17400, memory: 1727782912 bytes (1647.74 MB)
write base data version: 17500, memory: 1873805312 bytes (1787.00 MB)
write base data version: 17600, memory: 1497841664 bytes (1428.45 MB)
write base data version: 17700, memory: 1643376640 bytes (1567.25 MB)
write base data version: 17800, memory: 1781002240 bytes (1698.50 MB)
write base data version: 17900, memory: 1414598656 bytes (1349.07 MB)
write base data version: 18000, memory: 1556692992 bytes (1484.58 MB)
write base data version: 18100, memory: 1696935936 bytes (1618.32 MB)
write base data version: 18200, memory: 1840680960 bytes (1755.41 MB)
write base data version: 18300, memory: 1481957376 bytes (1413.30 MB)
write base data version: 18400, memory: 1629986816 bytes (1554.48 MB)
write base data version: 18500, memory: 1776214016 bytes (1693.93 MB)
write base data version: 18600, memory: 1927454720 bytes (1838.16 MB)
write base data version: 18700, memory: 1554898944 bytes (1482.87 MB)
write base data version: 18800, memory: 1706639360 bytes (1627.58 MB)
write base data version: 18900, memory: 1852481536 bytes (1766.66 MB)
write base data version: 19000, memory: 1487327232 bytes (1418.43 MB)
write base data version: 19100, memory: 1641316352 bytes (1565.28 MB)
write base data version: 19200, memory: 1782898688 bytes (1700.30 MB)
write base data version: 19300, memory: 1932029952 bytes (1842.53 MB)
write base data version: 19400, memory: 1564647424 bytes (1492.16 MB)
write base data version: 19500, memory: 1712889856 bytes (1633.54 MB)
write base data version: 19600, memory: 1874018304 bytes (1787.20 MB)
write base data version: 19700, memory: 2021330944 bytes (1927.69 MB)
write base data version: 19800, memory: 1658847232 bytes (1582.00 MB)
write base data version: 19900, memory: 1776611328 bytes (1694.31 MB)
write base data version: 20000, memory: 1917718528 bytes (1828.88 MB)
write base data version: 20100, memory: 1557876736 bytes (1485.71 MB)
write base data version: 20200, memory: 1702473728 bytes (1623.61 MB)
write base data version: 20300, memory: 1843675136 bytes (1758.27 MB)
write base data version: 20400, memory: 1984778240 bytes (1892.83 MB)
write base data version: 20500, memory: 1618702336 bytes (1543.71 MB)
write base data version: 20600, memory: 1772769280 bytes (1690.64 MB)
write base data version: 20700, memory: 1907613696 bytes (1819.24 MB)
write base data version: 20800, memory: 2055548928 bytes (1960.32 MB)
write base data version: 20900, memory: 1686278144 bytes (1608.16 MB)
write base data version: 21000, memory: 1830027264 bytes (1745.25 MB)
write base data version: 21100, memory: 1972666368 bytes (1881.28 MB)
write base data version: 21200, memory: 1603641344 bytes (1529.35 MB)
write base data version: 21300, memory: 1758740480 bytes (1677.27 MB)
write base data version: 21400, memory: 1902395392 bytes (1814.27 MB)
write base data version: 21500, memory: 2053390336 bytes (1958.27 MB)
write base data version: 21600, memory: 1685835776 bytes (1607.74 MB)
write base data version: 21700, memory: 1833861120 bytes (1748.91 MB)
write base data version: 21800, memory: 1989660672 bytes (1897.49 MB)
write base data version: 21900, memory: 2148077568 bytes (2048.57 MB)
write base data version: 22000, memory: 1782071296 bytes (1699.52 MB)
write base data version: 22100, memory: 1928945664 bytes (1839.59 MB)
write base data version: 22200, memory: 2080075776 bytes (1983.71 MB)
write base data version: 22300, memory: 1707749376 bytes (1628.64 MB)
write base data version: 22400, memory: 1857622016 bytes (1771.57 MB)
write base data version: 22500, memory: 1999806464 bytes (1907.16 MB)
write base data version: 22600, memory: 2141368320 bytes (2042.17 MB)
write base data version: 22700, memory: 1780686848 bytes (1698.20 MB)
write base data version: 22800, memory: 1929850880 bytes (1840.45 MB)
write base data version: 22900, memory: 2063933440 bytes (1968.32 MB)
write base data version: 23000, memory: 2218229760 bytes (2115.47 MB)
write base data version: 23100, memory: 1845256192 bytes (1759.77 MB)
write base data version: 23200, memory: 1994891264 bytes (1902.48 MB)
write base data version: 23300, memory: 2153127936 bytes (2053.38 MB)
write base data version: 23400, memory: 1795436544 bytes (1712.26 MB)
write base data version: 23500, memory: 1936818176 bytes (1847.09 MB)
write base data version: 23600, memory: 2076143616 bytes (1979.96 MB)
write base data version: 23700, memory: 2218270720 bytes (2115.51 MB)
write base data version: 23800, memory: 1847013376 bytes (1761.45 MB)
write base data version: 23900, memory: 1989103616 bytes (1896.96 MB)
write base data version: 24000, memory: 2131054592 bytes (2032.33 MB)
write base data version: 24100, memory: 2276114432 bytes (2170.67 MB)
write base data version: 24200, memory: 1899913216 bytes (1811.90 MB)
write base data version: 24300, memory: 2043465728 bytes (1948.80 MB)
write base data version: 24400, memory: 2177273856 bytes (2076.41 MB)
write base data version: 24500, memory: 1809137664 bytes (1725.33 MB)
write base data version: 24600, memory: 1949540352 bytes (1859.23 MB)
write base data version: 24700, memory: 2091765760 bytes (1994.86 MB)
write base data version: 24800, memory: 2235256832 bytes (2131.71 MB)
write base data version: 24900, memory: 1861709824 bytes (1775.46 MB)
write base data version: 25000, memory: 2005360640 bytes (1912.46 MB)
write base data version: 25100, memory: 2134077440 bytes (2035.21 MB)
write base data version: 25200, memory: 2282110976 bytes (2176.39 MB)
write base data version: 25300, memory: 1906122752 bytes (1817.82 MB)
write base data version: 25400, memory: 2072801280 bytes (1976.78 MB)
write base data version: 25500, memory: 2232037376 bytes (2128.64 MB)
write base data version: 25600, memory: 1865601024 bytes (1779.18 MB)
write base data version: 25700, memory: 2016776192 bytes (1923.35 MB)
write base data version: 25800, memory: 2169868288 bytes (2069.35 MB)
write base data version: 25900, memory: 2317471744 bytes (2210.11 MB)
write base data version: 26000, memory: 1945083904 bytes (1854.98 MB)
write base data version: 26100, memory: 2092834816 bytes (1995.88 MB)
write base data version: 26200, memory: 2235437056 bytes (2131.88 MB)
write base data version: 26300, memory: 2379325440 bytes (2269.10 MB)
write base data version: 26400, memory: 2016485376 bytes (1923.07 MB)
write base data version: 26500, memory: 2169495552 bytes (2068.99 MB)
write base data version: 26600, memory: 2303307776 bytes (2196.61 MB)
write base data version: 26700, memory: 1944981504 bytes (1854.88 MB)
write base data version: 26800, memory: 2085494784 bytes (1988.88 MB)
write base data version: 26900, memory: 2241351680 bytes (2137.52 MB)
write base data version: 27000, memory: 2395955200 bytes (2284.96 MB)
write base data version: 27100, memory: 2028515328 bytes (1934.54 MB)
write base data version: 27200, memory: 2174763008 bytes (2074.02 MB)
write base data version: 27300, memory: 2328502272 bytes (2220.63 MB)
write base data version: 27400, memory: 2485731328 bytes (2370.58 MB)
write base data version: 27500, memory: 2119401472 bytes (2021.22 MB)
write base data version: 27600, memory: 2265460736 bytes (2160.51 MB)
write base data version: 27700, memory: 2406682624 bytes (2295.19 MB)
write base data version: 27800, memory: 2044162048 bytes (1949.46 MB)
write base data version: 27900, memory: 2191273984 bytes (2089.76 MB)
write base data version: 28000, memory: 2334539776 bytes (2226.39 MB)
write base data version: 28100, memory: 2477133824 bytes (2362.38 MB)
write base data version: 28200, memory: 2105716736 bytes (2008.17 MB)
write base data version: 28300, memory: 2259771392 bytes (2155.09 MB)
write base data version: 28400, memory: 2390073344 bytes (2279.35 MB)
write base data version: 28500, memory: 2540519424 bytes (2422.83 MB)
write base data version: 28600, memory: 2163879936 bytes (2063.64 MB)
write base data version: 28700, memory: 2313785344 bytes (2206.60 MB)
write base data version: 28800, memory: 2459881472 bytes (2345.93 MB)
write base data version: 28900, memory: 2099941376 bytes (2002.66 MB)
write base data version: 29000, memory: 2248704000 bytes (2144.53 MB)
write base data version: 29100, memory: 2399666176 bytes (2288.50 MB)
write base data version: 29200, memory: 2543017984 bytes (2425.21 MB)
write base data version: 29300, memory: 2178895872 bytes (2077.96 MB)
write base data version: 29400, memory: 2332319744 bytes (2224.27 MB)
write base data version: 29500, memory: 2481336320 bytes (2366.39 MB)
write base data version: 29600, memory: 2629038080 bytes (2507.25 MB)
write base data version: 29700, memory: 2252066816 bytes (2147.74 MB)
write base data version: 29800, memory: 2391154688 bytes (2280.38 MB)
write base data version: 29900, memory: 2534350848 bytes (2416.95 MB)
write base data version: 30000, memory: 2171252736 bytes (2070.67 MB)
write base data version: 30100, memory: 2312015872 bytes (2204.91 MB)
write base data version: 30200, memory: 2453368832 bytes (2339.71 MB)
write base data version: 30300, memory: 2597310464 bytes (2476.99 MB)
write base data version: 30400, memory: 2200293376 bytes (2098.36 MB)
write base data version: 30500, memory: 2343694336 bytes (2235.12 MB)
write base data version: 30600, memory: 2484731904 bytes (2369.62 MB)
write base data version: 30700, memory: 2631741440 bytes (2509.82 MB)
write base data version: 30800, memory: 2254544896 bytes (2150.10 MB)
write base data version: 30900, memory: 2393698304 bytes (2282.81 MB)
write base data version: 31000, memory: 2538569728 bytes (2420.97 MB)
write base data version: 31100, memory: 2166939648 bytes (2066.55 MB)
write base data version: 31200, memory: 2311000064 bytes (2203.94 MB)
write base data version: 31300, memory: 2455990272 bytes (2342.21 MB)
write base data version: 31400, memory: 2608361472 bytes (2487.53 MB)
write base data version: 31500, memory: 2243862528 bytes (2139.91 MB)
write base data version: 31600, memory: 2394820608 bytes (2283.88 MB)
write base data version: 31700, memory: 2547359744 bytes (2429.35 MB)
write base data version: 31800, memory: 2674180096 bytes (2550.30 MB)
write base data version: 31900, memory: 2300989440 bytes (2194.39 MB)
write base data version: 32000, memory: 2438852608 bytes (2325.87 MB)
write base data version: 32100, memory: 2586587136 bytes (2466.76 MB)
write base data version: 32200, memory: 2223882240 bytes (2120.86 MB)
write base data version: 32300, memory: 2376978432 bytes (2266.86 MB)
write base data version: 32400, memory: 2519085056 bytes (2402.39 MB)
write base data version: 32500, memory: 2674606080 bytes (2550.70 MB)
write base data version: 32600, memory: 2303475712 bytes (2196.77 MB)
write base data version: 32700, memory: 2457296896 bytes (2343.46 MB)
write base data version: 32800, memory: 2610642944 bytes (2489.70 MB)
write base data version: 32900, memory: 2769395712 bytes (2641.10 MB)
write base data version: 33000, memory: 2402742272 bytes (2291.43 MB)
write base data version: 33100, memory: 2553540608 bytes (2435.25 MB)
write base data version: 33200, memory: 2702700544 bytes (2577.50 MB)
write base data version: 33300, memory: 2340737024 bytes (2232.30 MB)
write base data version: 33400, memory: 2489077760 bytes (2373.77 MB)
write base data version: 33500, memory: 2644459520 bytes (2521.95 MB)
write base data version: 33600, memory: 2793922560 bytes (2664.49 MB)
write base data version: 33700, memory: 2426281984 bytes (2313.88 MB)
write base data version: 33800, memory: 2568806400 bytes (2449.80 MB)
write base data version: 33900, memory: 2706522112 bytes (2581.14 MB)
write base data version: 34000, memory: 2858209280 bytes (2725.80 MB)
write base data version: 34100, memory: 2438705152 bytes (2325.73 MB)
write base data version: 34200, memory: 2596786176 bytes (2476.49 MB)
write base data version: 34300, memory: 2742226944 bytes (2615.19 MB)
write base data version: 34400, memory: 2363961344 bytes (2254.45 MB)
write base data version: 34500, memory: 2508201984 bytes (2392.01 MB)
write base data version: 34600, memory: 2624032768 bytes (2502.47 MB)
write base data version: 34700, memory: 2768732160 bytes (2640.47 MB)
write base data version: 34800, memory: 2405376000 bytes (2293.95 MB)
write base data version: 34900, memory: 2557599744 bytes (2439.12 MB)
write base data version: 35000, memory: 2708598784 bytes (2583.12 MB)
write base data version: 35100, memory: 2857709568 bytes (2725.32 MB)
write base data version: 35200, memory: 2496954368 bytes (2381.28 MB)
write base data version: 35300, memory: 2643824640 bytes (2521.35 MB)
write base data version: 35400, memory: 2796560384 bytes (2667.01 MB)
write base data version: 35500, memory: 2442579968 bytes (2329.43 MB)
write base data version: 35600, memory: 2601897984 bytes (2481.36 MB)
write base data version: 35700, memory: 2766168064 bytes (2638.02 MB)
write base data version: 35800, memory: 2923880448 bytes (2788.43 MB)
write base data version: 35900, memory: 2474061824 bytes (2359.45 MB)
write base data version: 36000, memory: 2620182528 bytes (2498.80 MB)
write base data version: 36100, memory: 2761494528 bytes (2633.57 MB)
write base data version: 36200, memory: 2383568896 bytes (2273.15 MB)
write base data version: 36300, memory: 2526724096 bytes (2409.67 MB)
write base data version: 36400, memory: 2630324224 bytes (2508.47 MB)
write base data version: 36500, memory: 2774155264 bytes (2645.64 MB)
write base data version: 36600, memory: 2406567936 bytes (2295.08 MB)
write base data version: 36700, memory: 2556674048 bytes (2438.23 MB)
write base data version: 36800, memory: 2714693632 bytes (2588.93 MB)
write base data version: 36900, memory: 2868862976 bytes (2735.96 MB)
write base data version: 37000, memory: 2495967232 bytes (2380.34 MB)
write base data version: 37100, memory: 2645020672 bytes (2522.49 MB)
write base data version: 37200, memory: 2806775808 bytes (2676.75 MB)
write base data version: 37300, memory: 2440372224 bytes (2327.32 MB)
write base data version: 37400, memory: 2600296448 bytes (2479.84 MB)
write base data version: 37500, memory: 2746220544 bytes (2619.00 MB)
write base data version: 37600, memory: 2896666624 bytes (2762.48 MB)
write base data version: 37700, memory: 2531155968 bytes (2413.90 MB)
write base data version: 37800, memory: 2655551488 bytes (2532.53 MB)
write base data version: 37900, memory: 2800885760 bytes (2671.13 MB)
write base data version: 38000, memory: 2429280256 bytes (2316.74 MB)
write base data version: 38100, memory: 2583498752 bytes (2463.82 MB)
write base data version: 38200, memory: 2733842432 bytes (2607.20 MB)
write base data version: 38300, memory: 2880471040 bytes (2747.03 MB)
write base data version: 38400, memory: 2520436736 bytes (2403.68 MB)
write base data version: 38500, memory: 2672320512 bytes (2548.52 MB)
write base data version: 38600, memory: 2819637248 bytes (2689.02 MB)
write base data version: 38700, memory: 2973450240 bytes (2835.70 MB)
write base data version: 38800, memory: 2607771648 bytes (2486.96 MB)
write base data version: 38900, memory: 2758631424 bytes (2630.84 MB)
write base data version: 39000, memory: 2914701312 bytes (2779.68 MB)
write base data version: 39100, memory: 2561839104 bytes (2443.16 MB)
write base data version: 39200, memory: 2752028672 bytes (2624.54 MB)
write base data version: 39300, memory: 2907209728 bytes (2772.53 MB)
write base data version: 39400, memory: 3037630464 bytes (2896.91 MB)
write base data version: 39500, memory: 2676383744 bytes (2552.40 MB)
write base data version: 39600, memory: 2822791168 bytes (2692.02 MB)
write base data version: 39700, memory: 2976272384 bytes (2838.39 MB)
write base data version: 39800, memory: 3120918528 bytes (2976.34 MB)
write base data version: 39900, memory: 2759798784 bytes (2631.95 MB)
write base data version: 40000, memory: 2915258368 bytes (2780.21 MB)
write base data version: 40100, memory: 3057872896 bytes (2916.21 MB)
write base data version: 40200, memory: 2692694016 bytes (2567.95 MB)
write base data version: 40300, memory: 2843164672 bytes (2711.45 MB)
write base data version: 40400, memory: 2988994560 bytes (2850.53 MB)
write base data version: 40500, memory: 3120283648 bytes (2975.73 MB)
write base data version: 40600, memory: 2750664704 bytes (2623.24 MB)
write base data version: 40700, memory: 2891665408 bytes (2757.71 MB)
write base data version: 40800, memory: 3023929344 bytes (2883.84 MB)
write base data version: 40900, memory: 3171307520 bytes (3024.39 MB)
write base data version: 41000, memory: 2795032576 bytes (2665.55 MB)
write base data version: 41100, memory: 2938003456 bytes (2801.90 MB)
write base data version: 41200, memory: 3079630848 bytes (2936.96 MB)
write base data version: 41300, memory: 2710134784 bytes (2584.59 MB)
write base data version: 41400, memory: 2851848192 bytes (2719.73 MB)
write base data version: 41500, memory: 2994077696 bytes (2855.38 MB)
write base data version: 41600, memory: 3145777152 bytes (3000.05 MB)
write base data version: 41700, memory: 2800992256 bytes (2671.23 MB)
write base data version: 41800, memory: 2961866752 bytes (2824.66 MB)
write base data version: 41900, memory: 3119280128 bytes (2974.78 MB)
write base data version: 42000, memory: 3260215296 bytes (3109.18 MB)
write base data version: 42100, memory: 2906611712 bytes (2771.96 MB)
write base data version: 42200, memory: 3053428736 bytes (2911.98 MB)
write base data version: 42300, memory: 3163795456 bytes (3017.23 MB)
write base data version: 42400, memory: 2786402304 bytes (2657.32 MB)
write base data version: 42500, memory: 2930716672 bytes (2794.95 MB)
write base data version: 42600, memory: 3030654976 bytes (2890.26 MB)
write base data version: 42700, memory: 3171991552 bytes (3025.05 MB)
write base data version: 42800, memory: 2804486144 bytes (2674.57 MB)
write base data version: 42900, memory: 2948476928 bytes (2811.89 MB)
write base data version: 43000, memory: 3113062400 bytes (2968.85 MB)
write base data version: 43100, memory: 2748915712 bytes (2621.57 MB)
write base data version: 43200, memory: 2894802944 bytes (2760.70 MB)
write base data version: 43300, memory: 3044655104 bytes (2903.61 MB)
write base data version: 43400, memory: 3193237504 bytes (3045.31 MB)
write base data version: 43500, memory: 2846216192 bytes (2714.36 MB)
write base data version: 43600, memory: 3002920960 bytes (2863.81 MB)
write base data version: 43700, memory: 3161456640 bytes (3015.00 MB)
write base data version: 43800, memory: 3312427008 bytes (3158.98 MB)
write base data version: 43900, memory: 2943619072 bytes (2807.25 MB)
write base data version: 44000, memory: 3098488832 bytes (2954.95 MB)
write base data version: 44100, memory: 3254345728 bytes (3103.59 MB)
write base data version: 44200, memory: 2902278144 bytes (2767.83 MB)
write base data version: 44300, memory: 3064291328 bytes (2922.34 MB)
write base data version: 44400, memory: 3217584128 bytes (3068.53 MB)
write base data version: 44500, memory: 3343065088 bytes (3188.20 MB)
write base data version: 44600, memory: 2976174080 bytes (2838.30 MB)
write base data version: 44700, memory: 3122216960 bytes (2977.58 MB)
write base data version: 44800, memory: 3276402688 bytes (3124.62 MB)
write base data version: 44900, memory: 3426127872 bytes (3267.41 MB)
write base data version: 45000, memory: 3054911488 bytes (2913.39 MB)
write base data version: 45100, memory: 3212386304 bytes (3063.57 MB)
write base data version: 45200, memory: 3362156544 bytes (3206.40 MB)
write base data version: 45300, memory: 3006574592 bytes (2867.29 MB)
write base data version: 45400, memory: 3176357888 bytes (3029.21 MB)
write base data version: 45500, memory: 3337273344 bytes (3182.67 MB)
write base data version: 45600, memory: 3491516416 bytes (3329.77 MB)
write base data version: 45700, memory: 3130613760 bytes (2985.59 MB)
write base data version: 45800, memory: 3276918784 bytes (3125.11 MB)
write base data version: 45900, memory: 3431395328 bytes (3272.43 MB)
write base data version: 46000, memory: 3587690496 bytes (3421.49 MB)
write base data version: 46100, memory: 3267899392 bytes (3116.51 MB)
write base data version: 46200, memory: 3444518912 bytes (3284.95 MB)
write base data version: 46300, memory: 3572707328 bytes (3407.20 MB)
write base data version: 46400, memory: 3128856576 bytes (2983.91 MB)
write base data version: 46500, memory: 3273895936 bytes (3122.23 MB)
write base data version: 46600, memory: 3418968064 bytes (3260.58 MB)
write base data version: 46700, memory: 3560611840 bytes (3395.66 MB)
write base data version: 46800, memory: 3188568064 bytes (3040.86 MB)
write base data version: 46900, memory: 3332104192 bytes (3177.74 MB)
write base data version: 47000, memory: 3476115456 bytes (3315.08 MB)
write base data version: 47100, memory: 3636846592 bytes (3468.37 MB)
write base data version: 47200, memory: 3259609088 bytes (3108.61 MB)
write base data version: 47300, memory: 3404726272 bytes (3247.00 MB)
write base data version: 47400, memory: 3545968640 bytes (3381.70 MB)
write base data version: 47500, memory: 3183915008 bytes (3036.42 MB)
write base data version: 47600, memory: 3335794688 bytes (3181.26 MB)
write base data version: 47700, memory: 3486650368 bytes (3325.13 MB)
write base data version: 47800, memory: 3632861184 bytes (3464.57 MB)
write base data version: 47900, memory: 3276820480 bytes (3125.02 MB)
write base data version: 48000, memory: 3424591872 bytes (3265.95 MB)
write base data version: 48100, memory: 3577028608 bytes (3411.32 MB)
write base data version: 48200, memory: 3216236544 bytes (3067.24 MB)
write base data version: 48300, memory: 3363860480 bytes (3208.03 MB)
write base data version: 48400, memory: 3521839104 bytes (3358.69 MB)
write base data version: 48500, memory: 3669254144 bytes (3499.27 MB)
write base data version: 48600, memory: 3310878720 bytes (3157.50 MB)
write base data version: 48700, memory: 3462299648 bytes (3301.91 MB)
write base data version: 48800, memory: 3611803648 bytes (3444.48 MB)
write base data version: 48900, memory: 3767148544 bytes (3592.63 MB)
write base data version: 49000, memory: 3403771904 bytes (3246.09 MB)
write base data version: 49100, memory: 3556294656 bytes (3391.55 MB)
write base data version: 49200, memory: 3703857152 bytes (3532.27 MB)
write base data version: 49300, memory: 3352588288 bytes (3197.28 MB)
write base data version: 49400, memory: 3533320192 bytes (3369.64 MB)
write base data version: 49500, memory: 3684339712 bytes (3513.66 MB)
write base data version: 49600, memory: 3660320768 bytes (3490.75 MB)
write base data version: 49700, memory: 3297873920 bytes (3145.10 MB)
write base data version: 49800, memory: 3439157248 bytes (3279.84 MB)
write base data version: 49900, memory: 3593846784 bytes (3427.36 MB)
write base data version: 50000, memory: 3745406976 bytes (3571.90 MB)
write base data version: 50100, memory: 3377209344 bytes (3220.76 MB)
write base data version: 50200, memory: 3527098368 bytes (3363.70 MB)
write base data version: 50300, memory: 3677581312 bytes (3507.21 MB)
write base data version: 50400, memory: 3311497216 bytes (3158.09 MB)
write base data version: 50500, memory: 3466678272 bytes (3306.08 MB)
write base data version: 50600, memory: 3613577216 bytes (3446.18 MB)
write base data version: 50700, memory: 3766722560 bytes (3592.23 MB)
write base data version: 50800, memory: 3407093760 bytes (3249.26 MB)
write base data version: 50900, memory: 3558993920 bytes (3394.12 MB)
write base data version: 51000, memory: 3714117632 bytes (3542.06 MB)
write base data version: 51100, memory: 3862212608 bytes (3683.29 MB)
write base data version: 51200, memory: 3499175936 bytes (3337.07 MB)
write base data version: 51300, memory: 3647975424 bytes (3478.98 MB)
write base data version: 51400, memory: 3819233280 bytes (3642.30 MB)
write base data version: 51500, memory: 3457802240 bytes (3297.62 MB)
write base data version: 51600, memory: 3463929856 bytes (3303.46 MB)
write base data version: 51700, memory: 3587694592 bytes (3421.49 MB)
write base data version: 51800, memory: 3731935232 bytes (3559.05 MB)
write base data version: 51900, memory: 3359285248 bytes (3203.66 MB)
write base data version: 52000, memory: 3504078848 bytes (3341.75 MB)
write base data version: 52100, memory: 3645018112 bytes (3476.16 MB)
write base data version: 52200, memory: 3789778944 bytes (3614.21 MB)
write base data version: 52300, memory: 3380486144 bytes (3223.88 MB)
write base data version: 52400, memory: 3523248128 bytes (3360.03 MB)
write base data version: 52500, memory: 3666345984 bytes (3496.50 MB)
write base data version: 52600, memory: 3300397056 bytes (3147.50 MB)
write base data version: 52700, memory: 3450339328 bytes (3290.50 MB)
write base data version: 52800, memory: 3609436160 bytes (3442.23 MB)
write base data version: 52900, memory: 3757604864 bytes (3583.53 MB)
write base data version: 53000, memory: 3381829632 bytes (3225.16 MB)
write base data version: 53100, memory: 3522867200 bytes (3359.67 MB)
write base data version: 53200, memory: 3667984384 bytes (3498.06 MB)
write base data version: 53300, memory: 3291058176 bytes (3138.60 MB)
write base data version: 53400, memory: 3449864192 bytes (3290.05 MB)
write base data version: 53500, memory: 3594371072 bytes (3427.86 MB)
write base data version: 53600, memory: 3740549120 bytes (3567.27 MB)
write base data version: 53700, memory: 3376361472 bytes (3219.95 MB)
write base data version: 53800, memory: 3517202432 bytes (3354.27 MB)
write base data version: 53900, memory: 3662184448 bytes (3492.53 MB)
write base data version: 54000, memory: 3806507008 bytes (3630.17 MB)
write base data version: 54100, memory: 3442315264 bytes (3282.85 MB)
write base data version: 54200, memory: 3584958464 bytes (3418.88 MB)
write base data version: 54300, memory: 3745824768 bytes (3572.30 MB)
write base data version: 54400, memory: 3377893376 bytes (3221.41 MB)
write base data version: 54500, memory: 3526152192 bytes (3362.80 MB)
write base data version: 54600, memory: 3667435520 bytes (3497.54 MB)
write base data version: 54700, memory: 3810516992 bytes (3633.99 MB)
write base data version: 54800, memory: 3439435776 bytes (3280.10 MB)
write base data version: 54900, memory: 3582943232 bytes (3416.96 MB)
write base data version: 55000, memory: 3713425408 bytes (3541.40 MB)
write base data version: 55100, memory: 3853934592 bytes (3675.40 MB)
write base data version: 55200, memory: 3484213248 bytes (3322.80 MB)
write base data version: 55300, memory: 3626762240 bytes (3458.75 MB)
write base data version: 55400, memory: 3770707968 bytes (3596.03 MB)
write base data version: 55500, memory: 3407511552 bytes (3249.66 MB)
write base data version: 55600, memory: 3563343872 bytes (3398.27 MB)
write base data version: 55700, memory: 3703287808 bytes (3531.73 MB)
write base data version: 55800, memory: 3860353024 bytes (3681.52 MB)
write base data version: 55900, memory: 3496132608 bytes (3334.17 MB)
write base data version: 56000, memory: 3645079552 bytes (3476.22 MB)
write base data version: 56100, memory: 3790565376 bytes (3614.96 MB)
write base data version: 56200, memory: 3937660928 bytes (3755.25 MB)
write base data version: 56300, memory: 3573477376 bytes (3407.93 MB)
write base data version: 56400, memory: 3714965504 bytes (3542.87 MB)
write base data version: 56500, memory: 3865628672 bytes (3686.55 MB)
write base data version: 56600, memory: 3500126208 bytes (3337.98 MB)
write base data version: 56700, memory: 3643912192 bytes (3475.11 MB)
write base data version: 56800, memory: 3800813568 bytes (3624.74 MB)
write base data version: 56900, memory: 3944427520 bytes (3761.70 MB)
write base data version: 57000, memory: 3581661184 bytes (3415.74 MB)
write base data version: 57100, memory: 3727589376 bytes (3554.91 MB)
write base data version: 57200, memory: 3881324544 bytes (3701.52 MB)
write base data version: 57300, memory: 3511640064 bytes (3348.96 MB)
write base data version: 57400, memory: 3655798784 bytes (3486.44 MB)
write base data version: 57500, memory: 3796983808 bytes (3621.09 MB)
write base data version: 57600, memory: 3940814848 bytes (3758.25 MB)
write base data version: 57700, memory: 3565735936 bytes (3400.55 MB)
write base data version: 57800, memory: 3713138688 bytes (3541.12 MB)
write base data version: 57900, memory: 3852288000 bytes (3673.83 MB)
write base data version: 58000, memory: 4008148992 bytes (3822.47 MB)
write base data version: 58100, memory: 3640623104 bytes (3471.97 MB)
write base data version: 58200, memory: 3784871936 bytes (3609.54 MB)
write base data version: 58300, memory: 3925880832 bytes (3744.01 MB)
write base data version: 58400, memory: 3563122688 bytes (3398.06 MB)
write base data version: 58500, memory: 3716997120 bytes (3544.80 MB)
write base data version: 58600, memory: 3857907712 bytes (3679.19 MB)
write base data version: 58700, memory: 4012662784 bytes (3826.77 MB)
write base data version: 58800, memory: 3648749568 bytes (3479.72 MB)
write base data version: 58900, memory: 3804483584 bytes (3628.24 MB)
write base data version: 59000, memory: 3955175424 bytes (3771.95 MB)
write base data version: 59100, memory: 4107325440 bytes (3917.05 MB)
write base data version: 59200, memory: 3746709504 bytes (3573.14 MB)
write base data version: 59300, memory: 3894108160 bytes (3713.71 MB)
write base data version: 59400, memory: 4041183232 bytes (3853.97 MB)
write base data version: 59500, memory: 3685896192 bytes (3515.14 MB)
write base data version: 59600, memory: 3802267648 bytes (3626.12 MB)
write base data version: 59700, memory: 3945771008 bytes (3762.98 MB)
write base data version: 59800, memory: 4088279040 bytes (3898.89 MB)
write base data version: 59900, memory: 3727331328 bytes (3554.66 MB)
write base data version: 60000, memory: 3872837632 bytes (3693.43 MB)
write base data version: 60100, memory: 4020379648 bytes (3834.13 MB)
write base data version: 60200, memory: 3660001280 bytes (3490.45 MB)
write base data version: 60300, memory: 3801194496 bytes (3625.10 MB)
write base data version: 60400, memory: 3941105664 bytes (3758.53 MB)
write base data version: 60500, memory: 4086525952 bytes (3897.21 MB)
write base data version: 60600, memory: 3716546560 bytes (3544.38 MB)
write base data version: 60700, memory: 3858370560 bytes (3679.63 MB)
write base data version: 60800, memory: 3991150592 bytes (3806.26 MB)
write base data version: 60900, memory: 4130816000 bytes (3939.45 MB)
write base data version: 61000, memory: 3773710336 bytes (3598.89 MB)
write base data version: 61100, memory: 3917455360 bytes (3735.98 MB)
write base data version: 61200, memory: 4054020096 bytes (3866.21 MB)
write base data version: 61300, memory: 3684712448 bytes (3514.02 MB)
write base data version: 61400, memory: 3825254400 bytes (3648.05 MB)
write base data version: 61500, memory: 3964780544 bytes (3781.11 MB)
write base data version: 61600, memory: 4099534848 bytes (3909.62 MB)
write base data version: 61700, memory: 3728039936 bytes (3555.34 MB)
write base data version: 61800, memory: 3872436224 bytes (3693.04 MB)
write base data version: 61900, memory: 4013195264 bytes (3827.28 MB)
write base data version: 62000, memory: 4158509056 bytes (3965.86 MB)
write base data version: 62100, memory: 3785449472 bytes (3610.09 MB)
write base data version: 62200, memory: 3916288000 bytes (3734.86 MB)
write base data version: 62300, memory: 4070686720 bytes (3882.11 MB)
write base data version: 62400, memory: 3706204160 bytes (3534.51 MB)
write base data version: 62500, memory: 3850010624 bytes (3671.66 MB)
write base data version: 62600, memory: 3990872064 bytes (3805.99 MB)
write base data version: 62700, memory: 4135870464 bytes (3944.27 MB)
write base data version: 62800, memory: 3777732608 bytes (3602.73 MB)
write base data version: 62900, memory: 3933696000 bytes (3751.46 MB)
write base data version: 63000, memory: 4071190528 bytes (3882.59 MB)
write base data version: 63100, memory: 4221534208 bytes (4025.97 MB)
write base data version: 63200, memory: 3861180416 bytes (3682.31 MB)
write base data version: 63300, memory: 4010049536 bytes (3824.28 MB)
write base data version: 63400, memory: 4146737152 bytes (3954.64 MB)
write base data version: 63500, memory: 4292358144 bytes (4093.51 MB)
write base data version: 63600, memory: 3917037568 bytes (3735.58 MB)
write base data version: 63700, memory: 4049309696 bytes (3861.72 MB)
write base data version: 63800, memory: 4191674368 bytes (3997.49 MB)
write base data version: 63900, memory: 3819855872 bytes (3642.90 MB)
write base data version: 64000, memory: 3964383232 bytes (3780.73 MB)
write base data version: 64100, memory: 4104900608 bytes (3914.74 MB)
write base data version: 64200, memory: 4252700672 bytes (4055.69 MB)
write base data version: 64300, memory: 3876102144 bytes (3696.54 MB)
write base data version: 64400, memory: 4008632320 bytes (3822.93 MB)
write base data version: 64500, memory: 4150231040 bytes (3957.97 MB)
write base data version: 64600, memory: 3781111808 bytes (3605.95 MB)
write base data version: 64700, memory: 3922395136 bytes (3740.69 MB)
write base data version: 64800, memory: 4066652160 bytes (3878.26 MB)
write base data version: 64900, memory: 4207980544 bytes (4013.04 MB)
write base data version: 65000, memory: 3838984192 bytes (3661.14 MB)
write base data version: 65100, memory: 3967782912 bytes (3783.97 MB)
write base data version: 65200, memory: 4112019456 bytes (3921.53 MB)
write base data version: 65300, memory: 4265193472 bytes (4067.61 MB)
write base data version: 65400, memory: 3891314688 bytes (3711.05 MB)
write base data version: 65500, memory: 4044836864 bytes (3857.46 MB)
write base data version: 65600, memory: 4186390528 bytes (3992.45 MB)
write base data version: 65700, memory: 3817762816 bytes (3640.90 MB)
write base data version: 65800, memory: 3958378496 bytes (3775.00 MB)
write base data version: 65900, memory: 4097216512 bytes (3907.41 MB)
write base data version: 66000, memory: 4247371776 bytes (4050.61 MB)
write base data version: 66100, memory: 3878727680 bytes (3699.04 MB)
write base data version: 66200, memory: 4019884032 bytes (3833.66 MB)
write base data version: 66300, memory: 4162043904 bytes (3969.23 MB)
write base data version: 66400, memory: 3792666624 bytes (3616.97 MB)
write base data version: 66500, memory: 3936071680 bytes (3753.73 MB)
write base data version: 66600, memory: 4074672128 bytes (3885.91 MB)
write base data version: 66700, memory: 4232232960 bytes (4036.17 MB)
write base data version: 66800, memory: 3869175808 bytes (3689.93 MB)
write base data version: 66900, memory: 4012888064 bytes (3826.99 MB)
write base data version: 67000, memory: 4154458112 bytes (3962.00 MB)
write base data version: 67100, memory: 4299448320 bytes (4100.27 MB)
write base data version: 67200, memory: 3939962880 bytes (3757.44 MB)
write base data version: 67300, memory: 4084428800 bytes (3895.21 MB)
write base data version: 67400, memory: 4236578816 bytes (4040.32 MB)
write base data version: 67500, memory: 4400021504 bytes (4196.19 MB)
write base data version: 67600, memory: 4029153280 bytes (3842.50 MB)
write base data version: 67700, memory: 4175175680 bytes (3981.76 MB)
write base data version: 67800, memory: 4323753984 bytes (4123.45 MB)
write base data version: 67900, memory: 3953897472 bytes (3770.73 MB)
write base data version: 68000, memory: 4067889152 bytes (3879.44 MB)
write base data version: 68100, memory: 4209008640 bytes (4014.02 MB)
write base data version: 68200, memory: 4360609792 bytes (4158.60 MB)
write base data version: 68300, memory: 3988402176 bytes (3803.64 MB)
write base data version: 68400, memory: 4129386496 bytes (3938.09 MB)
write base data version: 68500, memory: 4272861184 bytes (4074.92 MB)
write base data version: 68600, memory: 3902918656 bytes (3722.11 MB)
write base data version: 68700, memory: 4062736384 bytes (3874.53 MB)
write base data version: 68800, memory: 4200816640 bytes (4006.21 MB)
write base data version: 68900, memory: 4350226432 bytes (4148.70 MB)
write base data version: 69000, memory: 3985903616 bytes (3801.25 MB)
write base data version: 69100, memory: 4119650304 bytes (3928.80 MB)
write base data version: 69200, memory: 4264275968 bytes (4066.73 MB)
write base data version: 69300, memory: 4409229312 bytes (4204.97 MB)
write base data version: 69400, memory: 4042850304 bytes (3855.56 MB)
write base data version: 69500, memory: 4185178112 bytes (3991.30 MB)
write base data version: 69600, memory: 4334505984 bytes (4133.71 MB)
write base data version: 69700, memory: 3964600320 bytes (3780.94 MB)
write base data version: 69800, memory: 4106092544 bytes (3915.88 MB)
write base data version: 69900, memory: 4249202688 bytes (4052.36 MB)
write base data version: 70000, memory: 4393152512 bytes (4189.64 MB)
write base data version: 70100, memory: 4025761792 bytes (3839.27 MB)
write base data version: 70200, memory: 4174848000 bytes (3981.45 MB)
write base data version: 70300, memory: 4318609408 bytes (4118.55 MB)
write base data version: 70400, memory: 4466212864 bytes (4259.31 MB)
write base data version: 70500, memory: 4090630144 bytes (3901.13 MB)
write base data version: 70600, memory: 4231548928 bytes (4035.52 MB)
write base data version: 70700, memory: 4376358912 bytes (4173.62 MB)
write base data version: 70800, memory: 4003610624 bytes (3818.14 MB)
write base data version: 70900, memory: 4145901568 bytes (3953.84 MB)
write base data version: 71000, memory: 4282200064 bytes (4083.82 MB)
write base data version: 71100, memory: 4432846848 bytes (4227.49 MB)
write base data version: 71200, memory: 4065628160 bytes (3877.29 MB)
write base data version: 71300, memory: 4207689728 bytes (4012.77 MB)
write base data version: 71400, memory: 4357140480 bytes (4155.29 MB)
write base data version: 71500, memory: 3993305088 bytes (3808.31 MB)
write base data version: 71600, memory: 4145369088 bytes (3953.33 MB)
write base data version: 71700, memory: 4257677312 bytes (4060.44 MB)
write base data version: 71800, memory: 4398501888 bytes (4194.74 MB)
write base data version: 71900, memory: 4029272064 bytes (3842.61 MB)
write base data version: 72000, memory: 4169965568 bytes (3976.79 MB)
write base data version: 72100, memory: 4315058176 bytes (4115.16 MB)
write base data version: 72200, memory: 4458795008 bytes (4252.24 MB)
write base data version: 72300, memory: 4087238656 bytes (3897.89 MB)
write base data version: 72400, memory: 4215414784 bytes (4020.13 MB)
write base data version: 72500, memory: 4368580608 bytes (4166.20 MB)
write base data version: 72600, memory: 4518731776 bytes (4309.40 MB)
write base data version: 72700, memory: 4151590912 bytes (3959.27 MB)
write base data version: 72800, memory: 4292272128 bytes (4093.43 MB)
write base data version: 72900, memory: 4439539712 bytes (4233.88 MB)
write base data version: 73000, memory: 4066996224 bytes (3878.59 MB)
write base data version: 73100, memory: 4198281216 bytes (4003.79 MB)
write base data version: 73200, memory: 4345458688 bytes (4144.15 MB)
write base data version: 73300, memory: 4490162176 bytes (4282.15 MB)
write base data version: 73400, memory: 4118274048 bytes (3927.49 MB)
write base data version: 73500, memory: 4259647488 bytes (4062.32 MB)
write base data version: 73600, memory: 4403036160 bytes (4199.06 MB)
write base data version: 73700, memory: 4032933888 bytes (3846.11 MB)
write base data version: 73800, memory: 4160589824 bytes (3967.85 MB)
write base data version: 73900, memory: 4306276352 bytes (4106.79 MB)
write base data version: 74000, memory: 4462796800 bytes (4256.05 MB)
write base data version: 74100, memory: 4100644864 bytes (3910.68 MB)
write base data version: 74200, memory: 4244172800 bytes (4047.56 MB)
write base data version: 74300, memory: 4385079296 bytes (4181.94 MB)
write base data version: 74400, memory: 4535037952 bytes (4324.95 MB)
write base data version: 74500, memory: 4143575040 bytes (3951.62 MB)
write base data version: 74600, memory: 4285595648 bytes (4087.06 MB)
write base data version: 74700, memory: 4431179776 bytes (4225.90 MB)
write base data version: 74800, memory: 4072964096 bytes (3884.28 MB)
write base data version: 74900, memory: 4218261504 bytes (4022.85 MB)
write base data version: 75000, memory: 4359008256 bytes (4157.07 MB)
write base data version: 75100, memory: 4503818240 bytes (4295.18 MB)
write base data version: 75200, memory: 4143345664 bytes (3951.40 MB)
write base data version: 75300, memory: 4286652416 bytes (4088.07 MB)
write base data version: 75400, memory: 4442509312 bytes (4236.71 MB)
write base data version: 75500, memory: 4593491968 bytes (4380.70 MB)
write base data version: 75600, memory: 4230168576 bytes (4034.20 MB)
write base data version: 75700, memory: 4370763776 bytes (4168.29 MB)
write base data version: 75800, memory: 4515590144 bytes (4306.40 MB)
write base data version: 75900, memory: 4142264320 bytes (3950.37 MB)
write base data version: 76000, memory: 4274167808 bytes (4076.16 MB)
write base data version: 76100, memory: 4414713856 bytes (4210.20 MB)
write base data version: 76200, memory: 4558995456 bytes (4347.80 MB)
write base data version: 76300, memory: 4189876224 bytes (3995.78 MB)
write base data version: 76400, memory: 4331761664 bytes (4131.09 MB)
write base data version: 76500, memory: 4475961344 bytes (4268.61 MB)
write base data version: 76600, memory: 4102254592 bytes (3912.21 MB)
write base data version: 76700, memory: 4253392896 bytes (4056.35 MB)
write base data version: 76800, memory: 4395823104 bytes (4192.18 MB)
write base data version: 76900, memory: 4550074368 bytes (4339.29 MB)
write base data version: 77000, memory: 4188164096 bytes (3994.14 MB)
write base data version: 77100, memory: 4314419200 bytes (4114.55 MB)
write base data version: 77200, memory: 4459307008 bytes (4252.73 MB)
write base data version: 77300, memory: 4619071488 bytes (4405.09 MB)
write base data version: 77400, memory: 4248092672 bytes (4051.30 MB)
write base data version: 77500, memory: 4377600000 bytes (4174.80 MB)
write base data version: 77600, memory: 4516552704 bytes (4307.32 MB)
write base data version: 77700, memory: 4151746560 bytes (3959.41 MB)
write base data version: 77800, memory: 4292960256 bytes (4094.09 MB)
write base data version: 77900, memory: 4437233664 bytes (4231.68 MB)
write base data version: 78000, memory: 4579655680 bytes (4367.50 MB)
write base data version: 78100, memory: 4206678016 bytes (4011.80 MB)
write base data version: 78200, memory: 4338278400 bytes (4137.30 MB)
write base data version: 78300, memory: 4488626176 bytes (4280.69 MB)
write base data version: 78400, memory: 4638044160 bytes (4423.18 MB)
write base data version: 78500, memory: 4262490112 bytes (4065.03 MB)
write base data version: 78600, memory: 4404932608 bytes (4200.87 MB)
write base data version: 78700, memory: 4548886528 bytes (4338.16 MB)
write base data version: 78800, memory: 4175757312 bytes (3982.31 MB)
write base data version: 78900, memory: 4316639232 bytes (4116.67 MB)
write base data version: 79000, memory: 4459442176 bytes (4252.86 MB)
write base data version: 79100, memory: 4603658240 bytes (4390.39 MB)
write base data version: 79200, memory: 4237991936 bytes (4041.66 MB)
write base data version: 79300, memory: 4386582528 bytes (4183.37 MB)
write base data version: 79400, memory: 4536991744 bytes (4326.81 MB)
write base data version: 79500, memory: 4683268096 bytes (4466.31 MB)
write base data version: 79600, memory: 4320858112 bytes (4120.69 MB)
write base data version: 79700, memory: 4460363776 bytes (4253.73 MB)
write base data version: 79800, memory: 4614492160 bytes (4400.72 MB)
write base data version: 79900, memory: 4244869120 bytes (4048.22 MB)
write base data version: 80000, memory: 4387491840 bytes (4184.24 MB)
write base data version: 80100, memory: 4531179520 bytes (4321.27 MB)
write base data version: 80200, memory: 4672229376 bytes (4455.79 MB)
write base data version: 80300, memory: 4302536704 bytes (4103.22 MB)
write base data version: 80400, memory: 4431384576 bytes (4226.10 MB)
write base data version: 80500, memory: 4574777344 bytes (4362.85 MB)
write base data version: 80600, memory: 4204724224 bytes (4009.94 MB)
write base data version: 80700, memory: 4334575616 bytes (4133.77 MB)
write base data version: 80800, memory: 4477124608 bytes (4269.72 MB)
write base data version: 80900, memory: 4620292096 bytes (4406.25 MB)
write base data version: 81000, memory: 4248014848 bytes (4051.22 MB)
write base data version: 81100, memory: 4378595328 bytes (4175.75 MB)
write base data version: 81200, memory: 4519755776 bytes (4310.38 MB)
write base data version: 81300, memory: 4664107008 bytes (4448.04 MB)
write base data version: 81400, memory: 4294496256 bytes (4095.55 MB)
write base data version: 81500, memory: 4422025216 bytes (4217.17 MB)
write base data version: 81600, memory: 4563927040 bytes (4352.50 MB)
write base data version: 81700, memory: 4198936576 bytes (4004.42 MB)
write base data version: 81800, memory: 4345856000 bytes (4144.53 MB)
write base data version: 81900, memory: 4493062144 bytes (4284.92 MB)
write base data version: 82000, memory: 4646400000 bytes (4431.15 MB)
write base data version: 82100, memory: 4278329344 bytes (4080.13 MB)
write base data version: 82200, memory: 4420829184 bytes (4216.03 MB)
write base data version: 82300, memory: 4563197952 bytes (4351.80 MB)
write base data version: 82400, memory: 4709470208 bytes (4491.30 MB)
write base data version: 82500, memory: 4345843712 bytes (4144.52 MB)
write base data version: 82600, memory: 4488445952 bytes (4280.52 MB)
write base data version: 82700, memory: 4628926464 bytes (4414.49 MB)
write base data version: 82800, memory: 4261023744 bytes (4063.63 MB)
write base data version: 82900, memory: 4402327552 bytes (4198.39 MB)
write base data version: 83000, memory: 4546834432 bytes (4336.20 MB)
write base data version: 83100, memory: 4687917056 bytes (4470.75 MB)
write base data version: 83200, memory: 4318306304 bytes (4118.26 MB)
write base data version: 83300, memory: 4446703616 bytes (4240.71 MB)
write base data version: 83400, memory: 4594081792 bytes (4381.26 MB)
write base data version: 83500, memory: 4735275008 bytes (4515.91 MB)
write base data version: 83600, memory: 4370575360 bytes (4168.11 MB)
write base data version: 83700, memory: 4519415808 bytes (4310.05 MB)
write base data version: 83800, memory: 4667428864 bytes (4451.21 MB)
write base data version: 83900, memory: 4297306112 bytes (4098.23 MB)
write base data version: 84000, memory: 4426199040 bytes (4221.15 MB)
write base data version: 84100, memory: 4569296896 bytes (4357.62 MB)
write base data version: 84200, memory: 4715814912 bytes (4497.35 MB)
write base data version: 84300, memory: 4346380288 bytes (4145.03 MB)
write base data version: 84400, memory: 4487720960 bytes (4279.82 MB)
write base data version: 84500, memory: 4632875008 bytes (4418.25 MB)
write base data version: 84600, memory: 4778881024 bytes (4557.50 MB)
write base data version: 84700, memory: 4409933824 bytes (4205.64 MB)
write base data version: 84800, memory: 4560138240 bytes (4348.89 MB)
write base data version: 84900, memory: 4713021440 bytes (4494.69 MB)
write base data version: 85000, memory: 4348084224 bytes (4146.66 MB)
write base data version: 85100, memory: 4490862592 bytes (4282.82 MB)
write base data version: 85200, memory: 4640358400 bytes (4425.39 MB)
write base data version: 85300, memory: 4781723648 bytes (4560.21 MB)
write base data version: 85400, memory: 4412284928 bytes (4207.88 MB)
write base data version: 85500, memory: 4541100032 bytes (4330.73 MB)
write base data version: 85600, memory: 4686213120 bytes (4469.12 MB)
write base data version: 85700, memory: 4314873856 bytes (4114.98 MB)
write base data version: 85800, memory: 4457881600 bytes (4251.37 MB)
write base data version: 85900, memory: 4600963072 bytes (4387.82 MB)
write base data version: 86000, memory: 4742377472 bytes (4522.68 MB)
write base data version: 86100, memory: 4372758528 bytes (4170.19 MB)
write base data version: 86200, memory: 4500815872 bytes (4292.31 MB)
write base data version: 86300, memory: 4654882816 bytes (4439.24 MB)
write base data version: 86400, memory: 4798799872 bytes (4576.49 MB)
write base data version: 86500, memory: 4426981376 bytes (4221.90 MB)
write base data version: 86600, memory: 4567789568 bytes (4356.18 MB)
write base data version: 86700, memory: 4712525824 bytes (4494.21 MB)
write base data version: 86800, memory: 4345749504 bytes (4144.43 MB)
write base data version: 86900, memory: 4494487552 bytes (4286.28 MB)
write base data version: 87000, memory: 4639571968 bytes (4424.64 MB)
write base data version: 87100, memory: 4781404160 bytes (4559.90 MB)
write base data version: 87200, memory: 4422098944 bytes (4217.24 MB)
write base data version: 87300, memory: 4569096192 bytes (4357.43 MB)
write base data version: 87400, memory: 4715945984 bytes (4497.48 MB)
write base data version: 87500, memory: 4860813312 bytes (4635.63 MB)
write base data version: 87600, memory: 4505231360 bytes (4296.52 MB)
write base data version: 87700, memory: 4644036608 bytes (4428.90 MB)
write base data version: 87800, memory: 4792578048 bytes (4570.56 MB)
write base data version: 87900, memory: 4422352896 bytes (4217.48 MB)
write base data version: 88000, memory: 4565798912 bytes (4354.29 MB)
write base data version: 88100, memory: 4708564992 bytes (4490.44 MB)
write base data version: 88200, memory: 4850999296 bytes (4626.27 MB)
write base data version: 88300, memory: 4494508032 bytes (4286.30 MB)
write base data version: 88400, memory: 4636020736 bytes (4421.25 MB)
write base data version: 88500, memory: 4789788672 bytes (4567.90 MB)
write base data version: 88600, memory: 4942290944 bytes (4713.34 MB)
write base data version: 88700, memory: 4552740864 bytes (4341.83 MB)
write base data version: 88800, memory: 4699643904 bytes (4481.93 MB)
write base data version: 88900, memory: 4860665856 bytes (4635.49 MB)
write base data version: 89000, memory: 4489351168 bytes (4281.38 MB)
write base data version: 89100, memory: 4619694080 bytes (4405.68 MB)
write base data version: 89200, memory: 4761845760 bytes (4541.25 MB)
write base data version: 89300, memory: 4904747008 bytes (4677.53 MB)
write base data version: 89400, memory: 4536791040 bytes (4326.62 MB)
write base data version: 89500, memory: 4677513216 bytes (4460.82 MB)
write base data version: 89600, memory: 4821856256 bytes (4598.48 MB)
write base data version: 89700, memory: 4451004416 bytes (4244.81 MB)
write base data version: 89800, memory: 4592021504 bytes (4379.29 MB)
write base data version: 89900, memory: 4741124096 bytes (4521.49 MB)
write base data version: 90000, memory: 4894031872 bytes (4667.31 MB)
write base data version: 90100, memory: 4525817856 bytes (4316.16 MB)
write base data version: 90200, memory: 4667797504 bytes (4451.56 MB)
write base data version: 90300, memory: 4811751424 bytes (4588.84 MB)
write base data version: 90400, memory: 4956307456 bytes (4726.70 MB)
write base data version: 90500, memory: 4596506624 bytes (4383.57 MB)
write base data version: 90600, memory: 4736995328 bytes (4517.55 MB)
write base data version: 90700, memory: 4889993216 bytes (4663.46 MB)
write base data version: 90800, memory: 4526137344 bytes (4316.46 MB)
write base data version: 90900, memory: 4674998272 bytes (4458.43 MB)
write base data version: 91000, memory: 4808040448 bytes (4585.30 MB)
write base data version: 91100, memory: 4950724608 bytes (4721.38 MB)
write base data version: 91200, memory: 4580274176 bytes (4368.09 MB)
write base data version: 91300, memory: 4708233216 bytes (4490.12 MB)
write base data version: 91400, memory: 4849590272 bytes (4624.93 MB)
write base data version: 91500, memory: 5012619264 bytes (4780.41 MB)
write base data version: 91600, memory: 4639133696 bytes (4424.22 MB)
write base data version: 91700, memory: 4784726016 bytes (4563.07 MB)
write base data version: 91800, memory: 4926152704 bytes (4697.95 MB)
write base data version: 91900, memory: 4556673024 bytes (4345.58 MB)
write base data version: 92000, memory: 4684619776 bytes (4467.60 MB)
write base data version: 92100, memory: 4829536256 bytes (4605.80 MB)
write base data version: 92200, memory: 4970639360 bytes (4740.37 MB)
write base data version: 92300, memory: 4602630144 bytes (4389.41 MB)
write base data version: 92400, memory: 4749312000 bytes (4529.30 MB)
write base data version: 92500, memory: 4893794304 bytes (4667.09 MB)
write base data version: 92600, memory: 5036417024 bytes (4803.10 MB)
write base data version: 92700, memory: 4662390784 bytes (4446.40 MB)
write base data version: 92800, memory: 4802080768 bytes (4579.62 MB)
write base data version: 92900, memory: 4948299776 bytes (4719.07 MB)
write base data version: 93000, memory: 4580417536 bytes (4368.23 MB)
write base data version: 93100, memory: 4721672192 bytes (4502.94 MB)
write base data version: 93200, memory: 4866535424 bytes (4641.09 MB)
write base data version: 93300, memory: 5007851520 bytes (4775.86 MB)
write base data version: 93400, memory: 4638253056 bytes (4423.38 MB)
write base data version: 93500, memory: 4765749248 bytes (4544.97 MB)
write base data version: 93600, memory: 4910465024 bytes (4682.98 MB)
write base data version: 93700, memory: 4543528960 bytes (4333.05 MB)
write base data version: 93800, memory: 4692811776 bytes (4475.41 MB)
write base data version: 93900, memory: 4833935360 bytes (4610.00 MB)
write base data version: 94000, memory: 4978667520 bytes (4748.03 MB)
write base data version: 94100, memory: 4609982464 bytes (4396.42 MB)
write base data version: 94200, memory: 4757569536 bytes (4537.17 MB)
write base data version: 94300, memory: 4903505920 bytes (4676.35 MB)
write base data version: 94400, memory: 5061488640 bytes (4827.01 MB)
write base data version: 94500, memory: 4680404992 bytes (4463.58 MB)
write base data version: 94600, memory: 4821614592 bytes (4598.25 MB)
write base data version: 94700, memory: 4965769216 bytes (4735.73 MB)
write base data version: 94800, memory: 4592721920 bytes (4379.96 MB)
write base data version: 94900, memory: 4723654656 bytes (4504.83 MB)
write base data version: 95000, memory: 4864679936 bytes (4639.32 MB)
write base data version: 95100, memory: 5008691200 bytes (4776.66 MB)
write base data version: 95200, memory: 4640436224 bytes (4425.46 MB)
write base data version: 95300, memory: 4781338624 bytes (4559.84 MB)
write base data version: 95400, memory: 4926025728 bytes (4697.82 MB)
write base data version: 95500, memory: 5067948032 bytes (4833.17 MB)
write base data version: 95600, memory: 4696477696 bytes (4478.91 MB)
write base data version: 95700, memory: 4830068736 bytes (4606.31 MB)
write base data version: 95800, memory: 4977897472 bytes (4747.29 MB)
write base data version: 95900, memory: 4610441216 bytes (4396.86 MB)
write base data version: 96000, memory: 4765077504 bytes (4544.33 MB)
write base data version: 96100, memory: 4909527040 bytes (4682.09 MB)
write base data version: 96200, memory: 5050605568 bytes (4816.63 MB)
write base data version: 96300, memory: 4680380416 bytes (4463.56 MB)
write base data version: 96400, memory: 4808617984 bytes (4585.86 MB)
write base data version: 96500, memory: 4953268224 bytes (4723.80 MB)
write base data version: 96600, memory: 5098541056 bytes (4862.35 MB)
write base data version: 96700, memory: 4726226944 bytes (4507.28 MB)
write base data version: 96800, memory: 4870213632 bytes (4644.60 MB)
write base data version: 96900, memory: 5011161088 bytes (4779.02 MB)
write base data version: 97000, memory: 4648157184 bytes (4432.83 MB)
write base data version: 97100, memory: 4793069568 bytes (4571.03 MB)
write base data version: 97200, memory: 4940165120 bytes (4711.31 MB)
write base data version: 97300, memory: 5092032512 bytes (4856.14 MB)
write base data version: 97400, memory: 4735488000 bytes (4516.11 MB)
write base data version: 97500, memory: 4878114816 bytes (4652.13 MB)
write base data version: 97600, memory: 5021569024 bytes (4788.94 MB)
write base data version: 97700, memory: 5168508928 bytes (4929.07 MB)
write base data version: 97800, memory: 4792946688 bytes (4570.91 MB)
write base data version: 97900, memory: 4924747776 bytes (4696.61 MB)
write base data version: 98000, memory: 5069430784 bytes (4834.59 MB)
write base data version: 98100, memory: 4701155328 bytes (4483.37 MB)
write base data version: 98200, memory: 4843315200 bytes (4618.95 MB)
write base data version: 98300, memory: 4987101184 bytes (4756.07 MB)
write base data version: 98400, memory: 5130285056 bytes (4892.62 MB)
write base data version: 98500, memory: 4756922368 bytes (4536.55 MB)
write base data version: 98600, memory: 4889468928 bytes (4662.96 MB)
write base data version: 98700, memory: 5043355648 bytes (4809.72 MB)
write base data version: 98800, memory: 4680699904 bytes (4463.86 MB)
write base data version: 98900, memory: 4822609920 bytes (4599.20 MB)
write base data version: 99000, memory: 4970336256 bytes (4740.08 MB)
write base data version: 99100, memory: 5112250368 bytes (4875.42 MB)
write base data version: 99200, memory: 4740333568 bytes (4520.73 MB)
write base data version: 99300, memory: 4870959104 bytes (4645.31 MB)
write base data version: 99400, memory: 5012742144 bytes (4780.52 MB)
write base data version: 99500, memory: 5157117952 bytes (4918.21 MB)
write base data version: 99600, memory: 4786511872 bytes (4564.77 MB)
write base data version: 99700, memory: 4930121728 bytes (4701.73 MB)
write base data version: 99800, memory: 5071343616 bytes (4836.41 MB)
write base data version: 99900, memory: 4702343168 bytes (4484.50 MB)
write base data version: 100000, memory: 4830314496 bytes (4606.55 MB)
tip block: 3297----3298
Test Results: 
  Total Disk Usage: 169879.58 MB
  Average Per Record: 1781.32 bytes
[test batch write] generate key value
[test batch write] write data
[test batch write] flush
tip block: 3299----3299
  Write Throughput: 9460.92 records/sec
  Read Throughput:  24862.30 records/sec
  Current Memory:   4829.80 MB
  Peak Memory:      4964.34 MB
  Memory Per Record: 50.64 bytes

========== Testing at data scale: 1,000,000,000 ==========
Writing 900000000 incremental records (keys: 100000001-1000000000, total: 1000000000)
write base data version: 100100, memory: 5165608960 bytes (4926.31 MB)
write base data version: 100200, memory: 4824813568 bytes (4601.30 MB)
write base data version: 100300, memory: 4939354112 bytes (4710.54 MB)
write base data version: 100400, memory: 5086007296 bytes (4850.39 MB)
write base data version: 100500, memory: 5227663360 bytes (4985.49 MB)
write base data version: 100600, memory: 4865171456 bytes (4639.79 MB)
write base data version: 100700, memory: 5005717504 bytes (4773.82 MB)
write base data version: 100800, memory: 5106679808 bytes (4870.11 MB)
write base data version: 100900, memory: 5263396864 bytes (5019.57 MB)
write base data version: 101000, memory: 4893392896 bytes (4666.70 MB)
write base data version: 101100, memory: 5049458688 bytes (4815.54 MB)
write base data version: 101200, memory: 5199773696 bytes (4958.89 MB)
write base data version: 101300, memory: 4861890560 bytes (4636.66 MB)
write base data version: 101400, memory: 4977311744 bytes (4746.73 MB)
write base data version: 101500, memory: 5130579968 bytes (4892.90 MB)
write base data version: 101600, memory: 5287145472 bytes (5042.21 MB)
write base data version: 101700, memory: 4959174656 bytes (4729.44 MB)
write base data version: 101800, memory: 5084200960 bytes (4848.67 MB)
write base data version: 101900, memory: 5244686336 bytes (5001.72 MB)
write base data version: 102000, memory: 4924559360 bytes (4696.43 MB)
write base data version: 102100, memory: 5047914496 bytes (4814.07 MB)
write base data version: 102200, memory: 5197295616 bytes (4956.53 MB)
write base data version: 102300, memory: 5316362240 bytes (5070.08 MB)
write base data version: 102400, memory: 4987355136 bytes (4756.31 MB)
write base data version: 102500, memory: 5100912640 bytes (4864.61 MB)
write base data version: 102600, memory: 5261398016 bytes (5017.66 MB)
write base data version: 102700, memory: 5393010688 bytes (5143.18 MB)
write base data version: 102800, memory: 5030678528 bytes (4797.63 MB)
write base data version: 102900, memory: 5160722432 bytes (4921.65 MB)
write base data version: 103000, memory: 5312053248 bytes (5065.97 MB)
write base data version: 103100, memory: 4950315008 bytes (4720.99 MB)
write base data version: 103200, memory: 5087322112 bytes (4851.65 MB)
write base data version: 103300, memory: 5232574464 bytes (4990.17 MB)
write base data version: 103400, memory: 5374832640 bytes (5125.84 MB)
write base data version: 103500, memory: 5006585856 bytes (4774.65 MB)
write base data version: 103600, memory: 5146583040 bytes (4908.16 MB)
write base data version: 103700, memory: 5279780864 bytes (5035.19 MB)
write base data version: 103800, memory: 4946628608 bytes (4717.47 MB)
write base data version: 103900, memory: 5036617728 bytes (4803.29 MB)
write base data version: 104000, memory: 5183807488 bytes (4943.66 MB)
write base data version: 104100, memory: 5325905920 bytes (5079.18 MB)
write base data version: 104200, memory: 4955377664 bytes (4725.82 MB)
write base data version: 104300, memory: 5100347392 bytes (4864.07 MB)
write base data version: 104400, memory: 5230047232 bytes (4987.76 MB)
write base data version: 104500, memory: 5381996544 bytes (5132.67 MB)
write base data version: 104600, memory: 5018103808 bytes (4785.64 MB)
write base data version: 104700, memory: 5166964736 bytes (4927.60 MB)
write base data version: 104800, memory: 5326168064 bytes (5079.43 MB)
write base data version: 104900, memory: 4991873024 bytes (4760.62 MB)
write base data version: 105000, memory: 5104078848 bytes (4867.63 MB)
write base data version: 105100, memory: 5240086528 bytes (4997.34 MB)
write base data version: 105200, memory: 5385830400 bytes (5136.33 MB)
write base data version: 105300, memory: 5051744256 bytes (4817.72 MB)
write base data version: 105400, memory: 5173964800 bytes (4934.28 MB)
write base data version: 105500, memory: 5316259840 bytes (5069.98 MB)
write base data version: 105600, memory: 5467369472 bytes (5214.09 MB)
write base data version: 105700, memory: 5090381824 bytes (4854.57 MB)
write base data version: 105800, memory: 5226180608 bytes (4984.07 MB)
write base data version: 105900, memory: 5377413120 bytes (5128.30 MB)
write base data version: 106000, memory: 5030326272 bytes (4797.29 MB)
write base data version: 106100, memory: 5177323520 bytes (4937.48 MB)
write base data version: 106200, memory: 5323522048 bytes (5076.91 MB)
write base data version: 106300, memory: 5455167488 bytes (5202.45 MB)
write base data version: 106400, memory: 5113126912 bytes (4876.26 MB)
write base data version: 106500, memory: 5215584256 bytes (4973.97 MB)
write base data version: 106600, memory: 5363249152 bytes (5114.79 MB)
write base data version: 106700, memory: 5516136448 bytes (5260.60 MB)
write base data version: 106800, memory: 5162881024 bytes (4923.71 MB)
write base data version: 106900, memory: 5302349824 bytes (5056.71 MB)
write base data version: 107000, memory: 5466656768 bytes (5213.41 MB)
write base data version: 107100, memory: 5119688704 bytes (4882.52 MB)
write base data version: 107200, memory: 5126787072 bytes (4889.29 MB)
write base data version: 107300, memory: 5126787072 bytes (4889.29 MB)
write base data version: 107400, memory: 5126787072 bytes (4889.29 MB)
write base data version: 107500, memory: 5126787072 bytes (4889.29 MB)
write base data version: 107600, memory: 5126787072 bytes (4889.29 MB)
write base data version: 107700, memory: 5126787072 bytes (4889.29 MB)
write base data version: 107800, memory: 5126787072 bytes (4889.29 MB)
write base data version: 107900, memory: 5126787072 bytes (4889.29 MB)
write base data version: 108000, memory: 5126897664 bytes (4889.39 MB)
write base data version: 108100, memory: 5126897664 bytes (4889.39 MB)
write base data version: 108200, memory: 5126897664 bytes (4889.39 MB)
write base data version: 108300, memory: 5126897664 bytes (4889.39 MB)
write base data version: 108400, memory: 5126897664 bytes (4889.39 MB)
write base data version: 108500, memory: 5126897664 bytes (4889.39 MB)
write base data version: 108600, memory: 5126897664 bytes (4889.39 MB)
write base data version: 108700, memory: 5126897664 bytes (4889.39 MB)
write base data version: 108800, memory: 5126897664 bytes (4889.39 MB)
write base data version: 108900, memory: 5126897664 bytes (4889.39 MB)
write base data version: 109000, memory: 5126897664 bytes (4889.39 MB)
write base data version: 109100, memory: 5126897664 bytes (4889.39 MB)
write base data version: 109200, memory: 5126897664 bytes (4889.39 MB)
write base data version: 109300, memory: 5126897664 bytes (4889.39 MB)
write base data version: 109400, memory: 5126897664 bytes (4889.39 MB)
write base data version: 109500, memory: 5126897664 bytes (4889.39 MB)
write base data version: 109600, memory: 5126897664 bytes (4889.39 MB)
write base data version: 109700, memory: 5126897664 bytes (4889.39 MB)
write base data version: 109800, memory: 5126897664 bytes (4889.39 MB)
write base data version: 109900, memory: 5126897664 bytes (4889.39 MB)
write base data version: 110000, memory: 5126897664 bytes (4889.39 MB)
write base data version: 110100, memory: 5126897664 bytes (4889.39 MB)
write base data version: 110200, memory: 5126897664 bytes (4889.39 MB)
write base data version: 110300, memory: 5126897664 bytes (4889.39 MB)
write base data version: 110400, memory: 5126897664 bytes (4889.39 MB)
write base data version: 110500, memory: 5126897664 bytes (4889.39 MB)
write base data version: 110600, memory: 5126897664 bytes (4889.39 MB)
write base data version: 110700, memory: 5126897664 bytes (4889.39 MB)
write base data version: 110800, memory: 5126897664 bytes (4889.39 MB)
write base data version: 110900, memory: 5126897664 bytes (4889.39 MB)
write base data version: 111000, memory: 5126897664 bytes (4889.39 MB)
write base data version: 111100, memory: 5126897664 bytes (4889.39 MB)
write base data version: 111200, memory: 5126897664 bytes (4889.39 MB)
write base data version: 111300, memory: 5126897664 bytes (4889.39 MB)
write base data version: 111400, memory: 5126897664 bytes (4889.39 MB)
write base data version: 111500, memory: 5126897664 bytes (4889.39 MB)
write base data version: 111600, memory: 5126897664 bytes (4889.39 MB)
write base data version: 111700, memory: 5126897664 bytes (4889.39 MB)
write base data version: 111800, memory: 5126897664 bytes (4889.39 MB)
write base data version: 111900, memory: 5126897664 bytes (4889.39 MB)
write base data version: 112000, memory: 5126897664 bytes (4889.39 MB)
write base data version: 112100, memory: 5126897664 bytes (4889.39 MB)
write base data version: 112200, memory: 5126897664 bytes (4889.39 MB)
write base data version: 112300, memory: 5126897664 bytes (4889.39 MB)
write base data version: 112400, memory: 5126897664 bytes (4889.39 MB)
write base data version: 112500, memory: 5126897664 bytes (4889.39 MB)
write base data version: 112600, memory: 5126897664 bytes (4889.39 MB)
write base data version: 112700, memory: 5126897664 bytes (4889.39 MB)
write base data version: 112800, memory: 5126897664 bytes (4889.39 MB)
write base data version: 112900, memory: 5126897664 bytes (4889.39 MB)
write base data version: 113000, memory: 5126897664 bytes (4889.39 MB)
write base data version: 113100, memory: 5126897664 bytes (4889.39 MB)
write base data version: 113200, memory: 5126897664 bytes (4889.39 MB)
write base data version: 113300, memory: 5126897664 bytes (4889.39 MB)
write base data version: 113400, memory: 5126897664 bytes (4889.39 MB)
write base data version: 113500, memory: 5126897664 bytes (4889.39 MB)
write base data version: 113600, memory: 5126897664 bytes (4889.39 MB)
write base data version: 113700, memory: 5126897664 bytes (4889.39 MB)
write base data version: 113800, memory: 5126897664 bytes (4889.39 MB)
write base data version: 113900, memory: 5126897664 bytes (4889.39 MB)
write base data version: 114000, memory: 5126897664 bytes (4889.39 MB)
write base data version: 114100, memory: 5126897664 bytes (4889.39 MB)
write base data version: 114200, memory: 5126897664 bytes (4889.39 MB)
write base data version: 114300, memory: 5126897664 bytes (4889.39 MB)
write base data version: 114400, memory: 5126897664 bytes (4889.39 MB)
write base data version: 114500, memory: 5126897664 bytes (4889.39 MB)
write base data version: 114600, memory: 5126897664 bytes (4889.39 MB)
write base data version: 114700, memory: 5126897664 bytes (4889.39 MB)
write base data version: 114800, memory: 5126897664 bytes (4889.39 MB)
write base data version: 114900, memory: 5126897664 bytes (4889.39 MB)
write base data version: 115000, memory: 5126897664 bytes (4889.39 MB)
write base data version: 115100, memory: 5126897664 bytes (4889.39 MB)
write base data version: 115200, memory: 5126897664 bytes (4889.39 MB)
write base data version: 115300, memory: 5126897664 bytes (4889.39 MB)
write base data version: 115400, memory: 5126897664 bytes (4889.39 MB)
write base data version: 115500, memory: 5126897664 bytes (4889.39 MB)
write base data version: 115600, memory: 5126897664 bytes (4889.39 MB)
write base data version: 115700, memory: 5126897664 bytes (4889.39 MB)
write base data version: 115800, memory: 5126897664 bytes (4889.39 MB)
write base data version: 115900, memory: 5126897664 bytes (4889.39 MB)
write base data version: 116000, memory: 5126897664 bytes (4889.39 MB)
write base data version: 116100, memory: 5126897664 bytes (4889.39 MB)
write base data version: 116200, memory: 5126897664 bytes (4889.39 MB)
write base data version: 116300, memory: 5126897664 bytes (4889.39 MB)
write base data version: 116400, memory: 5126897664 bytes (4889.39 MB)
write base data version: 116500, memory: 5126897664 bytes (4889.39 MB)
write base data version: 116600, memory: 5126897664 bytes (4889.39 MB)
write base data version: 116700, memory: 5126897664 bytes (4889.39 MB)
write base data version: 116800, memory: 5126897664 bytes (4889.39 MB)
write base data version: 116900, memory: 5126897664 bytes (4889.39 MB)
write base data version: 117000, memory: 5126897664 bytes (4889.39 MB)
write base data version: 117100, memory: 5126897664 bytes (4889.39 MB)
write base data version: 117200, memory: 5126897664 bytes (4889.39 MB)
write base data version: 117300, memory: 5126897664 bytes (4889.39 MB)
write base data version: 117400, memory: 5126897664 bytes (4889.39 MB)
write base data version: 117500, memory: 5126897664 bytes (4889.39 MB)
write base data version: 117600, memory: 5126897664 bytes (4889.39 MB)
write base data version: 117700, memory: 5126897664 bytes (4889.39 MB)
write base data version: 117800, memory: 5126897664 bytes (4889.39 MB)
write base data version: 117900, memory: 5126897664 bytes (4889.39 MB)
write base data version: 118000, memory: 5126897664 bytes (4889.39 MB)
write base data version: 118100, memory: 5126897664 bytes (4889.39 MB)
write base data version: 118200, memory: 5126897664 bytes (4889.39 MB)
write base data version: 118300, memory: 5126897664 bytes (4889.39 MB)
write base data version: 118400, memory: 5126897664 bytes (4889.39 MB)
write base data version: 118500, memory: 5126897664 bytes (4889.39 MB)
write base data version: 118600, memory: 5126897664 bytes (4889.39 MB)
write base data version: 118700, memory: 5126897664 bytes (4889.39 MB)
write base data version: 118800, memory: 5126897664 bytes (4889.39 MB)
write base data version: 118900, memory: 5126897664 bytes (4889.39 MB)
write base data version: 119000, memory: 5126897664 bytes (4889.39 MB)
write base data version: 119100, memory: 5126897664 bytes (4889.39 MB)
write base data version: 119200, memory: 5126897664 bytes (4889.39 MB)
write base data version: 119300, memory: 5126897664 bytes (4889.39 MB)
write base data version: 119400, memory: 5126897664 bytes (4889.39 MB)
write base data version: 119500, memory: 5126897664 bytes (4889.39 MB)
write base data version: 119600, memory: 5126897664 bytes (4889.39 MB)
write base data version: 119700, memory: 5126897664 bytes (4889.39 MB)
write base data version: 119800, memory: 5126897664 bytes (4889.39 MB)
write base data version: 119900, memory: 5126897664 bytes (4889.39 MB)
write base data version: 120000, memory: 5126897664 bytes (4889.39 MB)
write base data version: 120100, memory: 5126897664 bytes (4889.39 MB)
write base data version: 120200, memory: 5126897664 bytes (4889.39 MB)
write base data version: 120300, memory: 5126897664 bytes (4889.39 MB)
write base data version: 120400, memory: 5126897664 bytes (4889.39 MB)
write base data version: 120500, memory: 5126897664 bytes (4889.39 MB)
write base data version: 120600, memory: 5126897664 bytes (4889.39 MB)
write base data version: 120700, memory: 5126897664 bytes (4889.39 MB)
write base data version: 120800, memory: 5126897664 bytes (4889.39 MB)
write base data version: 120900, memory: 5126897664 bytes (4889.39 MB)
write base data version: 121000, memory: 5126897664 bytes (4889.39 MB)
write base data version: 121100, memory: 5126897664 bytes (4889.39 MB)
write base data version: 121200, memory: 5126897664 bytes (4889.39 MB)
write base data version: 121300, memory: 5126897664 bytes (4889.39 MB)
write base data version: 121400, memory: 5126897664 bytes (4889.39 MB)
write base data version: 121500, memory: 5126897664 bytes (4889.39 MB)
write base data version: 121600, memory: 5126897664 bytes (4889.39 MB)
write base data version: 121700, memory: 5126897664 bytes (4889.39 MB)
write base data version: 121800, memory: 5126897664 bytes (4889.39 MB)
write base data version: 121900, memory: 5126897664 bytes (4889.39 MB)
write base data version: 122000, memory: 5126897664 bytes (4889.39 MB)
write base data version: 122100, memory: 5126897664 bytes (4889.39 MB)
write base data version: 122200, memory: 5126897664 bytes (4889.39 MB)
write base data version: 122300, memory: 5126897664 bytes (4889.39 MB)
write base data version: 122400, memory: 5126897664 bytes (4889.39 MB)
write base data version: 122500, memory: 5126897664 bytes (4889.39 MB)
write base data version: 122600, memory: 5126897664 bytes (4889.39 MB)
write base data version: 122700, memory: 5126897664 bytes (4889.39 MB)
write base data version: 122800, memory: 5126897664 bytes (4889.39 MB)
write base data version: 122900, memory: 5126897664 bytes (4889.39 MB)
write base data version: 123000, memory: 5126897664 bytes (4889.39 MB)
write base data version: 123100, memory: 5126897664 bytes (4889.39 MB)
write base data version: 123200, memory: 5126897664 bytes (4889.39 MB)
write base data version: 123300, memory: 5126897664 bytes (4889.39 MB)
write base data version: 123400, memory: 5126897664 bytes (4889.39 MB)
write base data version: 123500, memory: 5126897664 bytes (4889.39 MB)
write base data version: 123600, memory: 5126897664 bytes (4889.39 MB)
write base data version: 123700, memory: 5126897664 bytes (4889.39 MB)
write base data version: 123800, memory: 5126897664 bytes (4889.39 MB)
write base data version: 123900, memory: 5126897664 bytes (4889.39 MB)
write base data version: 124000, memory: 5126897664 bytes (4889.39 MB)
write base data version: 124100, memory: 5126897664 bytes (4889.39 MB)
write base data version: 124200, memory: 5126897664 bytes (4889.39 MB)
write base data version: 124300, memory: 5126897664 bytes (4889.39 MB)
write base data version: 124400, memory: 5126897664 bytes (4889.39 MB)
write base data version: 124500, memory: 5126897664 bytes (4889.39 MB)
write base data version: 124600, memory: 5126897664 bytes (4889.39 MB)
write base data version: 124700, memory: 5126897664 bytes (4889.39 MB)
write base data version: 124800, memory: 5126897664 bytes (4889.39 MB)
write base data version: 124900, memory: 5126897664 bytes (4889.39 MB)
write base data version: 125000, memory: 5126897664 bytes (4889.39 MB)
write base data version: 125100, memory: 5126897664 bytes (4889.39 MB)
write base data version: 125200, memory: 5126897664 bytes (4889.39 MB)
write base data version: 125300, memory: 5126897664 bytes (4889.39 MB)
write base data version: 125400, memory: 5126897664 bytes (4889.39 MB)
write base data version: 125500, memory: 5126897664 bytes (4889.39 MB)
write base data version: 125600, memory: 5126897664 bytes (4889.39 MB)
write base data version: 125700, memory: 5126897664 bytes (4889.39 MB)
write base data version: 125800, memory: 5126897664 bytes (4889.39 MB)
write base data version: 125900, memory: 5126897664 bytes (4889.39 MB)
write base data version: 126000, memory: 5126897664 bytes (4889.39 MB)
write base data version: 126100, memory: 5126897664 bytes (4889.39 MB)
write base data version: 126200, memory: 5126897664 bytes (4889.39 MB)
write base data version: 126300, memory: 5126897664 bytes (4889.39 MB)
write base data version: 126400, memory: 5126897664 bytes (4889.39 MB)
write base data version: 126500, memory: 5126897664 bytes (4889.39 MB)
write base data version: 126600, memory: 5126897664 bytes (4889.39 MB)
write base data version: 126700, memory: 5126897664 bytes (4889.39 MB)
write base data version: 126800, memory: 5126897664 bytes (4889.39 MB)
write base data version: 126900, memory: 5126897664 bytes (4889.39 MB)
write base data version: 127000, memory: 5126897664 bytes (4889.39 MB)
write base data version: 127100, memory: 5126897664 bytes (4889.39 MB)
write base data version: 127200, memory: 5126897664 bytes (4889.39 MB)
write base data version: 127300, memory: 5126897664 bytes (4889.39 MB)
write base data version: 127400, memory: 5126897664 bytes (4889.39 MB)
write base data version: 127500, memory: 5126897664 bytes (4889.39 MB)
write base data version: 127600, memory: 5126897664 bytes (4889.39 MB)
write base data version: 127700, memory: 5126897664 bytes (4889.39 MB)
write base data version: 127800, memory: 5126897664 bytes (4889.39 MB)
write base data version: 127900, memory: 5126897664 bytes (4889.39 MB)
write base data version: 128000, memory: 5126897664 bytes (4889.39 MB)
write base data version: 128100, memory: 5126897664 bytes (4889.39 MB)
write base data version: 128200, memory: 5126897664 bytes (4889.39 MB)
write base data version: 128300, memory: 5126897664 bytes (4889.39 MB)
write base data version: 128400, memory: 5126897664 bytes (4889.39 MB)
write base data version: 128500, memory: 5126897664 bytes (4889.39 MB)
write base data version: 128600, memory: 5126897664 bytes (4889.39 MB)
write base data version: 128700, memory: 5126897664 bytes (4889.39 MB)
write base data version: 128800, memory: 5126897664 bytes (4889.39 MB)
write base data version: 128900, memory: 5126897664 bytes (4889.39 MB)
write base data version: 129000, memory: 5126897664 bytes (4889.39 MB)
write base data version: 129100, memory: 5126897664 bytes (4889.39 MB)
write base data version: 129200, memory: 5126897664 bytes (4889.39 MB)
write base data version: 129300, memory: 5126897664 bytes (4889.39 MB)
write base data version: 129400, memory: 5126897664 bytes (4889.39 MB)
write base data version: 129500, memory: 5126897664 bytes (4889.39 MB)
write base data version: 129600, memory: 5126897664 bytes (4889.39 MB)
write base data version: 129700, memory: 5126897664 bytes (4889.39 MB)
write base data version: 129800, memory: 5126897664 bytes (4889.39 MB)
write base data version: 129900, memory: 5126897664 bytes (4889.39 MB)
write base data version: 130000, memory: 5126897664 bytes (4889.39 MB)
write base data version: 130100, memory: 5126897664 bytes (4889.39 MB)
write base data version: 130200, memory: 5126897664 bytes (4889.39 MB)
write base data version: 130300, memory: 5126897664 bytes (4889.39 MB)
write base data version: 130400, memory: 5126897664 bytes (4889.39 MB)
write base data version: 130500, memory: 5126897664 bytes (4889.39 MB)
write base data version: 130600, memory: 5126897664 bytes (4889.39 MB)
write base data version: 130700, memory: 5126897664 bytes (4889.39 MB)
write base data version: 130800, memory: 5126897664 bytes (4889.39 MB)
write base data version: 130900, memory: 5126897664 bytes (4889.39 MB)
write base data version: 131000, memory: 5126897664 bytes (4889.39 MB)
write base data version: 131100, memory: 5126897664 bytes (4889.39 MB)
write base data version: 131200, memory: 5126897664 bytes (4889.39 MB)
write base data version: 131300, memory: 5126897664 bytes (4889.39 MB)
write base data version: 131400, memory: 5126897664 bytes (4889.39 MB)
write base data version: 131500, memory: 5126897664 bytes (4889.39 MB)
write base data version: 131600, memory: 5126897664 bytes (4889.39 MB)
write base data version: 131700, memory: 5126897664 bytes (4889.39 MB)
write base data version: 131800, memory: 5126897664 bytes (4889.39 MB)
write base data version: 131900, memory: 5126897664 bytes (4889.39 MB)
write base data version: 132000, memory: 5126897664 bytes (4889.39 MB)
write base data version: 132100, memory: 5126897664 bytes (4889.39 MB)
write base data version: 132200, memory: 5126897664 bytes (4889.39 MB)
write base data version: 132300, memory: 5126897664 bytes (4889.39 MB)
write base data version: 132400, memory: 5126897664 bytes (4889.39 MB)
write base data version: 132500, memory: 5126897664 bytes (4889.39 MB)
write base data version: 132600, memory: 5126897664 bytes (4889.39 MB)
write base data version: 132700, memory: 5126897664 bytes (4889.39 MB)
write base data version: 132800, memory: 5126897664 bytes (4889.39 MB)
write base data version: 132900, memory: 5126897664 bytes (4889.39 MB)
write base data version: 133000, memory: 5126897664 bytes (4889.39 MB)
write base data version: 133100, memory: 5126897664 bytes (4889.39 MB)
write base data version: 133200, memory: 5126897664 bytes (4889.39 MB)
write base data version: 133300, memory: 5126897664 bytes (4889.39 MB)
write base data version: 133400, memory: 5126897664 bytes (4889.39 MB)
write base data version: 133500, memory: 5126897664 bytes (4889.39 MB)
write base data version: 133600, memory: 5126897664 bytes (4889.39 MB)
write base data version: 133700, memory: 5126897664 bytes (4889.39 MB)
write base data version: 133800, memory: 5126897664 bytes (4889.39 MB)
write base data version: 133900, memory: 5126897664 bytes (4889.39 MB)
write base data version: 134000, memory: 5126897664 bytes (4889.39 MB)
write base data version: 134100, memory: 5126897664 bytes (4889.39 MB)
write base data version: 134200, memory: 5126897664 bytes (4889.39 MB)
write base data version: 134300, memory: 5126897664 bytes (4889.39 MB)
write base data version: 134400, memory: 5126897664 bytes (4889.39 MB)
write base data version: 134500, memory: 5126897664 bytes (4889.39 MB)
write base data version: 134600, memory: 5126897664 bytes (4889.39 MB)
write base data version: 134700, memory: 5126897664 bytes (4889.39 MB)
write base data version: 134800, memory: 5126897664 bytes (4889.39 MB)
write base data version: 134900, memory: 5126897664 bytes (4889.39 MB)
write base data version: 135000, memory: 5126897664 bytes (4889.39 MB)
write base data version: 135100, memory: 5126897664 bytes (4889.39 MB)
write base data version: 135200, memory: 5126897664 bytes (4889.39 MB)
write base data version: 135300, memory: 5126897664 bytes (4889.39 MB)
