=== ledgerdb Scale Benchmark 运行日志 ===
开始时间: Tue Mar 17 03:22:29 PM CST 2026
脚本目录: /pcissd/cxy_test/vidb_project/LedgerDatabase/exps
========================================

[2026-03-17 15:22:29] [INFO] 运行默认测试模式...
[2026-03-17 15:22:29] [WARNING] 清理旧数据库数据...
[2026-03-17 15:22:29] [INFO] 启动基准测试...
=== 基准测试输出开始 ===
Benchmark Configuration:
  Write Batch Size: 10000 records
  Read Batch Size:  10000 records
  Key Length:       32 bytes
  Value Length:     512 bytes
  Database Directory: /pcissd/cxy_test/vidb_project/LedgerDatabase/exps/data/
  Result Directory:  /pcissd/cxy_test/vidb_project/LedgerDatabase/exps/results_ledgerdb/
  Result File:       /pcissd/cxy_test/vidb_project/LedgerDatabase/exps/results_ledgerdb/scaleBenchmark.csv

====================== Test Configuration =====================
Write Batch Size: 10000 records
Read Batch Size:  10000 records
Key Length:       32 bytes
Value Length:     512 bytes
Test Scales:      1000 → 10000 → 100000 → 1000000 → 10000000 → 100000000 → 1000000000
===============================================================

========== Starting Scale Benchmark ==========

========== Testing at data scale: 1000 ==========
Writing 1000 incremental records (keys: 1-1000, total: 1000)
tip block: 0----0
tip block: 0----1
Test Results: 
  Write Throughput: 7920.08 records/sec
  Read Throughput:  118171.48 records/sec
  Total Disk Usage: 12.74 MB
  Average Per Record: 13344.38 bytes
  Current Memory:   55.42 MB
  Peak Memory:      55.42 MB
  Memory Per Record: 58109.95 bytes

========== Testing at data scale: 10000 ==========
Writing 9000 incremental records (keys: 1001-10000, total: 10000)
tip block: 1----10
tip block: 10----11
Test Results: 
  Write Throughput: 7489.54 records/sec
  Read Throughput:  71521.33 records/sec
  Total Disk Usage: 37.17 MB
  Average Per Record: 3895.16 bytes
  Current Memory:   95.02 MB
  Peak Memory:      100.43 MB
  Memory Per Record: 9963.11 bytes

========== Testing at data scale: 100000 ==========
Writing 90000 incremental records (keys: 10001-100000, total: 100000)
tip block: 33----33
