=== qldb Scale Benchmark 运行日志 ===
开始时间: Tue Mar 17 09:53:59 AM CST 2026
脚本目录: /pcissd/cxy_test/vidb_project/LedgerDatabase/exps
========================================

[2026-03-17 09:53:59] [INFO] 运行默认测试模式...
[2026-03-17 09:53:59] [WARNING] 清理旧数据库数据...
[2026-03-17 09:54:00] [INFO] 启动基准测试...
=== 基准测试输出开始 ===
Benchmark Configuration:
  Write Batch Size: 10000 records
  Read Batch Size:  10000 records
  Key Length:       32 bytes
  Value Length:     512 bytes
  Database Directory: /pcissd/cxy_test/vidb_project/LedgerDatabase/exps/data/
  Result Directory:  /pcissd/cxy_test/vidb_project/LedgerDatabase/exps/results_qldb/
  Result File:       /pcissd/cxy_test/vidb_project/LedgerDatabase/exps/results_qldb/scaleBenchmark.csv

====================== Test Configuration =====================
Write Batch Size: 10000 records
Read Batch Size:  10000 records
Key Length:       32 bytes
Value Length:     512 bytes
Test Scales:      1000 → 10000 → 100000 → 1000000 → 10000000 → 100000000 → 1000000000
===============================================================

========== Starting Scale Benchmark ==========

========== Testing at data scale: 1000 ==========
Writing 1000 incremental records (keys: 1-1000, total: 1000)
tip block: 0----0
tip block: 0----0
Test Results: 
  Write Throughput: 26068.66 records/sec
  Read Throughput:  231031.85 records/sec
  Total Disk Usage: 10.09 MB
  Average Per Record: 10556.84 bytes

========== Testing at data scale: 10000 ==========
Writing 9000 incremental records (keys: 1001-10000, total: 10000)
tip block: 0----0
tip block: 0----0
Test Results: 
  Write Throughput: 18704.31 records/sec
  Read Throughput:  172058.96 records/sec
  Total Disk Usage: 45.22 MB
  Average Per Record: 4739.68 bytes

========== Testing at data scale: 100000 ==========
Writing 90000 incremental records (keys: 10001-100000, total: 100000)
tip block: 0----0
tip block: 0----0
Test Results: 
  Write Throughput: 12569.85 records/sec
  Read Throughput:  124575.02 records/sec
  Total Disk Usage: 252.29 MB
  Average Per Record: 2645.29 bytes

========== Testing at data scale: 1000000 ==========
Writing 900000 incremental records (keys: 100001-1000000, total: 1000000)
tip block: 0----0
tip block: 0----0
Test Results: 
  Write Throughput: 9066.62 records/sec
  Read Throughput:  95617.69 records/sec
  Total Disk Usage: 2227.15 MB
  Average Per Record: 2335.32 bytes

========== Testing at data scale: 10000000 ==========
Writing 9000000 incremental records (keys: 1000001-10000000, total: 10000000)
