=== ledgerdb Scale Benchmark 运行日志 ===
开始时间: Wed Mar 18 02:08:56 PM CST 2026
脚本目录: /pcissd/cxy_test/vidb_project/LedgerDatabase/exps
========================================

[2026-03-18 14:08:56] [INFO] 运行默认测试模式...
[2026-03-18 14:08:56] [INFO] 创建数据库目录: /pcissd/cxy_test/vidb_project/LedgerDatabase/exps/data/
[2026-03-18 14:08:56] [WARNING] 清理旧数据库数据...
[2026-03-18 14:08:56] [INFO] 启动基准测试...
=== 基准测试输出开始 ===
Benchmark Configuration:
  Write Batch Size: 10000 records
  Read Batch Size:  10000 records
  Key Length:       32 bytes
  Value Length:     512 bytes
  Database Directory: /pcissd/cxy_test/vidb_project/LedgerDatabase/exps/data/
  Result Directory:  /pcissd/cxy_test/vidb_project/LedgerDatabase/exps/results_ledgerdb/
  Result File:       /pcissd/cxy_test/vidb_project/LedgerDatabase/exps/results_ledgerdb/scaleBenchmark_20260318_140856.csv

====================== Test Configuration =====================
Write Batch Size: 10000 records
Read Batch Size:  10000 records
Key Length:       32 bytes
Value Length:     512 bytes
Test Scales:      1000 → 10000 → 100000 → 1000000 → 10000000 → 100000000 → 1000000000
===============================================================

========== Starting Scale Benchmark ==========

========== Testing at data scale: 1,000 ==========
Writing 1000 incremental records (keys: 1-1000, total: 1000)
tip block: 0----0
Test Results: 
tip block: 0----1
  Write Throughput: 7537.92 records/sec
  Read Throughput:  121792.95 records/sec
  Total Disk Usage: 12.74 MB
  Average Per Record: 13344.38 bytes
  Current Memory:   56.07 MB
  Peak Memory:      56.07 MB
  Memory Per Record: 58789.89 bytes

========== Testing at data scale: 10,000 ==========
Writing 9000 incremental records (keys: 1001-10000, total: 10000)
tip block: 1----10
Test Results: 
tip block: 10----11
  Write Throughput: 7707.46 records/sec
  Read Throughput:  91332.17 records/sec
  Total Disk Usage: 37.17 MB
  Average Per Record: 3895.16 bytes
  Current Memory:   95.62 MB
  Peak Memory:      100.99 MB
  Memory Per Record: 10027.01 bytes

========== Testing at data scale: 100,000 ==========
Writing 90000 incremental records (keys: 10001-100000, total: 100000)
write base data version: 100
tip block: 30----30
Test Results: 
tip block: 30----102
  Write Throughput: 1586.51 records/sec
  Read Throughput:  66720.35 records/sec
  Total Disk Usage: 165.10 MB
  Average Per Record: 1731.01 bytes
  Current Memory:   404.09 MB
  Peak Memory:      404.09 MB
  Memory Per Record: 4237.19 bytes

========== Testing at data scale: 1,000,000 ==========
Writing 900000 incremental records (keys: 100001-1000000, total: 1000000)
write base data version: 200
write base data version: 300
write base data version: 400
write base data version: 500
write base data version: 600
write base data version: 700
write base data version: 800
write base data version: 900
write base data version: 1000
tip block: 260----757
Test Results: 
tip block: 757----1003
  Write Throughput: 378.60 records/sec
  Read Throughput:  47449.50 records/sec
  Total Disk Usage: 1236.24 MB
  Average Per Record: 1296.27 bytes
  Current Memory:   2180.35 MB
  Peak Memory:      2180.35 MB
  Memory Per Record: 2286.26 bytes

========== Testing at data scale: 10,000,000 ==========
Writing 9000000 incremental records (keys: 1000001-10000000, total: 10000000)
write base data version: 1100
write base data version: 1200
write base data version: 1300
write base data version: 1400
write base data version: 1500
write base data version: 1600
write base data version: 1700
write base data version: 1800
write base data version: 1900
write base data version: 2000
write base data version: 2100
write base data version: 2200
write base data version: 2300
write base data version: 2400
write base data version: 2500
write base data version: 2600
write base data version: 2700
write base data version: 2800
write base data version: 2900
write base data version: 3000
write base data version: 3100
write base data version: 3200
write base data version: 3300
write base data version: 3400
write base data version: 3500
write base data version: 3600
write base data version: 3700
write base data version: 3800
write base data version: 3900
write base data version: 4000
write base data version: 4100
write base data version: 4200
write base data version: 4300
write base data version: 4400
write base data version: 4500
write base data version: 4600
write base data version: 4700
write base data version: 4800
write base data version: 4900
write base data version: 5000
write base data version: 5100
write base data version: 5200
write base data version: 5300
write base data version: 5400
write base data version: 5500
write base data version: 5600
write base data version: 5700
write base data version: 5800
write base data version: 5900
write base data version: 6000
write base data version: 6100
write base data version: 6200
write base data version: 6300
write base data version: 6400
write base data version: 6500
write base data version: 6600
write base data version: 6700
write base data version: 6800
write base data version: 6900
write base data version: 7000
write base data version: 7100
write base data version: 7200
write base data version: 7300
write base data version: 7400
write base data version: 7500
write base data version: 7600
write base data version: 7700
write base data version: 7800
write base data version: 7900
write base data version: 8000
write base data version: 8100
write base data version: 8200
write base data version: 8300
write base data version: 8400
write base data version: 8500
write base data version: 8600
write base data version: 8700
write base data version: 8800
write base data version: 8900
write base data version: 9000
write base data version: 9100
write base data version: 9200
write base data version: 9300
write base data version: 9400
write base data version: 9500
write base data version: 9600
write base data version: 9700
write base data version: 9800
write base data version: 9900
write base data version: 10000
tip block: 2244----7031
Test Results: 
tip block: 7031----10003
  Write Throughput: 26.62 records/sec
  Read Throughput:  31042.57 records/sec
  Total Disk Usage: 11379.10 MB
  Average Per Record: 1193.18 bytes
  Current Memory:   21054.43 MB
  Peak Memory:      21795.46 MB
  Memory Per Record: 2207.72 bytes

========== Testing at data scale: 100,000,000 ==========
Writing 90000000 incremental records (keys: 10000001-100000000, total: 100000000)
write base data version: 10100
write base data version: 10200
write base data version: 10300
write base data version: 10400
write base data version: 10500
write base data version: 10600
write base data version: 10700
write base data version: 10800
write base data version: 10900
write base data version: 11000
write base data version: 11100
write base data version: 11200
write base data version: 11300
write base data version: 11400
write base data version: 11500
write base data version: 11600
write base data version: 11700
write base data version: 11800
write base data version: 11900
write base data version: 12000
write base data version: 12100
write base data version: 12200
write base data version: 12300
write base data version: 12400
write base data version: 12500
write base data version: 12600
write base data version: 12700
write base data version: 12800
write base data version: 12900
write base data version: 13000
write base data version: 13100
write base data version: 13200
write base data version: 13300
write base data version: 13400
write base data version: 13500
write base data version: 13600
write base data version: 13700
write base data version: 13800
write base data version: 13900
write base data version: 14000
write base data version: 14100
write base data version: 14200
write base data version: 14300
write base data version: 14400
write base data version: 14500
write base data version: 14600
write base data version: 14700
write base data version: 14800
write base data version: 14900
write base data version: 15000
write base data version: 15100
write base data version: 15200
write base data version: 15300
write base data version: 15400
write base data version: 15500
write base data version: 15600
write base data version: 15700
write base data version: 15800
write base data version: 15900
write base data version: 16000
write base data version: 16100
write base data version: 16200
write base data version: 16300
write base data version: 16400
write base data version: 16500
write base data version: 16600
write base data version: 16700
write base data version: 16800
write base data version: 16900
write base data version: 17000
write base data version: 17100
write base data version: 17200
write base data version: 17300
write base data version: 17400
write base data version: 17500
write base data version: 17600
write base data version: 17700
write base data version: 17800
write base data version: 17900
write base data version: 18000
write base data version: 18100
write base data version: 18200
write base data version: 18300
write base data version: 18400
write base data version: 18500
write base data version: 18600
write base data version: 18700
write base data version: 18800
write base data version: 18900
write base data version: 19000
write base data version: 19100
write base data version: 19200
write base data version: 19300
write base data version: 19400
write base data version: 19500
write base data version: 19600
write base data version: 19700
write base data version: 19800
write base data version: 19900
write base data version: 20000
write base data version: 20100
write base data version: 20200
write base data version: 20300
write base data version: 20400
write base data version: 20500
write base data version: 20600
write base data version: 20700
write base data version: 20800
write base data version: 20900
write base data version: 21000
write base data version: 21100
write base data version: 21200
write base data version: 21300
write base data version: 21400
write base data version: 21500
write base data version: 21600
write base data version: 21700
write base data version: 21800
write base data version: 21900
write base data version: 22000
write base data version: 22100
write base data version: 22200
write base data version: 22300
write base data version: 22400
write base data version: 22500
write base data version: 22600
write base data version: 22700
write base data version: 22800
write base data version: 22900
write base data version: 23000
write base data version: 23100
write base data version: 23200
write base data version: 23300
write base data version: 23400
write base data version: 23500
write base data version: 23600
write base data version: 23700
write base data version: 23800
write base data version: 23900
write base data version: 24000
write base data version: 24100
write base data version: 24200
write base data version: 24300
write base data version: 24400
write base data version: 24500
write base data version: 24600
write base data version: 24700
write base data version: 24800
write base data version: 24900
write base data version: 25000
write base data version: 25100
write base data version: 25200
write base data version: 25300
write base data version: 25400
write base data version: 25500
write base data version: 25600
write base data version: 25700
write base data version: 25800
write base data version: 25900
write base data version: 26000
write base data version: 26100
write base data version: 26200
write base data version: 26300
write base data version: 26400
write base data version: 26500
write base data version: 26600
write base data version: 26700
write base data version: 26800
write base data version: 26900
write base data version: 27000
write base data version: 27100
write base data version: 27200
write base data version: 27300
write base data version: 27400
write base data version: 27500
write base data version: 27600
write base data version: 27700
write base data version: 27800
write base data version: 27900
write base data version: 28000
write base data version: 28100
write base data version: 28200
write base data version: 28300
write base data version: 28400
write base data version: 28500
write base data version: 28600
write base data version: 28700
write base data version: 28800
write base data version: 28900
write base data version: 29000
write base data version: 29100
write base data version: 29200
write base data version: 29300
write base data version: 29400
write base data version: 29500
write base data version: 29600
write base data version: 29700
write base data version: 29800
write base data version: 29900
write base data version: 30000
write base data version: 30100
write base data version: 30200
write base data version: 30300
write base data version: 30400
write base data version: 30500
write base data version: 30600
write base data version: 30700
write base data version: 30800
write base data version: 30900
write base data version: 31000
write base data version: 31100
write base data version: 31200
write base data version: 31300
write base data version: 31400
write base data version: 31500
write base data version: 31600
write base data version: 31700
write base data version: 31800
write base data version: 31900
write base data version: 32000
write base data version: 32100
write base data version: 32200
write base data version: 32300
write base data version: 32400
write base data version: 32500
write base data version: 32600
write base data version: 32700
write base data version: 32800
write base data version: 32900
write base data version: 33000
write base data version: 33100
write base data version: 33200
write base data version: 33300
write base data version: 33400
write base data version: 33500
write base data version: 33600
write base data version: 33700
write base data version: 33800
write base data version: 33900
write base data version: 34000
write base data version: 34100
write base data version: 34200
write base data version: 34300
write base data version: 34400
write base data version: 34500
write base data version: 34600
write base data version: 34700
write base data version: 34800
write base data version: 34900
write base data version: 35000
write base data version: 35100
write base data version: 35200
write base data version: 35300
write base data version: 35400
write base data version: 35500
write base data version: 35600
write base data version: 35700
write base data version: 35800
write base data version: 35900
write base data version: 36000
write base data version: 36100
write base data version: 36200
write base data version: 36300
write base data version: 36400
write base data version: 36500
write base data version: 36600
write base data version: 36700
write base data version: 36800
write base data version: 36900
write base data version: 37000
write base data version: 37100
write base data version: 37200
write base data version: 37300
write base data version: 37400
write base data version: 37500
write base data version: 37600
write base data version: 37700
write base data version: 37800
write base data version: 37900
write base data version: 38000
write base data version: 38100
write base data version: 38200
write base data version: 38300
write base data version: 38400
write base data version: 38500
write base data version: 38600
write base data version: 38700
write base data version: 38800
write base data version: 38900
write base data version: 39000
write base data version: 39100
write base data version: 39200
write base data version: 39300
write base data version: 39400
write base data version: 39500
write base data version: 39600
write base data version: 39700
write base data version: 39800
write base data version: 39900
write base data version: 40000
write base data version: 40100
write base data version: 40200
write base data version: 40300
write base data version: 40400
write base data version: 40500
write base data version: 40600
write base data version: 40700
write base data version: 40800
write base data version: 40900
write base data version: 41000
write base data version: 41100
write base data version: 41200
write base data version: 41300
write base data version: 41400
write base data version: 41500
write base data version: 41600
write base data version: 41700
write base data version: 41800
write base data version: 41900
write base data version: 42000
write base data version: 42100
write base data version: 42200
write base data version: 42300
write base data version: 42400
write base data version: 42500
write base data version: 42600
write base data version: 42700
write base data version: 42800
write base data version: 42900
write base data version: 43000
write base data version: 43100
write base data version: 43200
write base data version: 43300
write base data version: 43400
write base data version: 43500
write base data version: 43600
write base data version: 43700
write base data version: 43800
write base data version: 43900
write base data version: 44000
write base data version: 44100
write base data version: 44200
write base data version: 44300
write base data version: 44400
write base data version: 44500
write base data version: 44600
write base data version: 44700
write base data version: 44800
write base data version: 44900
write base data version: 45000
write base data version: 45100
write base data version: 45200
write base data version: 45300
write base data version: 45400
write base data version: 45500
write base data version: 45600
write base data version: 45700
write base data version: 45800
write base data version: 45900
write base data version: 46000
write base data version: 46100
write base data version: 46200
write base data version: 46300
write base data version: 46400
write base data version: 46500
write base data version: 46600
write base data version: 46700
write base data version: 46800
write base data version: 46900
write base data version: 47000
write base data version: 47100
write base data version: 47200
write base data version: 47300
write base data version: 47400
write base data version: 47500
write base data version: 47600
write base data version: 47700
write base data version: 47800
write base data version: 47900
write base data version: 48000
write base data version: 48100
write base data version: 48200
write base data version: 48300
write base data version: 48400
write base data version: 48500
write base data version: 48600
write base data version: 48700
write base data version: 48800
write base data version: 48900
write base data version: 49000
write base data version: 49100
write base data version: 49200
write base data version: 49300
write base data version: 49400
write base data version: 49500
write base data version: 49600
write base data version: 49700
write base data version: 49800
write base data version: 49900
write base data version: 50000
write base data version: 50100
write base data version: 50200
write base data version: 50300
write base data version: 50400
write base data version: 50500
write base data version: 50600
write base data version: 50700
write base data version: 50800
write base data version: 50900
write base data version: 51000
write base data version: 51100
write base data version: 51200
write base data version: 51300
write base data version: 51400
write base data version: 51500
write base data version: 51600
write base data version: 51700
write base data version: 51800
write base data version: 51900
write base data version: 52000
write base data version: 52100
write base data version: 52200
write base data version: 52300
write base data version: 52400
write base data version: 52500
write base data version: 52600
write base data version: 52700
write base data version: 52800
write base data version: 52900
write base data version: 53000
write base data version: 53100
write base data version: 53200
write base data version: 53300
write base data version: 53400
write base data version: 53500
write base data version: 53600
write base data version: 53700
write base data version: 53800
write base data version: 53900
write base data version: 54000
write base data version: 54100
write base data version: 54200
write base data version: 54300
write base data version: 54400
write base data version: 54500
write base data version: 54600
write base data version: 54700
write base data version: 54800
write base data version: 54900
write base data version: 55000
write base data version: 55100
write base data version: 55200
write base data version: 55300
write base data version: 55400
write base data version: 55500
write base data version: 55600
write base data version: 55700
write base data version: 55800
write base data version: 55900
write base data version: 56000
write base data version: 56100
write base data version: 56200
write base data version: 56300
write base data version: 56400
write base data version: 56500
write base data version: 56600
write base data version: 56700
write base data version: 56800
write base data version: 56900
write base data version: 57000
write base data version: 57100
write base data version: 57200
write base data version: 57300
write base data version: 57400
write base data version: 57500
write base data version: 57600
write base data version: 57700
write base data version: 57800
write base data version: 57900
write base data version: 58000
write base data version: 58100
write base data version: 58200
write base data version: 58300
write base data version: 58400
write base data version: 58500
write base data version: 58600
write base data version: 58700
write base data version: 58800
write base data version: 58900
write base data version: 59000
write base data version: 59100
write base data version: 59200
write base data version: 59300
write base data version: 59400
write base data version: 59500
write base data version: 59600
write base data version: 59700
write base data version: 59800
write base data version: 59900
write base data version: 60000
write base data version: 60100
write base data version: 60200
write base data version: 60300
write base data version: 60400
write base data version: 60500
write base data version: 60600
write base data version: 60700
write base data version: 60800
write base data version: 60900
write base data version: 61000
write base data version: 61100
write base data version: 61200
write base data version: 61300
write base data version: 61400
write base data version: 61500
write base data version: 61600
write base data version: 61700
write base data version: 61800
write base data version: 61900
write base data version: 62000
write base data version: 62100
write base data version: 62200
write base data version: 62300
write base data version: 62400
write base data version: 62500
write base data version: 62600
write base data version: 62700
write base data version: 62800
write base data version: 62900
write base data version: 63000
write base data version: 63100
write base data version: 63200
write base data version: 63300
write base data version: 63400
write base data version: 63500
write base data version: 63600
write base data version: 63700
write base data version: 63800
write base data version: 63900
write base data version: 64000
write base data version: 64100
write base data version: 64200
write base data version: 64300
write base data version: 64400
write base data version: 64500
write base data version: 64600
write base data version: 64700
write base data version: 64800
write base data version: 64900
write base data version: 65000
write base data version: 65100
write base data version: 65200
write base data version: 65300
write base data version: 65400
write base data version: 65500
write base data version: 65600
write base data version: 65700
write base data version: 65800
write base data version: 65900
write base data version: 66000
write base data version: 66100
write base data version: 66200
write base data version: 66300
write base data version: 66400
write base data version: 66500
write base data version: 66600
write base data version: 66700
write base data version: 66800
write base data version: 66900
write base data version: 67000
write base data version: 67100
write base data version: 67200
write base data version: 67300
write base data version: 67400
write base data version: 67500
write base data version: 67600
write base data version: 67700
write base data version: 67800
write base data version: 67900
write base data version: 68000
write base data version: 68100
write base data version: 68200
write base data version: 68300
write base data version: 68400
write base data version: 68500
write base data version: 68600
write base data version: 68700
write base data version: 68800
write base data version: 68900
write base data version: 69000
write base data version: 69100
write base data version: 69200
write base data version: 69300
write base data version: 69400
write base data version: 69500
write base data version: 69600
write base data version: 69700
write base data version: 69800
write base data version: 69900
write base data version: 70000
write base data version: 70100
write base data version: 70200
write base data version: 70300
write base data version: 70400
write base data version: 70500
write base data version: 70600
write base data version: 70700
write base data version: 70800
write base data version: 70900
write base data version: 71000
write base data version: 71100
write base data version: 71200
write base data version: 71300
write base data version: 71400
write base data version: 71500
write base data version: 71600
write base data version: 71700
write base data version: 71800
write base data version: 71900
write base data version: 72000
write base data version: 72100
write base data version: 72200
write base data version: 72300
write base data version: 72400
write base data version: 72500
write base data version: 72600
write base data version: 72700
write base data version: 72800
write base data version: 72900
write base data version: 73000
write base data version: 73100
write base data version: 73200
write base data version: 73300
write base data version: 73400
write base data version: 73500
write base data version: 73600
write base data version: 73700
write base data version: 73800
write base data version: 73900
write base data version: 74000
write base data version: 74100
write base data version: 74200
write base data version: 74300
write base data version: 74400
write base data version: 74500
write base data version: 74600
write base data version: 74700
write base data version: 74800
write base data version: 74900
write base data version: 75000
write base data version: 75100
write base data version: 75200
write base data version: 75300
write base data version: 75400
write base data version: 75500
write base data version: 75600
write base data version: 75700
write base data version: 75800
write base data version: 75900
write base data version: 76000
write base data version: 76100
write base data version: 76200
write base data version: 76300
write base data version: 76400
write base data version: 76500
write base data version: 76600
write base data version: 76700
write base data version: 76800
write base data version: 76900
write base data version: 77000
write base data version: 77100
write base data version: 77200
write base data version: 77300
write base data version: 77400
write base data version: 77500
write base data version: 77600
write base data version: 77700
write base data version: 77800
write base data version: 77900
write base data version: 78000
write base data version: 78100
write base data version: 78200
write base data version: 78300
write base data version: 78400
write base data version: 78500
write base data version: 78600
write base data version: 78700
write base data version: 78800
write base data version: 78900
write base data version: 79000
write base data version: 79100
write base data version: 79200
write base data version: 79300
write base data version: 79400
write base data version: 79500
write base data version: 79600
write base data version: 79700
write base data version: 79800
write base data version: 79900
write base data version: 80000
write base data version: 80100
write base data version: 80200
write base data version: 80300
write base data version: 80400
write base data version: 80500
write base data version: 80600
write base data version: 80700
write base data version: 80800
write base data version: 80900
write base data version: 81000
write base data version: 81100
write base data version: 81200
write base data version: 81300
write base data version: 81400
write base data version: 81500
write base data version: 81600
write base data version: 81700
write base data version: 81800
write base data version: 81900
write base data version: 82000
write base data version: 82100
write base data version: 82200
write base data version: 82300
write base data version: 82400
write base data version: 82500
write base data version: 82600
write base data version: 82700
write base data version: 82800
write base data version: 82900
write base data version: 83000
write base data version: 83100
write base data version: 83200
write base data version: 83300
write base data version: 83400
write base data version: 83500
write base data version: 83600
write base data version: 83700
write base data version: 83800
write base data version: 83900
write base data version: 84000
write base data version: 84100
write base data version: 84200
write base data version: 84300
write base data version: 84400
write base data version: 84500
write base data version: 84600
write base data version: 84700
write base data version: 84800
write base data version: 84900
write base data version: 85000
write base data version: 85100
write base data version: 85200
write base data version: 85300
write base data version: 85400
write base data version: 85500
write base data version: 85600
write base data version: 85700
write base data version: 85800
write base data version: 85900
write base data version: 86000
write base data version: 86100
write base data version: 86200
write base data version: 86300
write base data version: 86400
write base data version: 86500
write base data version: 86600
write base data version: 86700
write base data version: 86800
write base data version: 86900
write base data version: 87000
write base data version: 87100
write base data version: 87200
write base data version: 87300
write base data version: 87400
write base data version: 87500
write base data version: 87600
write base data version: 87700
write base data version: 87800
write base data version: 87900
write base data version: 88000
write base data version: 88100
write base data version: 88200
write base data version: 88300
write base data version: 88400
write base data version: 88500
write base data version: 88600
write base data version: 88700
write base data version: 88800
write base data version: 88900
write base data version: 89000
write base data version: 89100
write base data version: 89200
write base data version: 89300
write base data version: 89400
write base data version: 89500
write base data version: 89600
write base data version: 89700
write base data version: 89800
write base data version: 89900
write base data version: 90000
write base data version: 90100
write base data version: 90200
write base data version: 90300
write base data version: 90400
write base data version: 90500
write base data version: 90600
write base data version: 90700
write base data version: 90800
write base data version: 90900
write base data version: 91000
write base data version: 91100
write base data version: 91200
write base data version: 91300
write base data version: 91400
write base data version: 91500
write base data version: 91600
write base data version: 91700
write base data version: 91800
write base data version: 91900
write base data version: 92000
write base data version: 92100
write base data version: 92200
write base data version: 92300
write base data version: 92400
write base data version: 92500
write base data version: 92600
write base data version: 92700
write base data version: 92800
write base data version: 92900
write base data version: 93000
write base data version: 93100
write base data version: 93200
write base data version: 93300
write base data version: 93400
write base data version: 93500
write base data version: 93600
write base data version: 93700
write base data version: 93800
write base data version: 93900
write base data version: 94000
write base data version: 94100
write base data version: 94200
write base data version: 94300
write base data version: 94400
write base data version: 94500
write base data version: 94600
write base data version: 94700
write base data version: 94800
write base data version: 94900
write base data version: 95000
write base data version: 95100
write base data version: 95200
write base data version: 95300
write base data version: 95400
write base data version: 95500
write base data version: 95600
write base data version: 95700
write base data version: 95800
write base data version: 95900
write base data version: 96000
write base data version: 96100
write base data version: 96200
write base data version: 96300
write base data version: 96400
write base data version: 96500
write base data version: 96600
write base data version: 96700
write base data version: 96800
write base data version: 96900
write base data version: 97000
write base data version: 97100
write base data version: 97200
write base data version: 97300
write base data version: 97400
write base data version: 97500
write base data version: 97600
write base data version: 97700
write base data version: 97800
write base data version: 97900
write base data version: 98000
write base data version: 98100
write base data version: 98200
write base data version: 98300
write base data version: 98400
write base data version: 98500
write base data version: 98600
write base data version: 98700
write base data version: 98800
write base data version: 98900
write base data version: 99000
write base data version: 99100
write base data version: 99200
write base data version: 99300
write base data version: 99400
write base data version: 99500
write base data version: 99600
write base data version: 99700
write base data version: 99800
write base data version: 99900
write base data version: 100000
tip block: 12913----26714
Test Results: 
